---
source: src/tests/integration/mod.rs
expression: output

---
   \documentclass{standalone}
            \usepackage{pgf, tikz}
            \usetikzlibrary{arrows, automata}
            \begin{document}
                \begin{tikzpicture}
                    [node distance=3cm]
                    \tikzstyle{every state}=[
                        draw = black,
                        thick,
                        fill = white,
                        minimum size = 4mm
                    ]

                    \node[circle,fill,inner sep=1pt,label=left:$\%1$] (267) at (2, 20) { };
\node[circle,fill,inner sep=1pt,label=left:$\%1$] (266) at (2, 10) { };
\node[circle,fill,inner sep=1pt,label=left:$\%3$] (265) at (4, 20) { };
\node[circle,fill,inner sep=1pt,label=left:$\%3$] (264) at (4, 10) { };
\node[circle,fill,inner sep=1pt,label=left:$\%1$] (263) at (2, 19) { };
\node[circle,fill,inner sep=1pt,label=left:$\%1$] (262) at (2, 9) { };
\node[circle,fill,inner sep=1pt,label=left:$\%3$] (261) at (4, 19) { };
\node[circle,fill,inner sep=1pt,label=left:$\%3$] (260) at (4, 9) { };
\node[circle,fill,inner sep=1pt,label=left:$\%1$] (259) at (2, 18) { };
\node[circle,fill,inner sep=1pt,label=left:$\%1$] (258) at (2, 8) { };
\node[circle,fill,inner sep=1pt,label=left:$\%3$] (257) at (4, 18) { };
\node[circle,fill,inner sep=1pt,label=left:$\%3$] (256) at (4, 8) { };
\node[circle,fill,inner sep=1pt,label=left:$\%1$] (255) at (2, 17) { };
\node[circle,fill,inner sep=1pt,label=left:$\%1$] (254) at (2, 7) { };
\node[circle,fill,inner sep=1pt,label=left:$\%3$] (253) at (4, 17) { };
\node[circle,fill,inner sep=1pt,label=left:$\%3$] (252) at (4, 7) { };
\node[circle,fill,inner sep=1pt,label=left:$\%1$] (251) at (2, 20) { };
\node[circle,fill,inner sep=1pt,label=left:$\%1$] (250) at (2, 10) { };
\node[circle,fill,inner sep=1pt,label=left:$\%3$] (249) at (4, 20) { };
\node[circle,fill,inner sep=1pt,label=left:$\%3$] (248) at (4, 10) { };
\node[circle,fill,inner sep=1pt,label=left:$\%1$] (247) at (2, 6) { };
\node[circle,fill,inner sep=1pt,label=left:$\%3$] (246) at (4, 6) { };
\node[circle,fill,inner sep=1pt,label=left:$\%1$] (245) at (2, 19) { };
\node[circle,fill,inner sep=1pt,label=left:$\%1$] (244) at (2, 9) { };
\node[circle,fill,inner sep=1pt,label=left:$\%3$] (243) at (4, 19) { };
\node[circle,fill,inner sep=1pt,label=left:$\%3$] (242) at (4, 9) { };
\node[circle,fill,inner sep=1pt,label=left:$\%0$] (241) at (1, 5) { };
\node[circle,fill,inner sep=1pt,label=left:$\%1$] (240) at (2, 5) { };
\node[circle,fill,inner sep=1pt,label=left:$\%1$] (239) at (2, 18) { };
\node[circle,fill,inner sep=1pt,label=left:$\%1$] (238) at (2, 8) { };
\node[circle,fill,inner sep=1pt,label=left:$\%3$] (237) at (4, 18) { };
\node[circle,fill,inner sep=1pt,label=left:$\%3$] (236) at (4, 8) { };
\node[circle,fill,inner sep=1pt,label=left:$\%0$] (235) at (1, 4) { };
\node[circle,fill,inner sep=1pt,label=left:$\%1$] (234) at (2, 4) { };
\node[circle,fill,inner sep=1pt,label=left:$\%1$] (233) at (2, 17) { };
\node[circle,fill,inner sep=1pt,label=left:$\%1$] (232) at (2, 7) { };
\node[circle,fill,inner sep=1pt,label=left:$\%3$] (231) at (4, 17) { };
\node[circle,fill,inner sep=1pt,label=left:$\%3$] (230) at (4, 7) { };
\node[circle,fill,inner sep=1pt,label=left:$\%0$] (229) at (1, 3) { };
\node[circle,fill,inner sep=1pt,label=left:$\%1$] (228) at (2, 6) { };
\node[circle,fill,inner sep=1pt,label=left:$\%3$] (227) at (4, 6) { };
\node[circle,fill,inner sep=1pt,label=left:$taut$] (226) at (0, 4) { };
\node[circle,fill,inner sep=1pt,label=left:$\%0$] (225) at (1, 2) { };
\node[circle,fill,inner sep=1pt,label=left:$\%1$] (224) at (2, 5) { };
\node[circle,fill,inner sep=1pt,label=left:$taut$] (223) at (0, 4) { };
\node[circle,fill,inner sep=1pt,label=left:$taut$] (222) at (0, 4) { };
\node[circle,fill,inner sep=1pt,label=left:$taut$] (221) at (0, 3) { };
\node[circle,fill,inner sep=1pt,label=left:$taut$] (220) at (0, 3) { };
\node[circle,fill,inner sep=1pt,label=left:$taut$] (219) at (0, 2) { };
\node[circle,fill,inner sep=1pt,label=left:$taut$] (216) at (0, 49) { };
\node[circle,fill,inner sep=1pt,label=left:$taut$] (215) at (0, 48) { };
\node[circle,fill,inner sep=1pt,label=left:$taut$] (214) at (0, 47) { };
\node[circle,fill,inner sep=1pt,label=left:$taut$] (213) at (0, 46) { };
\node[circle,fill,inner sep=1pt,label=left:$taut$] (212) at (0, 45) { };
\node[circle,fill,inner sep=1pt,label=left:$taut$] (211) at (0, 44) { };
\node[circle,fill,inner sep=1pt,label=left:$taut$] (210) at (0, 42) { };
\node[circle,fill,inner sep=1pt,label=left:$taut$] (209) at (0, 41) { };
\node[circle,fill,inner sep=1pt,label=left:$taut$] (208) at (0, 40) { };
\node[circle,fill,inner sep=1pt,label=left:$taut$] (207) at (0, 39) { };
\node[circle,fill,inner sep=1pt,label=left:$taut$] (206) at (0, 38) { };
\node[circle,fill,inner sep=1pt,label=left:$taut$] (205) at (0, 37) { };
\node[circle,fill,inner sep=1pt,label=left:$taut$] (204) at (0, 36) { };
\node[circle,fill,inner sep=1pt,label=left:$taut$] (203) at (0, 35) { };
\node[circle,fill,inner sep=1pt,label=left:$taut$] (202) at (0, 34) { };
\node[circle,fill,inner sep=1pt,label=left:$taut$] (201) at (0, 33) { };
\node[circle,fill,inner sep=1pt,label=left:$taut$] (200) at (0, 32) { };
\node[circle,fill,inner sep=1pt,label=left:$taut$] (199) at (0, 31) { };
\node[circle,fill,inner sep=1pt,label=left:$taut$] (198) at (0, 30) { };
\node[circle,fill,inner sep=1pt,label=left:$taut$] (197) at (0, 29) { };
\node[circle,fill,inner sep=1pt,label=left:$taut$] (196) at (0, 28) { };
\node[circle,fill,inner sep=1pt,label=left:$taut$] (195) at (0, 49) { };
\node[circle,fill,inner sep=1pt,label=left:$taut$] (194) at (0, 48) { };
\node[circle,fill,inner sep=1pt,label=left:$taut$] (193) at (0, 47) { };
\node[circle,fill,inner sep=1pt,label=left:$taut$] (192) at (0, 46) { };
\node[circle,fill,inner sep=1pt,label=left:$taut$] (191) at (0, 45) { };
\node[circle,fill,inner sep=1pt,label=left:$taut$] (190) at (0, 44) { };
\node[circle,fill,inner sep=1pt,label=left:$taut$] (189) at (0, 43) { };
\node[circle,fill,inner sep=1pt,label=left:$taut$] (188) at (0, 42) { };
\node[circle,fill,inner sep=1pt,label=left:$taut$] (187) at (0, 41) { };
\node[circle,fill,inner sep=1pt,label=left:$taut$] (186) at (0, 40) { };
\node[circle,fill,inner sep=1pt,label=left:$taut$] (185) at (0, 39) { };
\node[circle,fill,inner sep=1pt,label=left:$taut$] (184) at (0, 38) { };
\node[circle,fill,inner sep=1pt,label=left:$taut$] (183) at (0, 37) { };
\node[circle,fill,inner sep=1pt,label=left:$taut$] (182) at (0, 36) { };
\node[circle,fill,inner sep=1pt,label=left:$taut$] (181) at (0, 35) { };
\node[circle,fill,inner sep=1pt,label=left:$taut$] (180) at (0, 34) { };
\node[circle,fill,inner sep=1pt,label=left:$taut$] (179) at (0, 33) { };
\node[circle,fill,inner sep=1pt,label=left:$taut$] (178) at (0, 32) { };
\node[circle,fill,inner sep=1pt,label=left:$taut$] (177) at (0, 31) { };
\node[circle,fill,inner sep=1pt,label=left:$taut$] (176) at (0, 30) { };
\node[circle,fill,inner sep=1pt,label=left:$taut$] (175) at (0, 29) { };
\node[circle,fill,inner sep=1pt,label=left:$taut$] (174) at (0, 28) { };
\node[circle,fill,inner sep=1pt,label=left:$taut$] (173) at (0, 27) { };
\node[circle,fill,inner sep=1pt,label=left:$taut$] (172) at (0, 26) { };
\node[circle,fill,inner sep=1pt,label=left:$taut$] (171) at (0, 25) { };
\node[circle,fill,inner sep=1pt,label=left:$taut$] (170) at (0, 24) { };
\node[circle,fill,inner sep=1pt,label=left:$taut$] (169) at (0, 23) { };
\node[circle,fill,inner sep=1pt,label=left:$taut$] (168) at (0, 22) { };
\node[circle,fill,inner sep=1pt,label=left:$taut$] (167) at (0, 21) { };
\node[circle,fill,inner sep=1pt,label=left:$taut$] (166) at (0, 20) { };
\node[circle,fill,inner sep=1pt,label=left:$taut$] (165) at (0, 19) { };
\node[circle,fill,inner sep=1pt,label=left:$taut$] (164) at (0, 18) { };
\node[circle,fill,inner sep=1pt,label=left:$taut$] (163) at (0, 17) { };
\node[circle,fill,inner sep=1pt,label=left:$taut$] (162) at (0, 16) { };
\node[circle,fill,inner sep=1pt,label=left:$taut$] (161) at (0, 15) { };
\node[circle,fill,inner sep=1pt,label=left:$taut$] (160) at (0, 14) { };
\node[circle,fill,inner sep=1pt,label=left:$taut$] (159) at (0, 13) { };
\node[circle,fill,inner sep=1pt,label=left:$taut$] (158) at (0, 12) { };
\node[circle,fill,inner sep=1pt,label=left:$taut$] (157) at (0, 11) { };
\node[circle,fill,inner sep=1pt,label=left:$taut$] (156) at (0, 10) { };
\node[circle,fill,inner sep=1pt,label=left:$taut$] (155) at (0, 9) { };
\node[circle,fill,inner sep=1pt,label=left:$taut$] (154) at (0, 8) { };
\node[circle,fill,inner sep=1pt,label=left:$taut$] (153) at (0, 7) { };
\node[circle,fill,inner sep=1pt,label=left:$taut$] (152) at (0, 6) { };
\node[circle,fill,inner sep=1pt,label=left:$taut$] (151) at (0, 5) { };
\node[circle,fill,inner sep=1pt,label=left:$taut$] (150) at (0, 4) { };
\node[circle,fill,inner sep=1pt,label=left:$taut$] (149) at (0, 3) { };
\node[circle,fill,inner sep=1pt,label=left:$taut$] (148) at (0, 2) { };
\node[circle,fill,inner sep=1pt,label=left:$taut$] (147) at (0, 1) { };
\node[circle,fill,inner sep=1pt,label=left:$taut$] (146) at (0, 0) { };
\node[circle,fill,inner sep=1pt,label=left:$taut$] (145) at (0, 23) { };
\node[circle,fill,inner sep=1pt,label=left:$taut$] (144) at (0, 49) { };
\node[circle,fill,inner sep=1pt,label=left:$taut$] (143) at (0, 48) { };
\node[circle,fill,inner sep=1pt,label=left:$taut$] (142) at (0, 47) { };
\node[circle,fill,inner sep=1pt,label=left:$taut$] (141) at (0, 46) { };
\node[circle,fill,inner sep=1pt,label=left:$taut$] (140) at (0, 45) { };
\node[circle,fill,inner sep=1pt,label=left:$taut$] (139) at (0, 44) { };
\node[circle,fill,inner sep=1pt,label=left:$taut$] (138) at (0, 43) { };
\node[circle,fill,inner sep=1pt,label=left:$taut$] (137) at (0, 42) { };
\node[circle,fill,inner sep=1pt,label=left:$taut$] (136) at (0, 41) { };
\node[circle,fill,inner sep=1pt,label=left:$taut$] (135) at (0, 40) { };
\node[circle,fill,inner sep=1pt,label=left:$taut$] (134) at (0, 39) { };
\node[circle,fill,inner sep=1pt,label=left:$taut$] (133) at (0, 38) { };
\node[circle,fill,inner sep=1pt,label=left:$taut$] (132) at (0, 37) { };
\node[circle,fill,inner sep=1pt,label=left:$taut$] (131) at (0, 36) { };
\node[circle,fill,inner sep=1pt,label=left:$taut$] (130) at (0, 35) { };
\node[circle,fill,inner sep=1pt,label=left:$taut$] (129) at (0, 34) { };
\node[circle,fill,inner sep=1pt,label=left:$taut$] (128) at (0, 33) { };
\node[circle,fill,inner sep=1pt,label=left:$taut$] (127) at (0, 32) { };
\node[circle,fill,inner sep=1pt,label=left:$taut$] (126) at (0, 31) { };
\node[circle,fill,inner sep=1pt,label=left:$taut$] (125) at (0, 30) { };
\node[circle,fill,inner sep=1pt,label=left:$taut$] (124) at (0, 29) { };
\node[circle,fill,inner sep=1pt,label=left:$taut$] (123) at (0, 28) { };
\node[circle,fill,inner sep=1pt,label=left:$taut$] (122) at (0, 27) { };
\node[circle,fill,inner sep=1pt,label=left:$taut$] (121) at (0, 26) { };
\node[circle,fill,inner sep=1pt,label=left:$taut$] (120) at (0, 25) { };
\node[circle,fill,inner sep=1pt,label=left:$taut$] (119) at (0, 24) { };
\node[circle,fill,inner sep=1pt,label=left:$taut$] (118) at (0, 23) { };
\node[circle,fill,inner sep=1pt,label=left:$taut$] (117) at (0, 22) { };
\node[circle,fill,inner sep=1pt,label=left:$taut$] (116) at (0, 21) { };
\node[circle,fill,inner sep=1pt,label=left:$taut$] (115) at (0, 20) { };
\node[circle,fill,inner sep=1pt,label=left:$taut$] (114) at (0, 19) { };
\node[circle,fill,inner sep=1pt,label=left:$taut$] (113) at (0, 18) { };
\node[circle,fill,inner sep=1pt,label=left:$taut$] (112) at (0, 17) { };
\node[circle,fill,inner sep=1pt,label=left:$taut$] (111) at (0, 16) { };
\node[circle,fill,inner sep=1pt,label=left:$taut$] (110) at (0, 15) { };
\node[circle,fill,inner sep=1pt,label=left:$taut$] (109) at (0, 14) { };
\node[circle,fill,inner sep=1pt,label=left:$taut$] (108) at (0, 13) { };
\node[circle,fill,inner sep=1pt,label=left:$taut$] (107) at (0, 12) { };
\node[circle,fill,inner sep=1pt,label=left:$taut$] (106) at (0, 11) { };
\node[circle,fill,inner sep=1pt,label=left:$taut$] (105) at (0, 10) { };
\node[circle,fill,inner sep=1pt,label=left:$taut$] (104) at (0, 9) { };
\node[circle,fill,inner sep=1pt,label=left:$taut$] (103) at (0, 8) { };
\node[circle,fill,inner sep=1pt,label=left:$taut$] (102) at (0, 7) { };
\node[circle,fill,inner sep=1pt,label=left:$taut$] (101) at (0, 6) { };
\node[circle,fill,inner sep=1pt,label=left:$taut$] (100) at (0, 5) { };
\node[circle,fill,inner sep=1pt,label=left:$taut$] (99) at (0, 4) { };
\node[circle,fill,inner sep=1pt,label=left:$taut$] (98) at (0, 3) { };
\node[circle,fill,inner sep=1pt,label=left:$taut$] (97) at (0, 2) { };
\node[circle,fill,inner sep=1pt,label=left:$taut$] (96) at (0, 1) { };
\node[circle,fill,inner sep=1pt,label=left:$taut$] (95) at (0, 0) { };
\node[circle,fill,inner sep=1pt,label=left:$taut$] (94) at (0, 19) { };
\node[circle,fill,inner sep=1pt,label=left:$taut$] (93) at (0, 18) { };
\node[circle,fill,inner sep=1pt,label=left:$taut$] (92) at (0, 17) { };
\node[circle,fill,inner sep=1pt,label=left:$taut$] (91) at (0, 46) { };
\node[circle,fill,inner sep=1pt,label=left:$taut$] (90) at (0, 15) { };
\node[circle,fill,inner sep=1pt,label=left:$taut$] (89) at (0, 14) { };
\node[circle,fill,inner sep=1pt,label=left:$taut$] (88) at (0, 13) { };
\node[circle,fill,inner sep=1pt,label=left:$taut$] (87) at (0, 12) { };
\node[circle,fill,inner sep=1pt,label=left:$taut$] (86) at (0, 41) { };
\node[circle,fill,inner sep=1pt,label=left:$taut$] (85) at (0, 9) { };
\node[circle,fill,inner sep=1pt,label=left:$taut$] (84) at (0, 8) { };
\node[circle,fill,inner sep=1pt,label=left:$taut$] (83) at (0, 17) { };
\node[circle,fill,inner sep=1pt,label=left:$taut$] (82) at (0, 7) { };
\node[circle,fill,inner sep=1pt,label=left:$taut$] (81) at (0, 4) { };
\node[circle,fill,inner sep=1pt,label=left:$taut$] (80) at (0, 3) { };
\node[circle,fill,inner sep=1pt,label=left:$taut$] (79) at (0, 2) { };
\node[circle,fill,inner sep=1pt,label=left:$\%0$] (78) at (1, 1) { };
\node[circle,fill,inner sep=1pt,label=left:$taut$] (77) at (0, 1) { };
\node[circle,fill,inner sep=1pt,label=left:$\%1$] (76) at (2, 4) { };
\node[circle,fill,inner sep=1pt,label=left:$taut$] (75) at (0, 3) { };
\node[circle,fill,inner sep=1pt,label=left:$taut$] (74) at (0, 3) { };
\node[circle,fill,inner sep=1pt,label=left:$taut$] (73) at (0, 2) { };
\node[circle,fill,inner sep=1pt,label=left:$taut$] (72) at (0, 2) { };
\node[circle,fill,inner sep=1pt,label=left:$taut$] (71) at (0, 1) { };
\node[circle,fill,inner sep=1pt,label=left:$taut$] (70) at (0, 1) { };
\node[circle,fill,inner sep=1pt,label=left:$taut$] (68) at (0, 49) { };
\node[circle,fill,inner sep=1pt,label=left:$taut$] (67) at (0, 48) { };
\node[circle,fill,inner sep=1pt,label=left:$taut$] (66) at (0, 47) { };
\node[circle,fill,inner sep=1pt,label=left:$taut$] (65) at (0, 46) { };
\node[circle,fill,inner sep=1pt,label=left:$taut$] (64) at (0, 45) { };
\node[circle,fill,inner sep=1pt,label=left:$taut$] (63) at (0, 44) { };
\node[circle,fill,inner sep=1pt,label=left:$taut$] (62) at (0, 43) { };
\node[circle,fill,inner sep=1pt,label=left:$taut$] (61) at (0, 42) { };
\node[circle,fill,inner sep=1pt,label=left:$taut$] (60) at (0, 41) { };
\node[circle,fill,inner sep=1pt,label=left:$taut$] (59) at (0, 40) { };
\node[circle,fill,inner sep=1pt,label=left:$taut$] (58) at (0, 39) { };
\node[circle,fill,inner sep=1pt,label=left:$taut$] (57) at (0, 38) { };
\node[circle,fill,inner sep=1pt,label=left:$taut$] (56) at (0, 37) { };
\node[circle,fill,inner sep=1pt,label=left:$taut$] (55) at (0, 36) { };
\node[circle,fill,inner sep=1pt,label=left:$taut$] (54) at (0, 35) { };
\node[circle,fill,inner sep=1pt,label=left:$taut$] (53) at (0, 34) { };
\node[circle,fill,inner sep=1pt,label=left:$taut$] (52) at (0, 33) { };
\node[circle,fill,inner sep=1pt,label=left:$taut$] (51) at (0, 32) { };
\node[circle,fill,inner sep=1pt,label=left:$taut$] (50) at (0, 31) { };
\node[circle,fill,inner sep=1pt,label=left:$taut$] (49) at (0, 30) { };
\node[circle,fill,inner sep=1pt,label=left:$taut$] (48) at (0, 29) { };
\node[circle,fill,inner sep=1pt,label=left:$taut$] (47) at (0, 28) { };
\node[circle,fill,inner sep=1pt,label=left:$taut$] (46) at (0, 27) { };
\node[circle,fill,inner sep=1pt,label=left:$taut$] (45) at (0, 26) { };
\node[circle,fill,inner sep=1pt,label=left:$taut$] (44) at (0, 25) { };
\node[circle,fill,inner sep=1pt,label=left:$taut$] (43) at (0, 24) { };
\node[circle,fill,inner sep=1pt,label=left:$taut$] (42) at (0, 23) { };
\node[circle,fill,inner sep=1pt,label=left:$taut$] (41) at (0, 22) { };
\node[circle,fill,inner sep=1pt,label=left:$taut$] (40) at (0, 21) { };
\node[circle,fill,inner sep=1pt,label=left:$taut$] (39) at (0, 20) { };
\node[circle,fill,inner sep=1pt,label=left:$taut$] (38) at (0, 19) { };
\node[circle,fill,inner sep=1pt,label=left:$taut$] (37) at (0, 18) { };
\node[circle,fill,inner sep=1pt,label=left:$taut$] (36) at (0, 17) { };
\node[circle,fill,inner sep=1pt,label=left:$taut$] (35) at (0, 16) { };
\node[circle,fill,inner sep=1pt,label=left:$taut$] (34) at (0, 15) { };
\node[circle,fill,inner sep=1pt,label=left:$taut$] (33) at (0, 14) { };
\node[circle,fill,inner sep=1pt,label=left:$taut$] (32) at (0, 13) { };
\node[circle,fill,inner sep=1pt,label=left:$taut$] (31) at (0, 12) { };
\node[circle,fill,inner sep=1pt,label=left:$taut$] (30) at (0, 11) { };
\node[circle,fill,inner sep=1pt,label=left:$taut$] (29) at (0, 10) { };
\node[circle,fill,inner sep=1pt,label=left:$taut$] (28) at (0, 9) { };
\node[circle,fill,inner sep=1pt,label=left:$taut$] (27) at (0, 8) { };
\node[circle,fill,inner sep=1pt,label=left:$taut$] (26) at (0, 7) { };
\node[circle,fill,inner sep=1pt,label=left:$taut$] (25) at (0, 6) { };
\node[circle,fill,inner sep=1pt,label=left:$taut$] (24) at (0, 5) { };
\node[circle,fill,inner sep=1pt,label=left:$taut$] (23) at (0, 4) { };
\node[circle,fill,inner sep=1pt,label=left:$taut$] (22) at (0, 3) { };
\node[circle,fill,inner sep=1pt,label=left:$taut$] (21) at (0, 2) { };
\node[circle,fill,inner sep=1pt,label=left:$taut$] (20) at (0, 1) { };
\node[circle,fill,inner sep=1pt,label=left:$taut$] (19) at (0, 0) { };
\node[circle,fill,inner sep=1pt,label=left:$\%0$] (1) at (1, 0) { };
\node[circle,fill,inner sep=1pt,label=left:$taut$] (0) at (0, 0) { };
\node[font=\tiny] (note_0) at (-1.5, 0.5) {Block(0)};
\node[font=\tiny] (note_1) at (-1.5, 1.5) {Block(1)};
\node[font=\tiny] (note_2) at (-1.5, 2.5) {Block(3)};
\node[font=\tiny] (note_3) at (-1.5, 3.5) {Assign(1, 0)};
\node[font=\tiny] (note_4) at (-1.5, 4.5) {Const(2, 1.0)};
\node[font=\tiny] (note_5) at (-1.5, 5.5) {BinOp(3, 2, 1)};
\node[font=\tiny] (note_6) at (-1.5, 6.5) {Conditional(3, [5, 6])};
\node[font=\tiny] (note_7) at (-1.5, 7.5) {Block(5)};
\node[font=\tiny] (note_8) at (-1.5, 8.5) {Assign(4, 0)};
\node[font=\tiny] (note_9) at (-1.5, 9.5) {Const(5, 1.0)};
\node[font=\tiny] (note_10) at (-1.5, 10.5) {BinOp(6, 5, 4)};
\node[font=\tiny] (note_11) at (-1.5, 11.5) {Conditional(6, [4])};
\node[font=\tiny] (note_12) at (-1.5, 12.5) {Kill(6)};
\node[font=\tiny] (note_13) at (-1.5, 13.5) {Kill(5)};
\node[font=\tiny] (note_14) at (-1.5, 14.5) {Kill(4)};
\node[font=\tiny] (note_15) at (-1.5, 15.5) {Jump(2)};
\node[font=\tiny] (note_16) at (-1.5, 16.5) {Jump(6)};
\node[font=\tiny] (note_17) at (-1.5, 17.5) {Block(6)};
\node[font=\tiny] (note_18) at (-1.5, 18.5) {Assign(7, 0)};
\node[font=\tiny] (note_19) at (-1.5, 19.5) {Const(8, -1.0)};
\node[font=\tiny] (note_20) at (-1.5, 20.5) {BinOp(9, 8, 7)};
\node[font=\tiny] (note_21) at (-1.5, 21.5) {Call(0, [9], [10])};
\node[font=\tiny] (note_22) at (-1.5, 22.5) {Assign(11, 0)};
\node[font=\tiny] (note_23) at (-1.5, 23.5) {Const(12, -2.0)};
\node[font=\tiny] (note_24) at (-1.5, 24.5) {BinOp(13, 12, 11)};
\node[font=\tiny] (note_25) at (-1.5, 25.5) {Call(0, [13], [14])};
\node[font=\tiny] (note_26) at (-1.5, 26.5) {BinOp(15, 14, 13)};
\node[font=\tiny] (note_27) at (-1.5, 27.5) {Kill(15)};
\node[font=\tiny] (note_28) at (-1.5, 28.5) {Kill(14)};
\node[font=\tiny] (note_29) at (-1.5, 29.5) {Kill(13)};
\node[font=\tiny] (note_30) at (-1.5, 30.5) {Kill(12)};
\node[font=\tiny] (note_31) at (-1.5, 31.5) {Kill(11)};
\node[font=\tiny] (note_32) at (-1.5, 32.5) {Kill(10)};
\node[font=\tiny] (note_33) at (-1.5, 33.5) {Kill(9)};
\node[font=\tiny] (note_34) at (-1.5, 34.5) {Kill(8)};
\node[font=\tiny] (note_35) at (-1.5, 35.5) {Kill(7)};
\node[font=\tiny] (note_36) at (-1.5, 36.5) {Kill(3)};
\node[font=\tiny] (note_37) at (-1.5, 37.5) {Kill(2)};
\node[font=\tiny] (note_38) at (-1.5, 38.5) {Kill(1)};
\node[font=\tiny] (note_39) at (-1.5, 39.5) {Return([0])};
\node[font=\tiny] (note_40) at (-1.5, 40.5) {Jump(4)};
\node[font=\tiny] (note_41) at (-1.5, 41.5) {Block(4)};
\node[font=\tiny] (note_42) at (-1.5, 42.5) {Const(16, 0.0)};
\node[font=\tiny] (note_43) at (-1.5, 43.5) {Assign(0, 16)};
\node[font=\tiny] (note_44) at (-1.5, 44.5) {Kill(16)};
\node[font=\tiny] (note_45) at (-1.5, 45.5) {Jump(2)};
\node[font=\tiny] (note_46) at (-1.5, 46.5) {Block(2)};
\node[font=\tiny] (note_47) at (-1.5, 47.5) {Assign(17, 0)};
\node[font=\tiny] (note_48) at (-1.5, 48.5) {Return([17])};
\node[font=\tiny] (note_49) at (-1.5, 0.5) {Block(0)};
\node[font=\tiny] (note_50) at (-1.5, 1.5) {Block(1)};
\node[font=\tiny] (note_51) at (-1.5, 2.5) {Block(3)};
\node[font=\tiny] (note_52) at (-1.5, 3.5) {Assign(1, 0)};
\node[font=\tiny] (note_53) at (-1.5, 4.5) {Const(2, 1.0)};
\node[font=\tiny] (note_54) at (-1.5, 5.5) {BinOp(3, 2, 1)};
\node[font=\tiny] (note_55) at (-1.5, 6.5) {Conditional(3, [5, 6])};
\node[font=\tiny] (note_56) at (-1.5, 7.5) {Block(5)};
\node[font=\tiny] (note_57) at (-1.5, 8.5) {Assign(4, 0)};
\node[font=\tiny] (note_58) at (-1.5, 9.5) {Const(5, 1.0)};
\node[font=\tiny] (note_59) at (-1.5, 10.5) {BinOp(6, 5, 4)};
\node[font=\tiny] (note_60) at (-1.5, 11.5) {Conditional(6, [4])};
\node[font=\tiny] (note_61) at (-1.5, 12.5) {Kill(6)};
\node[font=\tiny] (note_62) at (-1.5, 13.5) {Kill(5)};
\node[font=\tiny] (note_63) at (-1.5, 14.5) {Kill(4)};
\node[font=\tiny] (note_64) at (-1.5, 15.5) {Jump(2)};
\node[font=\tiny] (note_65) at (-1.5, 16.5) {Jump(6)};
\node[font=\tiny] (note_66) at (-1.5, 17.5) {Block(6)};
\node[font=\tiny] (note_67) at (-1.5, 18.5) {Assign(7, 0)};
\node[font=\tiny] (note_68) at (-1.5, 19.5) {Const(8, -1.0)};
\node[font=\tiny] (note_69) at (-1.5, 20.5) {BinOp(9, 8, 7)};
\node[font=\tiny] (note_70) at (-1.5, 21.5) {Call(0, [9], [10])};
\node[font=\tiny] (note_71) at (-1.5, 22.5) {Assign(11, 0)};
\node[font=\tiny] (note_72) at (-1.5, 23.5) {Const(12, -2.0)};
\node[font=\tiny] (note_73) at (-1.5, 24.5) {BinOp(13, 12, 11)};
\node[font=\tiny] (note_74) at (-1.5, 25.5) {Call(0, [13], [14])};
\node[font=\tiny] (note_75) at (-1.5, 26.5) {BinOp(15, 14, 13)};
\node[font=\tiny] (note_76) at (-1.5, 27.5) {Kill(15)};
\node[font=\tiny] (note_77) at (-1.5, 28.5) {Kill(14)};
\node[font=\tiny] (note_78) at (-1.5, 29.5) {Kill(13)};
\node[font=\tiny] (note_79) at (-1.5, 30.5) {Kill(12)};
\node[font=\tiny] (note_80) at (-1.5, 31.5) {Kill(11)};
\node[font=\tiny] (note_81) at (-1.5, 32.5) {Kill(10)};
\node[font=\tiny] (note_82) at (-1.5, 33.5) {Kill(9)};
\node[font=\tiny] (note_83) at (-1.5, 34.5) {Kill(8)};
\node[font=\tiny] (note_84) at (-1.5, 35.5) {Kill(7)};
\node[font=\tiny] (note_85) at (-1.5, 36.5) {Kill(3)};
\node[font=\tiny] (note_86) at (-1.5, 37.5) {Kill(2)};
\node[font=\tiny] (note_87) at (-1.5, 38.5) {Kill(1)};
\node[font=\tiny] (note_88) at (-1.5, 39.5) {Return([0])};
\node[font=\tiny] (note_89) at (-1.5, 40.5) {Jump(4)};
\node[font=\tiny] (note_90) at (-1.5, 41.5) {Block(4)};
\node[font=\tiny] (note_91) at (-1.5, 42.5) {Const(16, 0.0)};
\node[font=\tiny] (note_92) at (-1.5, 43.5) {Assign(0, 16)};
\node[font=\tiny] (note_93) at (-1.5, 44.5) {Kill(16)};
\node[font=\tiny] (note_94) at (-1.5, 45.5) {Jump(2)};
\node[font=\tiny] (note_95) at (-1.5, 46.5) {Block(2)};
\node[font=\tiny] (note_96) at (-1.5, 47.5) {Assign(17, 0)};
\node[font=\tiny] (note_97) at (-1.5, 48.5) {Return([17])};
\node[font=\tiny] (note_98) at (-1.5, 0.5) {Block(0)};
\node[font=\tiny] (note_99) at (-1.5, 1.5) {Block(1)};
\node[font=\tiny] (note_100) at (-1.5, 2.5) {Block(3)};
\node[font=\tiny] (note_101) at (-1.5, 3.5) {Assign(1, 0)};
\node[font=\tiny] (note_102) at (-1.5, 4.5) {Const(2, 1.0)};
\node[font=\tiny] (note_103) at (-1.5, 5.5) {BinOp(3, 2, 1)};
\node[font=\tiny] (note_104) at (-1.5, 6.5) {Conditional(3, [5, 6])};
\node[font=\tiny] (note_105) at (-1.5, 7.5) {Block(5)};
\node[font=\tiny] (note_106) at (-1.5, 8.5) {Assign(4, 0)};
\node[font=\tiny] (note_107) at (-1.5, 9.5) {Const(5, 1.0)};
\node[font=\tiny] (note_108) at (-1.5, 10.5) {BinOp(6, 5, 4)};
\node[font=\tiny] (note_109) at (-1.5, 11.5) {Conditional(6, [4])};
\node[font=\tiny] (note_110) at (-1.5, 12.5) {Kill(6)};
\node[font=\tiny] (note_111) at (-1.5, 13.5) {Kill(5)};
\node[font=\tiny] (note_112) at (-1.5, 14.5) {Kill(4)};
\node[font=\tiny] (note_113) at (-1.5, 15.5) {Jump(2)};
\node[font=\tiny] (note_114) at (-1.5, 16.5) {Jump(6)};
\node[font=\tiny] (note_115) at (-1.5, 17.5) {Block(6)};
\node[font=\tiny] (note_116) at (-1.5, 18.5) {Assign(7, 0)};
\node[font=\tiny] (note_117) at (-1.5, 19.5) {Const(8, -1.0)};
\node[font=\tiny] (note_118) at (-1.5, 20.5) {BinOp(9, 8, 7)};
\node[font=\tiny] (note_119) at (-1.5, 21.5) {Call(0, [9], [10])};
\node[font=\tiny] (note_120) at (-1.5, 22.5) {Assign(11, 0)};
\node[font=\tiny] (note_121) at (-1.5, 23.5) {Const(12, -2.0)};
\node[font=\tiny] (note_122) at (-1.5, 24.5) {BinOp(13, 12, 11)};
\node[font=\tiny] (note_123) at (-1.5, 25.5) {Call(0, [13], [14])};
\node[font=\tiny] (note_124) at (-1.5, 26.5) {BinOp(15, 14, 13)};
\node[font=\tiny] (note_125) at (-1.5, 27.5) {Kill(15)};
\node[font=\tiny] (note_126) at (-1.5, 28.5) {Kill(14)};
\node[font=\tiny] (note_127) at (-1.5, 29.5) {Kill(13)};
\node[font=\tiny] (note_128) at (-1.5, 30.5) {Kill(12)};
\node[font=\tiny] (note_129) at (-1.5, 31.5) {Kill(11)};
\node[font=\tiny] (note_130) at (-1.5, 32.5) {Kill(10)};
\node[font=\tiny] (note_131) at (-1.5, 33.5) {Kill(9)};
\node[font=\tiny] (note_132) at (-1.5, 34.5) {Kill(8)};
\node[font=\tiny] (note_133) at (-1.5, 35.5) {Kill(7)};
\node[font=\tiny] (note_134) at (-1.5, 36.5) {Kill(3)};
\node[font=\tiny] (note_135) at (-1.5, 37.5) {Kill(2)};
\node[font=\tiny] (note_136) at (-1.5, 38.5) {Kill(1)};
\node[font=\tiny] (note_137) at (-1.5, 39.5) {Return([0])};
\node[font=\tiny] (note_138) at (-1.5, 40.5) {Jump(4)};
\node[font=\tiny] (note_139) at (-1.5, 41.5) {Block(4)};
\node[font=\tiny] (note_140) at (-1.5, 42.5) {Const(16, 0.0)};
\node[font=\tiny] (note_141) at (-1.5, 43.5) {Assign(0, 16)};
\node[font=\tiny] (note_142) at (-1.5, 44.5) {Kill(16)};
\node[font=\tiny] (note_143) at (-1.5, 45.5) {Jump(2)};
\node[font=\tiny] (note_144) at (-1.5, 46.5) {Block(2)};
\node[font=\tiny] (note_145) at (-1.5, 47.5) {Assign(17, 0)};
\node[font=\tiny] (note_146) at (-1.5, 48.5) {Return([17])};
		\path[->, blue] (0) [loop right] edge  node { } (0);
		\path[->, blue] (1) [loop right] edge  node { } (1);
		\path[->, blue] (0) [bend right] edge  node { } (20);
		\path[->, blue] (0) [bend right] edge  node { } (21);
		\path[->, blue] (0) [bend right] edge  node { } (22);
		\path[->, blue] (0) [bend right] edge  node { } (23);
		\path[->, blue] (0) [bend right] edge  node { } (24);
		\path[->, blue] (0) [bend right] edge  node { } (25);
		\path[->, blue] (0) [bend right] edge  node { } (26);
		\path[->, blue] (0) [bend right] edge  node { } (27);
		\path[->, blue] (0) [bend right] edge  node { } (28);
		\path[->, blue] (0) [bend right] edge  node { } (29);
		\path[->, blue] (0) [bend right] edge  node { } (30);
		\path[->, blue] (0) [bend right] edge  node { } (31);
		\path[->, blue] (0) [bend right] edge  node { } (32);
		\path[->, blue] (0) [bend right] edge  node { } (33);
		\path[->, blue] (0) [bend right] edge  node { } (34);
		\path[->, blue] (0) [bend right] edge  node { } (35);
		\path[->, blue] (0) [bend right] edge  node { } (36);
		\path[->, blue] (0) [bend right] edge  node { } (37);
		\path[->, blue] (0) [bend right] edge  node { } (38);
		\path[->, blue] (0) [bend right] edge  node { } (39);
		\path[->, blue] (0) [bend right] edge  node { } (40);
		\path[->, blue] (0) [bend right] edge  node { } (41);
		\path[->, blue] (0) [bend right] edge  node { } (42);
		\path[->, blue] (0) [bend right] edge  node { } (43);
		\path[->, blue] (0) [bend right] edge  node { } (44);
		\path[->, blue] (0) [bend right] edge  node { } (45);
		\path[->, blue] (0) [bend right] edge  node { } (46);
		\path[->, blue] (0) [bend right] edge  node { } (47);
		\path[->, blue] (0) [bend right] edge  node { } (48);
		\path[->, blue] (0) [bend right] edge  node { } (49);
		\path[->, blue] (0) [bend right] edge  node { } (50);
		\path[->, blue] (0) [bend right] edge  node { } (51);
		\path[->, blue] (0) [bend right] edge  node { } (52);
		\path[->, blue] (0) [bend right] edge  node { } (53);
		\path[->, blue] (0) [bend right] edge  node { } (54);
		\path[->, blue] (0) [bend right] edge  node { } (55);
		\path[->, blue] (0) [bend right] edge  node { } (56);
		\path[->, blue] (0) [bend right] edge  node { } (57);
		\path[->, blue] (0) [bend right] edge  node { } (58);
		\path[->, blue] (0) [bend right] edge  node { } (59);
		\path[->, blue] (0) [bend right] edge  node { } (60);
		\path[->, blue] (0) [bend right] edge  node { } (61);
		\path[->, blue] (0) [bend right] edge  node { } (62);
		\path[->, blue] (0) [bend right] edge  node { } (63);
		\path[->, blue] (0) [bend right] edge  node { } (64);
		\path[->, blue] (0) [bend right] edge  node { } (65);
		\path[->, blue] (0) [bend right] edge  node { } (66);
		\path[->, blue] (0) [bend right] edge  node { } (67);
		\path[->, blue] (0) [bend right] edge  node { } (68);
		\path[->, blue] (70) [bend right] edge  node { } (71);
		\path[->, blue] (70) [bend right] edge  node { } (72);
		\path[->, blue] (72) [bend right] edge  node { } (73);
		\path[->, blue] (72) [bend right] edge  node { } (74);
		\path[->, blue] (74) [bend right] edge  node { } (75);
		\path[->, blue] (74) [bend right] edge  node { } (76);
		\path[->, blue] (1) [bend right] edge  node { } (78);
		\path[->, blue] (70) [bend right] edge  node { } (220);
		\path[->, blue] (72) [bend right] edge  node { } (222);
		\path[->, blue] (74) [bend right] edge  node { } (223);
		\path[->, blue] (74) [bend right] edge  node { } (224);
		\path[->, blue] (1) [bend right] edge  node { } (225);
		\path[->, blue] (70) [bend right] edge  node { } (226);
		\path[->, blue] (74) [bend right] edge  node { } (227);
		\path[->, blue] (74) [bend right] edge  node { } (228);
		\path[->, blue] (1) [bend right] edge  node { } (229);
		\path[->, blue] (74) [bend right] edge  node { } (230);
		\path[->, blue] (74) [bend right] edge  node { } (231);
		\path[->, blue] (74) [bend right] edge  node { } (232);
		\path[->, blue] (74) [bend right] edge  node { } (233);
		\path[->, blue] (1) [bend right] edge  node { } (234);
		\path[->, blue] (1) [bend right] edge  node { } (235);
		\path[->, blue] (74) [bend right] edge  node { } (236);
		\path[->, blue] (74) [bend right] edge  node { } (237);
		\path[->, blue] (74) [bend right] edge  node { } (238);
		\path[->, blue] (74) [bend right] edge  node { } (239);
		\path[->, blue] (1) [bend right] edge  node { } (240);
		\path[->, blue] (1) [bend right] edge  node { } (241);
		\path[->, blue] (74) [bend right] edge  node { } (242);
		\path[->, blue] (74) [bend right] edge  node { } (243);
		\path[->, blue] (74) [bend right] edge  node { } (244);
		\path[->, blue] (74) [bend right] edge  node { } (245);
		\path[->, blue] (1) [bend right] edge  node { } (246);
		\path[->, blue] (1) [bend right] edge  node { } (247);
		\path[->, blue] (74) [bend right] edge  node { } (248);
		\path[->, blue] (74) [bend right] edge  node { } (249);
		\path[->, blue] (74) [bend right] edge  node { } (250);
		\path[->, blue] (74) [bend right] edge  node { } (251);
		\path[->, blue] (1) [bend right] edge  node { } (252);
		\path[->, blue] (1) [bend right] edge  node { } (253);
		\path[->, blue] (1) [bend right] edge  node { } (254);
		\path[->, blue] (1) [bend right] edge  node { } (255);
		\path[->, blue] (1) [bend right] edge  node { } (256);
		\path[->, blue] (1) [bend right] edge  node { } (257);
		\path[->, blue] (1) [bend right] edge  node { } (258);
		\path[->, blue] (1) [bend right] edge  node { } (259);
		\path[->, blue] (1) [bend right] edge  node { } (260);
		\path[->, blue] (1) [bend right] edge  node { } (261);
		\path[->, blue] (1) [bend right] edge  node { } (262);
		\path[->, blue] (1) [bend right] edge  node { } (263);
		\path[->, blue] (1) [bend right] edge  node { } (264);
		\path[->, blue] (1) [bend right] edge  node { } (265);
		\path[->, blue] (1) [bend right] edge  node { } (266);
		\path[->, blue] (1) [bend right] edge  node { } (267);
		\path[->] (0) edge (19);
		\path[->] (19) edge (20);
		\path[->] (20) edge (21);
		\path[->] (21) edge (22);
		\path[->] (22) edge (23);
		\path[->] (23) edge (24);
		\path[->] (24) edge (25);
		\path[->] (25) edge (26);
		\path[->] (26) edge (27);
		\path[->] (27) edge (28);
		\path[->] (28) edge (29);
		\path[->] (29) edge (30);
		\path[->] (30) edge (31);
		\path[->] (31) edge (32);
		\path[->] (32) edge (33);
		\path[->] (33) edge (34);
		\path[->] (34) edge (35);
		\path[->] (35) edge (36);
		\path[->] (36) edge (37);
		\path[->] (37) edge (38);
		\path[->] (38) edge (39);
		\path[->] (39) edge (40);
		\path[->] (40) edge (41);
		\path[->] (41) edge (42);
		\path[->] (42) edge (43);
		\path[->] (43) edge (44);
		\path[->] (44) edge (45);
		\path[->] (45) edge (46);
		\path[->] (46) edge (47);
		\path[->] (47) edge (48);
		\path[->] (48) edge (49);
		\path[->] (49) edge (50);
		\path[->] (50) edge (51);
		\path[->] (51) edge (52);
		\path[->] (52) edge (53);
		\path[->] (53) edge (54);
		\path[->] (54) edge (55);
		\path[->] (55) edge (56);
		\path[->] (56) edge (57);
		\path[->] (57) edge (58);
		\path[->] (58) edge (59);
		\path[->] (59) edge (60);
		\path[->] (60) edge (61);
		\path[->] (61) edge (62);
		\path[->] (62) edge (63);
		\path[->] (63) edge (64);
		\path[->] (64) edge (65);
		\path[->] (65) edge (66);
		\path[->] (66) edge (67);
		\path[->] (67) edge (68);
		\path[->] (0) edge (70);
		\path[->] (70) edge (72);
		\path[->] (72) edge (74);
		\path[->] (74) edge (76);
		\path[->] (0) edge (77);
		\path[->] (1) edge (78);
		\path[->] (20) edge (79);
		\path[->] (21) edge (80);
		\path[->] (22) edge (81);
		\path[->, bend right] (25) edge (82);
		\path[->, bend right] (25) edge (83);
		\path[->] (26) edge (84);
		\path[->] (27) edge (85);
		\path[->, bend right] (30) edge (86);
		\path[->, bend right] (30) edge (87);
		\path[->] (31) edge (88);
		\path[->] (32) edge (89);
		\path[->] (33) edge (90);
		\path[->, bend right] (34) edge (91);
		\path[->, bend right] (35) edge (92);
		\path[->] (36) edge (93);
		\path[->] (37) edge (94);
		\path[->] (0) edge (95);
		\path[->] (95) edge (96);
		\path[->] (96) edge (97);
		\path[->] (97) edge (98);
		\path[->] (98) edge (99);
		\path[->] (99) edge (100);
		\path[->] (100) edge (101);
		\path[->] (101) edge (102);
		\path[->] (102) edge (103);
		\path[->] (103) edge (104);
		\path[->] (104) edge (105);
		\path[->] (105) edge (106);
		\path[->] (106) edge (107);
		\path[->] (107) edge (108);
		\path[->] (108) edge (109);
		\path[->] (109) edge (110);
		\path[->] (110) edge (111);
		\path[->] (111) edge (112);
		\path[->] (112) edge (113);
		\path[->] (113) edge (114);
		\path[->] (114) edge (115);
		\path[->] (115) edge (116);
		\path[->] (116) edge (117);
		\path[->] (117) edge (118);
		\path[->] (118) edge (119);
		\path[->] (119) edge (120);
		\path[->] (120) edge (121);
		\path[->] (121) edge (122);
		\path[->] (122) edge (123);
		\path[->] (123) edge (124);
		\path[->] (124) edge (125);
		\path[->] (125) edge (126);
		\path[->] (126) edge (127);
		\path[->] (127) edge (128);
		\path[->] (128) edge (129);
		\path[->] (129) edge (130);
		\path[->] (130) edge (131);
		\path[->] (131) edge (132);
		\path[->] (132) edge (133);
		\path[->] (133) edge (134);
		\path[->] (134) edge (135);
		\path[->] (135) edge (136);
		\path[->] (136) edge (137);
		\path[->] (137) edge (138);
		\path[->] (138) edge (139);
		\path[->] (139) edge (140);
		\path[->] (140) edge (141);
		\path[->] (141) edge (142);
		\path[->] (142) edge (143);
		\path[->] (143) edge (144);
		\path[->] (41) edge (145);
		\path[->] (0) edge (146);
		\path[->] (146) edge (147);
		\path[->] (147) edge (148);
		\path[->] (148) edge (149);
		\path[->] (149) edge (150);
		\path[->] (150) edge (151);
		\path[->] (151) edge (152);
		\path[->] (152) edge (153);
		\path[->] (153) edge (154);
		\path[->] (154) edge (155);
		\path[->] (155) edge (156);
		\path[->] (156) edge (157);
		\path[->] (157) edge (158);
		\path[->] (158) edge (159);
		\path[->] (159) edge (160);
		\path[->] (160) edge (161);
		\path[->] (161) edge (162);
		\path[->] (162) edge (163);
		\path[->] (163) edge (164);
		\path[->] (164) edge (165);
		\path[->] (165) edge (166);
		\path[->] (166) edge (167);
		\path[->] (167) edge (168);
		\path[->] (168) edge (169);
		\path[->] (169) edge (170);
		\path[->] (170) edge (171);
		\path[->] (171) edge (172);
		\path[->] (172) edge (173);
		\path[->] (173) edge (174);
		\path[->] (174) edge (175);
		\path[->] (175) edge (176);
		\path[->] (176) edge (177);
		\path[->] (177) edge (178);
		\path[->] (178) edge (179);
		\path[->] (179) edge (180);
		\path[->] (180) edge (181);
		\path[->] (181) edge (182);
		\path[->] (182) edge (183);
		\path[->] (183) edge (184);
		\path[->] (184) edge (185);
		\path[->] (185) edge (186);
		\path[->] (186) edge (187);
		\path[->] (187) edge (188);
		\path[->] (188) edge (189);
		\path[->] (189) edge (190);
		\path[->] (190) edge (191);
		\path[->] (191) edge (192);
		\path[->] (192) edge (193);
		\path[->] (193) edge (194);
		\path[->] (194) edge (195);
		\path[->] (46) edge (196);
		\path[->] (47) edge (197);
		\path[->] (48) edge (198);
		\path[->] (49) edge (199);
		\path[->] (50) edge (200);
		\path[->] (51) edge (201);
		\path[->] (52) edge (202);
		\path[->] (53) edge (203);
		\path[->] (54) edge (204);
		\path[->] (55) edge (205);
		\path[->] (56) edge (206);
		\path[->] (57) edge (207);
		\path[->] (58) edge (208);
		\path[->, bend right] (59) edge (209);
		\path[->] (60) edge (210);
		\path[->] (62) edge (211);
		\path[->] (63) edge (212);
		\path[->, bend right] (64) edge (213);
		\path[->] (65) edge (214);
		\path[->] (66) edge (215);
		\path[->] (67) edge (216);
		\path[->] (20) edge (219);
		\path[->] (21) edge (220);
		\path[->] (21) edge (221);
		\path[->] (22) edge (222);
		\path[->] (22) edge (223);
		\path[->] (76) edge (224);
		\path[->] (78) edge (225);
		\path[->] (22) edge (226);
		\path[->] (224) edge (227);
		\path[->] (224) edge (228);
		\path[->] (225) edge (229);
		\path[->, bend right] (227) edge (230);
		\path[->, bend right] (227) edge (231);
		\path[->, bend right] (228) edge (232);
		\path[->, bend right] (228) edge (233);
		\path[->] (229) edge (234);
		\path[->] (229) edge (235);
		\path[->] (230) edge (236);
		\path[->] (231) edge (237);
		\path[->] (232) edge (238);
		\path[->] (233) edge (239);
		\path[->] (76) edge (240);
		\path[->] (235) edge (241);
		\path[->] (236) edge (242);
		\path[->] (237) edge (243);
		\path[->] (238) edge (244);
		\path[->] (239) edge (245);
		\path[->] (224) edge (246);
		\path[->] (240) edge (247);
		\path[->] (242) edge (248);
		\path[->] (243) edge (249);
		\path[->] (244) edge (250);
		\path[->] (245) edge (251);
		\path[->, bend right] (227) edge (252);
		\path[->, bend right] (227) edge (253);
		\path[->, bend right] (228) edge (254);
		\path[->, bend right] (228) edge (255);
		\path[->] (230) edge (256);
		\path[->] (231) edge (257);
		\path[->] (232) edge (258);
		\path[->] (233) edge (259);
		\path[->] (236) edge (260);
		\path[->] (237) edge (261);
		\path[->] (238) edge (262);
		\path[->] (239) edge (263);
		\path[->] (242) edge (264);
		\path[->] (243) edge (265);
		\path[->] (244) edge (266);
		\path[->] (245) edge (267);


                \end{tikzpicture}
            \end{document}
