---
source: src/tests/integration/mod.rs
expression: output

---
   \documentclass{standalone}
            \usepackage{pgf, tikz}
            \usetikzlibrary{arrows, automata}
            \begin{document}
                \begin{tikzpicture}
                    [node distance=3cm]
                    \tikzstyle{every state}=[
                        draw = black,
                        thick,
                        fill = white,
                        minimum size = 4mm
                    ]

                    \node[circle,fill,inner sep=1pt,label=left:$taut$] (0) at (0, 0) { };
\node[circle,fill,inner sep=1pt,label=left:$taut$] (1) at (0, 1) { };
\node[circle,fill,inner sep=1pt,label=left:$taut$] (2) at (0, 0) { };
\node[circle,fill,inner sep=1pt,label=left:$taut$] (3) at (0, 1) { };
\node[circle,fill,inner sep=1pt,label=left:$taut$] (4) at (0, 0) { };
\node[circle,fill,inner sep=1pt,label=left:$taut$] (5) at (0, 1) { };
\node[circle,fill,inner sep=1pt,label=left:$taut$] (6) at (0, 0) { };
\node[circle,fill,inner sep=1pt,label=left:$taut$] (7) at (0, 1) { };
\node[circle,fill,inner sep=1pt,label=left:$taut$] (8) at (0, 0) { };
\node[circle,fill,inner sep=1pt,label=left:$taut$] (9) at (0, 1) { };
\node[circle,fill,inner sep=1pt,label=left:$taut$] (10) at (0, 0) { };
\node[circle,fill,inner sep=1pt,label=left:$taut$] (11) at (0, 1) { };
\node[circle,fill,inner sep=1pt,label=left:$taut$] (12) at (0, 0) { };
\node[circle,fill,inner sep=1pt,label=left:$taut$] (13) at (0, 1) { };
\node[circle,fill,inner sep=1pt,label=left:$taut$] (14) at (0, 0) { };
\node[circle,fill,inner sep=1pt,label=left:$taut$] (15) at (0, 1) { };
\node[circle,fill,inner sep=1pt,label=left:$taut$] (16) at (0, 0) { };
\node[circle,fill,inner sep=1pt,label=left:$taut$] (17) at (0, 1) { };
\node[circle,fill,inner sep=1pt,label=left:$taut$] (18) at (0, 0) { };
\node[circle,fill,inner sep=1pt,label=left:$taut$] (19) at (0, 1) { };
\node[circle,fill,inner sep=1pt,label=left:$taut$] (20) at (0, 0) { };
\node[circle,fill,inner sep=1pt,label=left:$taut$] (21) at (0, 1) { };
\node[circle,fill,inner sep=1pt,label=left:$taut$] (22) at (0, 0) { };
\node[circle,fill,inner sep=1pt,label=left:$taut$] (23) at (0, 1) { };
\node[circle,fill,inner sep=1pt,label=left:$taut$] (24) at (0, 0) { };
\node[circle,fill,inner sep=1pt,label=left:$taut$] (25) at (0, 1) { };
\node[circle,fill,inner sep=1pt,label=left:$taut$] (26) at (0, 2) { };
\node[circle,fill,inner sep=1pt,label=left:$taut$] (27) at (0, 3) { };
\node[circle,fill,inner sep=1pt,label=left:$taut$] (28) at (0, 4) { };
\node[circle,fill,inner sep=1pt,label=left:$taut$] (29) at (0, 5) { };
\node[circle,fill,inner sep=1pt,label=left:$taut$] (30) at (0, 6) { };
\node[circle,fill,inner sep=1pt,label=left:$taut$] (31) at (0, 7) { };
\node[circle,fill,inner sep=1pt,label=left:$taut$] (32) at (0, 8) { };
\node[circle,fill,inner sep=1pt,label=left:$taut$] (33) at (0, 9) { };
\node[circle,fill,inner sep=1pt,label=left:$taut$] (34) at (0, 10) { };
\node[circle,fill,inner sep=1pt,label=left:$taut$] (35) at (0, 11) { };
\node[circle,fill,inner sep=1pt,label=left:$taut$] (36) at (0, 12) { };
\node[circle,fill,inner sep=1pt,label=left:$taut$] (37) at (0, 13) { };
\node[circle,fill,inner sep=1pt,label=left:$taut$] (38) at (0, 14) { };
\node[circle,fill,inner sep=1pt,label=left:$taut$] (39) at (0, 15) { };
\node[circle,fill,inner sep=1pt,label=left:$taut$] (40) at (0, 16) { };
\node[circle,fill,inner sep=1pt,label=left:$taut$] (41) at (0, 17) { };
\node[circle,fill,inner sep=1pt,label=left:$taut$] (42) at (0, 18) { };
\node[circle,fill,inner sep=1pt,label=left:$taut$] (43) at (0, 19) { };
\node[circle,fill,inner sep=1pt,label=left:$taut$] (44) at (0, 20) { };
\node[circle,fill,inner sep=1pt,label=left:$taut$] (45) at (0, 21) { };
\node[circle,fill,inner sep=1pt,label=left:$taut$] (46) at (0, 22) { };
\node[circle,fill,inner sep=1pt,label=left:$taut$] (47) at (0, 23) { };
\node[circle,fill,inner sep=1pt,label=left:$taut$] (48) at (0, 0) { };
\node[circle,fill,inner sep=1pt,label=left:$taut$] (49) at (0, 1) { };
\node[circle,fill,inner sep=1pt,label=left:$taut$] (50) at (0, 0) { };
\node[circle,fill,inner sep=1pt,label=left:$taut$] (51) at (0, 1) { };
\node[circle,fill,inner sep=1pt,label=left:$taut$] (52) at (0, 2) { };
\node[circle,fill,inner sep=1pt,label=left:$taut$] (53) at (0, 3) { };
\node[circle,fill,inner sep=1pt,label=left:$taut$] (54) at (0, 4) { };
\node[circle,fill,inner sep=1pt,label=left:$taut$] (55) at (0, 5) { };
\node[circle,fill,inner sep=1pt,label=left:$taut$] (56) at (0, 6) { };
\node[circle,fill,inner sep=1pt,label=left:$taut$] (57) at (0, 7) { };
\node[circle,fill,inner sep=1pt,label=left:$taut$] (58) at (0, 8) { };
\node[circle,fill,inner sep=1pt,label=left:$taut$] (59) at (0, 9) { };
\node[circle,fill,inner sep=1pt,label=left:$taut$] (60) at (0, 10) { };
\node[circle,fill,inner sep=1pt,label=left:$taut$] (61) at (0, 11) { };
\node[circle,fill,inner sep=1pt,label=left:$taut$] (62) at (0, 12) { };
\node[circle,fill,inner sep=1pt,label=left:$taut$] (63) at (0, 0) { };
\node[circle,fill,inner sep=1pt,label=left:$taut$] (64) at (0, 1) { };
\node[circle,fill,inner sep=1pt,label=left:$taut$] (65) at (0, 2) { };
\node[circle,fill,inner sep=1pt,label=left:$taut$] (66) at (0, 3) { };
\node[circle,fill,inner sep=1pt,label=left:$taut$] (67) at (0, 4) { };
\node[circle,fill,inner sep=1pt,label=left:$taut$] (68) at (0, 5) { };
\node[circle,fill,inner sep=1pt,label=left:$taut$] (69) at (0, 6) { };
\node[circle,fill,inner sep=1pt,label=left:$taut$] (70) at (0, 7) { };
\node[circle,fill,inner sep=1pt,label=left:$taut$] (71) at (0, 8) { };
\node[circle,fill,inner sep=1pt,label=left:$taut$] (72) at (0, 9) { };
\node[circle,fill,inner sep=1pt,label=left:$taut$] (73) at (0, 10) { };
\node[circle,fill,inner sep=1pt,label=left:$taut$] (74) at (0, 11) { };
\node[circle,fill,inner sep=1pt,label=left:$taut$] (75) at (0, 12) { };
\node[circle,fill,inner sep=1pt,label=left:$taut$] (76) at (0, 13) { };
\node[circle,fill,inner sep=1pt,label=left:$taut$] (77) at (0, 14) { };
\node[circle,fill,inner sep=1pt,label=left:$taut$] (78) at (0, 15) { };
\node[circle,fill,inner sep=1pt,label=left:$taut$] (79) at (0, 16) { };
\node[circle,fill,inner sep=1pt,label=left:$taut$] (80) at (0, 17) { };
\node[circle,fill,inner sep=1pt,label=left:$taut$] (81) at (0, 18) { };
\node[circle,fill,inner sep=1pt,label=left:$taut$] (82) at (0, 19) { };
\node[circle,fill,inner sep=1pt,label=left:$taut$] (83) at (0, 20) { };
\node[circle,fill,inner sep=1pt,label=left:$taut$] (84) at (0, 21) { };
\node[circle,fill,inner sep=1pt,label=left:$taut$] (85) at (0, 22) { };
\node[circle,fill,inner sep=1pt,label=left:$taut$] (86) at (0, 23) { };
\node[circle,fill,inner sep=1pt,label=left:$taut$] (87) at (0, 14) { };
\node[circle,fill,inner sep=1pt,label=left:$taut$] (88) at (0, 15) { };
\node[circle,fill,inner sep=1pt,label=left:$taut$] (89) at (0, 16) { };
\node[circle,fill,inner sep=1pt,label=left:$taut$] (90) at (0, 17) { };
\node[circle,fill,inner sep=1pt,label=left:$taut$] (91) at (0, 18) { };
\node[circle,fill,inner sep=1pt,label=left:$taut$] (92) at (0, 19) { };
\node[circle,fill,inner sep=1pt,label=left:$taut$] (93) at (0, 20) { };
\node[circle,fill,inner sep=1pt,label=left:$taut$] (94) at (0, 21) { };
\node[circle,fill,inner sep=1pt,label=left:$taut$] (95) at (0, 22) { };
\node[circle,fill,inner sep=1pt,label=left:$taut$] (96) at (0, 23) { };
\node[circle,fill,inner sep=1pt,label=left:$taut$] (97) at (0, 1) { };
\node[circle,fill,inner sep=1pt,label=left:$\%1$] (98) at (5, 2) { };
\node[circle,fill,inner sep=1pt,label=left:$\%9$] (99) at (1, 14) { };
\node[circle,fill,inner sep=1pt,label=left:$taut$] (100) at (0, 2) { };
\node[circle,fill,inner sep=1pt,label=left:$\%1$] (101) at (5, 3) { };
\node[circle,fill,inner sep=1pt,label=left:$\%10$] (102) at (4, 15) { };
\node[circle,fill,inner sep=1pt,label=left:$taut$] (103) at (0, 3) { };
\node[circle,fill,inner sep=1pt,label=left:$\%3$] (104) at (2, 4) { };
\node[circle,fill,inner sep=1pt,label=left:$\%1$] (105) at (5, 4) { };
\node[circle,fill,inner sep=1pt,label=left:$\%10$] (106) at (4, 16) { };
\node[circle,fill,inner sep=1pt,label=left:$taut$] (107) at (0, 4) { };
\node[circle,fill,inner sep=1pt,label=left:$\%3$] (108) at (2, 5) { };
\node[circle,fill,inner sep=1pt,label=left:$\%3$] (109) at (2, 8) { };
\node[circle,fill,inner sep=1pt,label=left:$\%1$] (110) at (5, 5) { };
\node[circle,fill,inner sep=1pt,label=left:$\%1$] (111) at (5, 8) { };
\node[circle,fill,inner sep=1pt,label=left:$\%10$] (112) at (4, 17) { };
\node[circle,fill,inner sep=1pt,label=left:$taut$] (113) at (0, 5) { };
\node[circle,fill,inner sep=1pt,label=left:$taut$] (114) at (0, 8) { };
\node[circle,fill,inner sep=1pt,label=left:$\%3$] (115) at (2, 6) { };
\node[circle,fill,inner sep=1pt,label=left:$\%3$] (116) at (2, 9) { };
\node[circle,fill,inner sep=1pt,label=left:$\%1$] (117) at (5, 6) { };
\node[circle,fill,inner sep=1pt,label=left:$\%1$] (118) at (5, 9) { };
\node[circle,fill,inner sep=1pt,label=left:$\%10$] (119) at (4, 18) { };
\node[circle,fill,inner sep=1pt,label=left:$taut$] (120) at (0, 6) { };
\node[circle,fill,inner sep=1pt,label=left:$taut$] (121) at (0, 9) { };
\node[circle,fill,inner sep=1pt,label=left:$\%3$] (122) at (2, 7) { };
\node[circle,fill,inner sep=1pt,label=left:$\%3$] (123) at (2, 10) { };
\node[circle,fill,inner sep=1pt,label=left:$\%1$] (124) at (5, 7) { };
\node[circle,fill,inner sep=1pt,label=left:$\%1$] (125) at (5, 10) { };
\node[circle,fill,inner sep=1pt,label=left:$\%10$] (126) at (4, 19) { };
\node[circle,fill,inner sep=1pt,label=left:$taut$] (127) at (0, 7) { };
\node[circle,fill,inner sep=1pt,label=left:$taut$] (128) at (0, 10) { };
\node[circle,fill,inner sep=1pt,label=left:$\%3$] (129) at (2, 21) { };
\node[circle,fill,inner sep=1pt,label=left:$\%3$] (130) at (2, 11) { };
\node[circle,fill,inner sep=1pt,label=left:$\%1$] (131) at (5, 21) { };
\node[circle,fill,inner sep=1pt,label=left:$\%1$] (132) at (5, 11) { };
\node[circle,fill,inner sep=1pt,label=left:$\%10$] (133) at (4, 20) { };
\node[circle,fill,inner sep=1pt,label=left:$taut$] (134) at (0, 21) { };
\node[circle,fill,inner sep=1pt,label=left:$taut$] (135) at (0, 11) { };
\node[circle,fill,inner sep=1pt,label=left:$\%3$] (136) at (2, 22) { };
\node[circle,fill,inner sep=1pt,label=left:$\%3$] (137) at (2, 12) { };
\node[circle,fill,inner sep=1pt,label=left:$\%1$] (138) at (5, 22) { };
\node[circle,fill,inner sep=1pt,label=left:$\%1$] (139) at (5, 12) { };
\node[circle,fill,inner sep=1pt,label=left:$\%10$] (140) at (4, 21) { };
\node[circle,fill,inner sep=1pt,label=left:$taut$] (141) at (0, 22) { };
\node[circle,fill,inner sep=1pt,label=left:$taut$] (142) at (0, 12) { };
\node[circle,fill,inner sep=1pt,label=left:$\%3$] (143) at (2, 23) { };
\node[circle,fill,inner sep=1pt,label=left:$\%3$] (144) at (2, 14) { };
\node[circle,fill,inner sep=1pt,label=left:$\%1$] (145) at (5, 23) { };
\node[circle,fill,inner sep=1pt,label=left:$\%1$] (146) at (5, 14) { };
\node[circle,fill,inner sep=1pt,label=left:$\%10$] (147) at (4, 22) { };
\node[circle,fill,inner sep=1pt,label=left:$taut$] (148) at (0, 23) { };
\node[circle,fill,inner sep=1pt,label=left:$taut$] (149) at (0, 0) { };
\node[circle,fill,inner sep=1pt,label=left:$taut$] (150) at (0, 1) { };
\node[circle,fill,inner sep=1pt,label=left:$taut$] (151) at (0, 2) { };
\node[circle,fill,inner sep=1pt,label=left:$taut$] (152) at (0, 3) { };
\node[circle,fill,inner sep=1pt,label=left:$taut$] (153) at (0, 4) { };
\node[circle,fill,inner sep=1pt,label=left:$taut$] (154) at (0, 5) { };
\node[circle,fill,inner sep=1pt,label=left:$taut$] (155) at (0, 6) { };
\node[circle,fill,inner sep=1pt,label=left:$taut$] (156) at (0, 7) { };
\node[circle,fill,inner sep=1pt,label=left:$taut$] (157) at (0, 8) { };
\node[circle,fill,inner sep=1pt,label=left:$taut$] (158) at (0, 9) { };
\node[circle,fill,inner sep=1pt,label=left:$taut$] (159) at (0, 10) { };
\node[circle,fill,inner sep=1pt,label=left:$taut$] (160) at (0, 11) { };
\node[circle,fill,inner sep=1pt,label=left:$taut$] (161) at (0, 12) { };
\node[circle,fill,inner sep=1pt,label=left:$taut$] (162) at (0, 13) { };
\node[circle,fill,inner sep=1pt,label=left:$taut$] (163) at (0, 14) { };
\node[circle,fill,inner sep=1pt,label=left:$taut$] (164) at (0, 15) { };
\node[circle,fill,inner sep=1pt,label=left:$taut$] (165) at (0, 16) { };
\node[circle,fill,inner sep=1pt,label=left:$taut$] (166) at (0, 17) { };
\node[circle,fill,inner sep=1pt,label=left:$taut$] (167) at (0, 18) { };
\node[circle,fill,inner sep=1pt,label=left:$taut$] (168) at (0, 19) { };
\node[circle,fill,inner sep=1pt,label=left:$taut$] (169) at (0, 20) { };
\node[circle,fill,inner sep=1pt,label=left:$taut$] (170) at (0, 21) { };
\node[circle,fill,inner sep=1pt,label=left:$taut$] (171) at (0, 22) { };
\node[circle,fill,inner sep=1pt,label=left:$taut$] (172) at (0, 23) { };
\node[circle,fill,inner sep=1pt,label=left:$taut$] (173) at (0, 13) { };
\node[circle,fill,inner sep=1pt,label=left:$\%11$] (174) at (3, 23) { };
\node[circle,fill,inner sep=1pt,label=left:$\%10$] (175) at (4, 23) { };
\node[circle,fill,inner sep=1pt,label=left:$taut$] (176) at (0, 0) { };
\node[circle,fill,inner sep=1pt,label=left:$taut$] (177) at (0, 1) { };
\node[circle,fill,inner sep=1pt,label=left:$taut$] (178) at (0, 2) { };
\node[circle,fill,inner sep=1pt,label=left:$taut$] (179) at (0, 3) { };
\node[circle,fill,inner sep=1pt,label=left:$taut$] (180) at (0, 4) { };
\node[circle,fill,inner sep=1pt,label=left:$taut$] (181) at (0, 5) { };
\node[circle,fill,inner sep=1pt,label=left:$taut$] (182) at (0, 6) { };
\node[circle,fill,inner sep=1pt,label=left:$taut$] (183) at (0, 7) { };
\node[circle,fill,inner sep=1pt,label=left:$taut$] (184) at (0, 8) { };
\node[circle,fill,inner sep=1pt,label=left:$taut$] (185) at (0, 9) { };
\node[circle,fill,inner sep=1pt,label=left:$taut$] (186) at (0, 10) { };
\node[circle,fill,inner sep=1pt,label=left:$taut$] (187) at (0, 11) { };
\node[circle,fill,inner sep=1pt,label=left:$taut$] (188) at (0, 12) { };
\node[circle,fill,inner sep=1pt,label=left:$taut$] (189) at (0, 13) { };
\node[circle,fill,inner sep=1pt,label=left:$taut$] (190) at (0, 14) { };
\node[circle,fill,inner sep=1pt,label=left:$taut$] (191) at (0, 15) { };
\node[circle,fill,inner sep=1pt,label=left:$taut$] (192) at (0, 16) { };
\node[circle,fill,inner sep=1pt,label=left:$taut$] (193) at (0, 17) { };
\node[circle,fill,inner sep=1pt,label=left:$taut$] (194) at (0, 18) { };
\node[circle,fill,inner sep=1pt,label=left:$taut$] (195) at (0, 19) { };
\node[circle,fill,inner sep=1pt,label=left:$taut$] (196) at (0, 20) { };
\node[circle,fill,inner sep=1pt,label=left:$taut$] (197) at (0, 21) { };
\node[circle,fill,inner sep=1pt,label=left:$taut$] (198) at (0, 22) { };
\node[circle,fill,inner sep=1pt,label=left:$taut$] (199) at (0, 23) { };
\node[circle,fill,inner sep=1pt,label=left:$taut$] (200) at (0, 24) { };
\node[circle,fill,inner sep=1pt,label=left:$taut$] (201) at (0, 1) { };
\node[circle,fill,inner sep=1pt,label=left:$\%1$] (202) at (5, 2) { };
\node[circle,fill,inner sep=1pt,label=left:$\%9$] (203) at (1, 14) { };
\node[circle,fill,inner sep=1pt,label=left:$taut$] (204) at (0, 2) { };
\node[circle,fill,inner sep=1pt,label=left:$\%1$] (205) at (5, 3) { };
\node[circle,fill,inner sep=1pt,label=left:$\%10$] (206) at (4, 15) { };
\node[circle,fill,inner sep=1pt,label=left:$\%9$] (207) at (1, 15) { };
\node[circle,fill,inner sep=1pt,label=left:$taut$] (208) at (0, 3) { };
\node[circle,fill,inner sep=1pt,label=left:$\%3$] (209) at (2, 4) { };
\node[circle,fill,inner sep=1pt,label=left:$\%1$] (210) at (5, 4) { };
\node[circle,fill,inner sep=1pt,label=left:$\%10$] (211) at (4, 16) { };
\node[circle,fill,inner sep=1pt,label=left:$taut$] (212) at (0, 4) { };
\node[circle,fill,inner sep=1pt,label=left:$\%3$] (213) at (2, 5) { };
\node[circle,fill,inner sep=1pt,label=left:$\%3$] (214) at (2, 8) { };
\node[circle,fill,inner sep=1pt,label=left:$\%1$] (215) at (5, 5) { };
\node[circle,fill,inner sep=1pt,label=left:$\%1$] (216) at (5, 8) { };
\node[circle,fill,inner sep=1pt,label=left:$\%10$] (217) at (4, 17) { };
\node[circle,fill,inner sep=1pt,label=left:$taut$] (218) at (0, 5) { };
\node[circle,fill,inner sep=1pt,label=left:$taut$] (219) at (0, 8) { };
\node[circle,fill,inner sep=1pt,label=left:$\%3$] (220) at (2, 6) { };
\node[circle,fill,inner sep=1pt,label=left:$\%3$] (221) at (2, 9) { };
\node[circle,fill,inner sep=1pt,label=left:$\%1$] (222) at (5, 6) { };
\node[circle,fill,inner sep=1pt,label=left:$\%1$] (223) at (5, 9) { };
\node[circle,fill,inner sep=1pt,label=left:$\%10$] (224) at (4, 18) { };
\node[circle,fill,inner sep=1pt,label=left:$taut$] (225) at (0, 6) { };
\node[circle,fill,inner sep=1pt,label=left:$taut$] (226) at (0, 9) { };
\node[circle,fill,inner sep=1pt,label=left:$\%3$] (227) at (2, 7) { };
\node[circle,fill,inner sep=1pt,label=left:$\%3$] (228) at (2, 10) { };
\node[circle,fill,inner sep=1pt,label=left:$\%1$] (229) at (5, 7) { };
\node[circle,fill,inner sep=1pt,label=left:$\%1$] (230) at (5, 10) { };
\node[circle,fill,inner sep=1pt,label=left:$\%10$] (231) at (4, 19) { };
\node[circle,fill,inner sep=1pt,label=left:$taut$] (232) at (0, 7) { };
\node[circle,fill,inner sep=1pt,label=left:$taut$] (233) at (0, 10) { };
\node[circle,fill,inner sep=1pt,label=left:$\%3$] (234) at (2, 21) { };
\node[circle,fill,inner sep=1pt,label=left:$\%3$] (235) at (2, 11) { };
\node[circle,fill,inner sep=1pt,label=left:$\%1$] (236) at (5, 21) { };
\node[circle,fill,inner sep=1pt,label=left:$\%1$] (237) at (5, 11) { };
\node[circle,fill,inner sep=1pt,label=left:$\%10$] (238) at (4, 20) { };
\node[circle,fill,inner sep=1pt,label=left:$taut$] (239) at (0, 21) { };
\node[circle,fill,inner sep=1pt,label=left:$taut$] (240) at (0, 11) { };
\node[circle,fill,inner sep=1pt,label=left:$\%3$] (241) at (2, 22) { };
\node[circle,fill,inner sep=1pt,label=left:$\%3$] (242) at (2, 12) { };
\node[circle,fill,inner sep=1pt,label=left:$\%1$] (243) at (5, 22) { };
\node[circle,fill,inner sep=1pt,label=left:$\%1$] (244) at (5, 12) { };
\node[circle,fill,inner sep=1pt,label=left:$\%10$] (245) at (4, 21) { };
\node[circle,fill,inner sep=1pt,label=left:$taut$] (246) at (0, 22) { };
\node[circle,fill,inner sep=1pt,label=left:$taut$] (247) at (0, 12) { };
\node[circle,fill,inner sep=1pt,label=left:$\%3$] (248) at (2, 23) { };
\node[circle,fill,inner sep=1pt,label=left:$\%3$] (249) at (2, 13) { };
\node[circle,fill,inner sep=1pt,label=left:$\%1$] (250) at (5, 23) { };
\node[circle,fill,inner sep=1pt,label=left:$\%1$] (251) at (5, 13) { };
\node[circle,fill,inner sep=1pt,label=left:$\%10$] (252) at (4, 22) { };
\node[circle,fill,inner sep=1pt,label=left:$taut$] (253) at (0, 23) { };
\node[circle,fill,inner sep=1pt,label=left:$taut$] (254) at (0, 13) { };
\node[circle,fill,inner sep=1pt,label=left:$\%3$] (255) at (2, 24) { };
\node[circle,fill,inner sep=1pt,label=left:$\%3$] (256) at (2, 14) { };
\node[circle,fill,inner sep=1pt,label=left:$\%1$] (257) at (5, 24) { };
\node[circle,fill,inner sep=1pt,label=left:$\%1$] (258) at (5, 14) { };
\node[circle,fill,inner sep=1pt,label=left:$\%11$] (259) at (3, 23) { };
\node[circle,fill,inner sep=1pt,label=left:$\%10$] (260) at (4, 23) { };
\node[circle,fill,inner sep=1pt,label=left:$taut$] (261) at (0, 24) { };
\node[circle,fill,inner sep=1pt,label=left:$\%11$] (262) at (3, 24) { };
\node[circle,fill,inner sep=1pt,label=left:$\%10$] (263) at (4, 24) { };
\node[circle,fill,inner sep=1pt,label=left:$taut$] (264) at (0, 0) { };
\node[circle,fill,inner sep=1pt,label=left:$taut$] (265) at (0, 1) { };
\node[circle,fill,inner sep=1pt,label=left:$taut$] (266) at (0, 2) { };
\node[circle,fill,inner sep=1pt,label=left:$taut$] (267) at (0, 3) { };
\node[circle,fill,inner sep=1pt,label=left:$taut$] (268) at (0, 4) { };
\node[circle,fill,inner sep=1pt,label=left:$taut$] (269) at (0, 5) { };
\node[circle,fill,inner sep=1pt,label=left:$taut$] (270) at (0, 6) { };
\node[circle,fill,inner sep=1pt,label=left:$taut$] (271) at (0, 7) { };
\node[circle,fill,inner sep=1pt,label=left:$taut$] (272) at (0, 8) { };
\node[circle,fill,inner sep=1pt,label=left:$taut$] (273) at (0, 9) { };
\node[circle,fill,inner sep=1pt,label=left:$taut$] (274) at (0, 10) { };
\node[circle,fill,inner sep=1pt,label=left:$taut$] (275) at (0, 11) { };
\node[circle,fill,inner sep=1pt,label=left:$taut$] (276) at (0, 12) { };
\node[circle,fill,inner sep=1pt,label=left:$taut$] (277) at (0, 13) { };
\node[circle,fill,inner sep=1pt,label=left:$taut$] (278) at (0, 14) { };
\node[circle,fill,inner sep=1pt,label=left:$taut$] (279) at (0, 15) { };
\node[circle,fill,inner sep=1pt,label=left:$taut$] (280) at (0, 16) { };
\node[circle,fill,inner sep=1pt,label=left:$taut$] (281) at (0, 17) { };
\node[circle,fill,inner sep=1pt,label=left:$taut$] (282) at (0, 18) { };
\node[circle,fill,inner sep=1pt,label=left:$taut$] (283) at (0, 19) { };
\node[circle,fill,inner sep=1pt,label=left:$taut$] (284) at (0, 20) { };
\node[circle,fill,inner sep=1pt,label=left:$taut$] (285) at (0, 21) { };
\node[circle,fill,inner sep=1pt,label=left:$taut$] (286) at (0, 22) { };
\node[circle,fill,inner sep=1pt,label=left:$taut$] (287) at (0, 23) { };
\node[circle,fill,inner sep=1pt,label=left:$taut$] (288) at (0, 24) { };
\node[circle,fill,inner sep=1pt,label=left:$taut$] (289) at (0, 1) { };
\node[circle,fill,inner sep=1pt,label=left:$\%1$] (290) at (5, 2) { };
\node[circle,fill,inner sep=1pt,label=left:$taut$] (291) at (0, 1) { };
\node[circle,fill,inner sep=1pt,label=left:$taut$] (292) at (0, 2) { };
\node[circle,fill,inner sep=1pt,label=left:$taut$] (293) at (0, 3) { };
\node[circle,fill,inner sep=1pt,label=left:$taut$] (294) at (0, 4) { };
\node[circle,fill,inner sep=1pt,label=left:$taut$] (295) at (0, 5) { };
\node[circle,fill,inner sep=1pt,label=left:$taut$] (296) at (0, 8) { };
\node[circle,fill,inner sep=1pt,label=left:$taut$] (297) at (0, 6) { };
\node[circle,fill,inner sep=1pt,label=left:$taut$] (298) at (0, 7) { };
\node[circle,fill,inner sep=1pt,label=left:$taut$] (299) at (0, 21) { };
\node[circle,fill,inner sep=1pt,label=left:$taut$] (300) at (0, 9) { };
\node[circle,fill,inner sep=1pt,label=left:$taut$] (301) at (0, 10) { };
\node[circle,fill,inner sep=1pt,label=left:$taut$] (302) at (0, 11) { };
\node[circle,fill,inner sep=1pt,label=left:$taut$] (303) at (0, 12) { };
\node[circle,fill,inner sep=1pt,label=left:$taut$] (304) at (0, 13) { };
\node[circle,fill,inner sep=1pt,label=left:$taut$] (305) at (0, 0) { };
\node[circle,fill,inner sep=1pt,label=left:$taut$] (306) at (0, 1) { };
\node[circle,fill,inner sep=1pt,label=left:$taut$] (307) at (0, 2) { };
\node[circle,fill,inner sep=1pt,label=left:$taut$] (308) at (0, 3) { };
\node[circle,fill,inner sep=1pt,label=left:$taut$] (309) at (0, 4) { };
\node[circle,fill,inner sep=1pt,label=left:$taut$] (310) at (0, 5) { };
\node[circle,fill,inner sep=1pt,label=left:$taut$] (311) at (0, 6) { };
\node[circle,fill,inner sep=1pt,label=left:$taut$] (312) at (0, 7) { };
\node[circle,fill,inner sep=1pt,label=left:$taut$] (313) at (0, 8) { };
\node[circle,fill,inner sep=1pt,label=left:$taut$] (314) at (0, 9) { };
\node[circle,fill,inner sep=1pt,label=left:$taut$] (315) at (0, 10) { };
\node[circle,fill,inner sep=1pt,label=left:$taut$] (316) at (0, 11) { };
\node[circle,fill,inner sep=1pt,label=left:$taut$] (317) at (0, 12) { };
\node[circle,fill,inner sep=1pt,label=left:$taut$] (318) at (0, 13) { };
\node[circle,fill,inner sep=1pt,label=left:$taut$] (319) at (0, 14) { };
\node[circle,fill,inner sep=1pt,label=left:$taut$] (320) at (0, 15) { };
\node[circle,fill,inner sep=1pt,label=left:$taut$] (321) at (0, 16) { };
\node[circle,fill,inner sep=1pt,label=left:$taut$] (322) at (0, 17) { };
\node[circle,fill,inner sep=1pt,label=left:$taut$] (323) at (0, 18) { };
\node[circle,fill,inner sep=1pt,label=left:$taut$] (324) at (0, 19) { };
\node[circle,fill,inner sep=1pt,label=left:$taut$] (325) at (0, 20) { };
\node[circle,fill,inner sep=1pt,label=left:$taut$] (326) at (0, 21) { };
\node[circle,fill,inner sep=1pt,label=left:$taut$] (327) at (0, 22) { };
\node[circle,fill,inner sep=1pt,label=left:$taut$] (328) at (0, 23) { };
\node[circle,fill,inner sep=1pt,label=left:$taut$] (329) at (0, 24) { };
\node[circle,fill,inner sep=1pt,label=left:$taut$] (330) at (0, 15) { };
\node[circle,fill,inner sep=1pt,label=left:$taut$] (331) at (0, 16) { };
\node[circle,fill,inner sep=1pt,label=left:$taut$] (332) at (0, 17) { };
\node[circle,fill,inner sep=1pt,label=left:$taut$] (333) at (0, 18) { };
\node[circle,fill,inner sep=1pt,label=left:$taut$] (334) at (0, 19) { };
\node[circle,fill,inner sep=1pt,label=left:$taut$] (335) at (0, 20) { };
\node[circle,fill,inner sep=1pt,label=left:$taut$] (336) at (0, 21) { };
\node[circle,fill,inner sep=1pt,label=left:$taut$] (337) at (0, 22) { };
\node[circle,fill,inner sep=1pt,label=left:$taut$] (338) at (0, 23) { };
\node[circle,fill,inner sep=1pt,label=left:$taut$] (339) at (0, 24) { };
\node[circle,fill,inner sep=1pt,label=left:$taut$] (340) at (0, 2) { };
\node[circle,fill,inner sep=1pt,label=left:$\%1$] (341) at (5, 3) { };
\node[circle,fill,inner sep=1pt,label=left:$\%10$] (342) at (4, 15) { };
\node[circle,fill,inner sep=1pt,label=left:$\%9$] (343) at (1, 15) { };
\node[circle,fill,inner sep=1pt,label=left:$taut$] (344) at (0, 3) { };
\node[circle,fill,inner sep=1pt,label=left:$\%3$] (345) at (2, 4) { };
\node[circle,fill,inner sep=1pt,label=left:$\%1$] (346) at (5, 4) { };
\node[circle,fill,inner sep=1pt,label=left:$\%10$] (347) at (4, 16) { };
\node[circle,fill,inner sep=1pt,label=left:$taut$] (348) at (0, 4) { };
\node[circle,fill,inner sep=1pt,label=left:$\%3$] (349) at (2, 5) { };
\node[circle,fill,inner sep=1pt,label=left:$\%3$] (350) at (2, 8) { };
\node[circle,fill,inner sep=1pt,label=left:$\%1$] (351) at (5, 5) { };
\node[circle,fill,inner sep=1pt,label=left:$\%1$] (352) at (5, 8) { };
\node[circle,fill,inner sep=1pt,label=left:$\%10$] (353) at (4, 17) { };
\node[circle,fill,inner sep=1pt,label=left:$taut$] (354) at (0, 5) { };
\node[circle,fill,inner sep=1pt,label=left:$taut$] (355) at (0, 8) { };
\node[circle,fill,inner sep=1pt,label=left:$\%3$] (356) at (2, 6) { };
\node[circle,fill,inner sep=1pt,label=left:$\%3$] (357) at (2, 9) { };
\node[circle,fill,inner sep=1pt,label=left:$\%1$] (358) at (5, 6) { };
\node[circle,fill,inner sep=1pt,label=left:$\%1$] (359) at (5, 9) { };
\node[circle,fill,inner sep=1pt,label=left:$\%10$] (360) at (4, 18) { };
\node[circle,fill,inner sep=1pt,label=left:$taut$] (361) at (0, 6) { };
\node[circle,fill,inner sep=1pt,label=left:$taut$] (362) at (0, 9) { };
\node[circle,fill,inner sep=1pt,label=left:$\%3$] (363) at (2, 7) { };
\node[circle,fill,inner sep=1pt,label=left:$\%3$] (364) at (2, 10) { };
\node[circle,fill,inner sep=1pt,label=left:$\%1$] (365) at (5, 7) { };
\node[circle,fill,inner sep=1pt,label=left:$\%1$] (366) at (5, 10) { };
\node[circle,fill,inner sep=1pt,label=left:$\%10$] (367) at (4, 19) { };
\node[circle,fill,inner sep=1pt,label=left:$taut$] (368) at (0, 7) { };
\node[circle,fill,inner sep=1pt,label=left:$taut$] (369) at (0, 10) { };
\node[circle,fill,inner sep=1pt,label=left:$\%3$] (370) at (2, 21) { };
\node[circle,fill,inner sep=1pt,label=left:$\%3$] (371) at (2, 11) { };
\node[circle,fill,inner sep=1pt,label=left:$\%1$] (372) at (5, 21) { };
\node[circle,fill,inner sep=1pt,label=left:$\%1$] (373) at (5, 11) { };
\node[circle,fill,inner sep=1pt,label=left:$\%10$] (374) at (4, 20) { };
\node[circle,fill,inner sep=1pt,label=left:$taut$] (375) at (0, 21) { };
\node[circle,fill,inner sep=1pt,label=left:$taut$] (376) at (0, 11) { };
\node[circle,fill,inner sep=1pt,label=left:$\%3$] (377) at (2, 22) { };
\node[circle,fill,inner sep=1pt,label=left:$\%3$] (378) at (2, 12) { };
\node[circle,fill,inner sep=1pt,label=left:$\%1$] (379) at (5, 22) { };
\node[circle,fill,inner sep=1pt,label=left:$\%1$] (380) at (5, 12) { };
\node[circle,fill,inner sep=1pt,label=left:$\%10$] (381) at (4, 21) { };
\node[circle,fill,inner sep=1pt,label=left:$taut$] (382) at (0, 22) { };
\node[circle,fill,inner sep=1pt,label=left:$taut$] (383) at (0, 12) { };
\node[circle,fill,inner sep=1pt,label=left:$\%3$] (384) at (2, 23) { };
\node[circle,fill,inner sep=1pt,label=left:$\%3$] (385) at (2, 13) { };
\node[circle,fill,inner sep=1pt,label=left:$\%1$] (386) at (5, 23) { };
\node[circle,fill,inner sep=1pt,label=left:$\%1$] (387) at (5, 13) { };
\node[circle,fill,inner sep=1pt,label=left:$\%10$] (388) at (4, 22) { };
\node[circle,fill,inner sep=1pt,label=left:$taut$] (389) at (0, 23) { };
\node[circle,fill,inner sep=1pt,label=left:$taut$] (390) at (0, 13) { };
\node[circle,fill,inner sep=1pt,label=left:$\%3$] (391) at (2, 24) { };
\node[circle,fill,inner sep=1pt,label=left:$\%3$] (392) at (2, 14) { };
\node[circle,fill,inner sep=1pt,label=left:$\%1$] (393) at (5, 24) { };
\node[circle,fill,inner sep=1pt,label=left:$\%1$] (394) at (5, 14) { };
\node[circle,fill,inner sep=1pt,label=left:$\%11$] (395) at (3, 23) { };
\node[circle,fill,inner sep=1pt,label=left:$\%10$] (396) at (4, 23) { };
\node[circle,fill,inner sep=1pt,label=left:$taut$] (397) at (0, 24) { };
\node[circle,fill,inner sep=1pt,label=left:$taut$] (398) at (0, 0) { };
\node[circle,fill,inner sep=1pt,label=left:$taut$] (399) at (0, 1) { };
\node[circle,fill,inner sep=1pt,label=left:$taut$] (400) at (0, 2) { };
\node[circle,fill,inner sep=1pt,label=left:$taut$] (401) at (0, 3) { };
\node[circle,fill,inner sep=1pt,label=left:$taut$] (402) at (0, 4) { };
\node[circle,fill,inner sep=1pt,label=left:$taut$] (403) at (0, 5) { };
\node[circle,fill,inner sep=1pt,label=left:$taut$] (404) at (0, 6) { };
\node[circle,fill,inner sep=1pt,label=left:$taut$] (405) at (0, 7) { };
\node[circle,fill,inner sep=1pt,label=left:$taut$] (406) at (0, 8) { };
\node[circle,fill,inner sep=1pt,label=left:$taut$] (407) at (0, 9) { };
\node[circle,fill,inner sep=1pt,label=left:$taut$] (408) at (0, 10) { };
\node[circle,fill,inner sep=1pt,label=left:$taut$] (409) at (0, 11) { };
\node[circle,fill,inner sep=1pt,label=left:$taut$] (410) at (0, 12) { };
\node[circle,fill,inner sep=1pt,label=left:$taut$] (411) at (0, 13) { };
\node[circle,fill,inner sep=1pt,label=left:$taut$] (412) at (0, 14) { };
\node[circle,fill,inner sep=1pt,label=left:$taut$] (413) at (0, 15) { };
\node[circle,fill,inner sep=1pt,label=left:$taut$] (414) at (0, 16) { };
\node[circle,fill,inner sep=1pt,label=left:$taut$] (415) at (0, 17) { };
\node[circle,fill,inner sep=1pt,label=left:$taut$] (416) at (0, 18) { };
\node[circle,fill,inner sep=1pt,label=left:$taut$] (417) at (0, 19) { };
\node[circle,fill,inner sep=1pt,label=left:$taut$] (418) at (0, 20) { };
\node[circle,fill,inner sep=1pt,label=left:$taut$] (419) at (0, 21) { };
\node[circle,fill,inner sep=1pt,label=left:$taut$] (420) at (0, 22) { };
\node[circle,fill,inner sep=1pt,label=left:$taut$] (421) at (0, 23) { };
\node[circle,fill,inner sep=1pt,label=left:$taut$] (422) at (0, 24) { };
\node[circle,fill,inner sep=1pt,label=left:$taut$] (423) at (0, 14) { };
\node[circle,fill,inner sep=1pt,label=left:$\%9$] (424) at (1, 14) { };
\node[circle,fill,inner sep=1pt,label=left:$\%11$] (425) at (3, 24) { };
\node[circle,fill,inner sep=1pt,label=left:$\%10$] (426) at (4, 24) { };
\node[font=\tiny] (note_0) at (-1.5, 0.5) {Block(0)};
\node[font=\tiny] (note_1) at (-1.5, 1.5) {Assign(1, 0)};
\node[font=\tiny] (note_2) at (-1.5, 2.5) {Const(2, 0.0)};
\node[font=\tiny] (note_3) at (-1.5, 3.5) {BinOp(3, 2, 1)};
\node[font=\tiny] (note_4) at (-1.5, 4.5) {Conditional(3, [1, 2])};
\node[font=\tiny] (note_5) at (-1.5, 5.5) {Block(1)};
\node[font=\tiny] (note_6) at (-1.5, 6.5) {Const(4, 1.0)};
\node[font=\tiny] (note_7) at (-1.5, 7.5) {Jump(3)};
\node[font=\tiny] (note_8) at (-1.5, 8.5) {Block(2)};
\node[font=\tiny] (note_9) at (-1.5, 9.5) {Assign(5, 0)};
\node[font=\tiny] (note_10) at (-1.5, 10.5) {Assign(6, 0)};
\node[font=\tiny] (note_11) at (-1.5, 11.5) {Const(7, 1.0)};
\node[font=\tiny] (note_12) at (-1.5, 12.5) {BinOp(8, 7, 6)};
\node[font=\tiny] (note_13) at (-1.5, 13.5) {Call(0, [8], [9])};
\node[font=\tiny] (note_14) at (-1.5, 14.5) {BinOp(10, 9, 8)};
\node[font=\tiny] (note_15) at (-1.5, 15.5) {Kill(9)};
\node[font=\tiny] (note_16) at (-1.5, 16.5) {Kill(8)};
\node[font=\tiny] (note_17) at (-1.5, 17.5) {Kill(7)};
\node[font=\tiny] (note_18) at (-1.5, 18.5) {Kill(6)};
\node[font=\tiny] (note_19) at (-1.5, 19.5) {Kill(5)};
\node[font=\tiny] (note_20) at (-1.5, 20.5) {Jump(3)};
\node[font=\tiny] (note_21) at (-1.5, 21.5) {Block(3)};
\node[font=\tiny] (note_22) at (-1.5, 22.5) {Phi(11, 4, 10)};
\node[font=\tiny] (note_23) at (-1.5, 23.5) {Return([11])};
\node[font=\tiny] (note_24) at (-1.5, 0.5) {Block(0)};
\node[font=\tiny] (note_25) at (-1.5, 1.5) {Assign(1, 0)};
\node[font=\tiny] (note_26) at (-1.5, 2.5) {Const(2, 0.0)};
\node[font=\tiny] (note_27) at (-1.5, 3.5) {BinOp(3, 2, 1)};
\node[font=\tiny] (note_28) at (-1.5, 4.5) {Conditional(3, [1, 2])};
\node[font=\tiny] (note_29) at (-1.5, 5.5) {Block(1)};
\node[font=\tiny] (note_30) at (-1.5, 6.5) {Const(4, 1.0)};
\node[font=\tiny] (note_31) at (-1.5, 7.5) {Jump(3)};
\node[font=\tiny] (note_32) at (-1.5, 8.5) {Block(2)};
\node[font=\tiny] (note_33) at (-1.5, 9.5) {Assign(5, 0)};
\node[font=\tiny] (note_34) at (-1.5, 10.5) {Assign(6, 0)};
\node[font=\tiny] (note_35) at (-1.5, 11.5) {Const(7, 1.0)};
\node[font=\tiny] (note_36) at (-1.5, 12.5) {BinOp(8, 7, 6)};
\node[font=\tiny] (note_37) at (-1.5, 13.5) {Call(0, [8], [9])};
\node[font=\tiny] (note_38) at (-1.5, 14.5) {BinOp(10, 9, 8)};
\node[font=\tiny] (note_39) at (-1.5, 15.5) {Kill(9)};
\node[font=\tiny] (note_40) at (-1.5, 16.5) {Kill(8)};
\node[font=\tiny] (note_41) at (-1.5, 17.5) {Kill(7)};
\node[font=\tiny] (note_42) at (-1.5, 18.5) {Kill(6)};
\node[font=\tiny] (note_43) at (-1.5, 19.5) {Kill(5)};
\node[font=\tiny] (note_44) at (-1.5, 20.5) {Jump(3)};
\node[font=\tiny] (note_45) at (-1.5, 21.5) {Block(3)};
\node[font=\tiny] (note_46) at (-1.5, 22.5) {Phi(11, 4, 10)};
\node[font=\tiny] (note_47) at (-1.5, 23.5) {Return([11])};
\node[font=\tiny] (note_48) at (-1.5, 0.5) {Block(0)};
\node[font=\tiny] (note_49) at (-1.5, 1.5) {Assign(1, 0)};
\node[font=\tiny] (note_50) at (-1.5, 2.5) {Const(2, 0.0)};
\node[font=\tiny] (note_51) at (-1.5, 3.5) {BinOp(3, 2, 1)};
\node[font=\tiny] (note_52) at (-1.5, 4.5) {Conditional(3, [1, 2])};
\node[font=\tiny] (note_53) at (-1.5, 5.5) {Block(1)};
\node[font=\tiny] (note_54) at (-1.5, 6.5) {Const(4, 1.0)};
\node[font=\tiny] (note_55) at (-1.5, 7.5) {Jump(3)};
\node[font=\tiny] (note_56) at (-1.5, 8.5) {Block(2)};
\node[font=\tiny] (note_57) at (-1.5, 9.5) {Assign(5, 0)};
\node[font=\tiny] (note_58) at (-1.5, 10.5) {Assign(6, 0)};
\node[font=\tiny] (note_59) at (-1.5, 11.5) {Const(7, 1.0)};
\node[font=\tiny] (note_60) at (-1.5, 12.5) {BinOp(8, 7, 6)};
\node[font=\tiny] (note_61) at (-1.5, 13.5) {Call(0, [8], [9])};
\node[font=\tiny] (note_62) at (-1.5, 14.5) {BinOp(10, 9, 8)};
\node[font=\tiny] (note_63) at (-1.5, 15.5) {Kill(9)};
\node[font=\tiny] (note_64) at (-1.5, 16.5) {Kill(8)};
\node[font=\tiny] (note_65) at (-1.5, 17.5) {Kill(7)};
\node[font=\tiny] (note_66) at (-1.5, 18.5) {Kill(6)};
\node[font=\tiny] (note_67) at (-1.5, 19.5) {Kill(5)};
\node[font=\tiny] (note_68) at (-1.5, 20.5) {Jump(3)};
\node[font=\tiny] (note_69) at (-1.5, 21.5) {Block(3)};
\node[font=\tiny] (note_70) at (-1.5, 22.5) {Phi(11, 4, 10)};
\node[font=\tiny] (note_71) at (-1.5, 23.5) {Return([11])};
		\path[->, blue] (0) [loop right] edge  node { } (0);
		\path[->, blue] (0) [bend right] edge  node { } (1);
		\path[->, blue] (0) [bend right] edge  node { } (26);
		\path[->, blue] (0) [bend right] edge  node { } (27);
		\path[->, blue] (0) [bend right] edge  node { } (28);
		\path[->, blue] (0) [bend right] edge  node { } (29);
		\path[->, blue] (0) [bend right] edge  node { } (30);
		\path[->, blue] (0) [bend right] edge  node { } (31);
		\path[->, blue] (0) [bend right] edge  node { } (32);
		\path[->, blue] (0) [bend right] edge  node { } (33);
		\path[->, blue] (0) [bend right] edge  node { } (34);
		\path[->, blue] (0) [bend right] edge  node { } (35);
		\path[->, blue] (0) [bend right] edge  node { } (36);
		\path[->, blue] (0) [bend right] edge  node { } (37);
		\path[->, blue] (0) [bend right] edge  node { } (38);
		\path[->, blue] (0) [bend right] edge  node { } (39);
		\path[->, blue] (0) [bend right] edge  node { } (40);
		\path[->, blue] (0) [bend right] edge  node { } (41);
		\path[->, blue] (0) [bend right] edge  node { } (42);
		\path[->, blue] (0) [bend right] edge  node { } (43);
		\path[->, blue] (0) [bend right] edge  node { } (44);
		\path[->, blue] (0) [bend right] edge  node { } (45);
		\path[->, blue] (0) [bend right] edge  node { } (46);
		\path[->, blue] (0) [bend right] edge  node { } (47);
		\path[->, blue] (0) [bend right] edge  node { } (200);
		\path[->, blue] (1) [loop right] edge  node { } (1);
		\path[->, blue] (1) [bend right] edge  node { } (98);
		\path[->, blue] (0) [bend right] edge  node { } (99);
		\path[->, blue] (1) [bend right] edge  node { } (26);
		\path[->, blue] (1) [bend right] edge  node { } (101);
		\path[->, blue] (0) [bend right] edge  node { } (102);
		\path[->, blue] (0) [bend right] edge  node { } (207);
		\path[->, blue] (1) [bend right] edge  node { } (27);
		\path[->, blue] (1) [bend right] edge  node { } (104);
		\path[->, blue] (1) [bend right] edge  node { } (105);
		\path[->, blue] (0) [bend right] edge  node { } (106);
		\path[->, blue] (1) [bend right] edge  node { } (28);
		\path[->, blue] (1) [bend right] edge  node { } (108);
		\path[->, blue] (1) [bend right] edge  node { } (109);
		\path[->, blue] (1) [bend right] edge  node { } (110);
		\path[->, blue] (1) [bend right] edge  node { } (111);
		\path[->, blue] (0) [bend right] edge  node { } (112);
		\path[->, blue] (1) [bend right] edge  node { } (29);
		\path[->, blue] (1) [bend right] edge  node { } (32);
		\path[->, blue] (1) [bend right] edge  node { } (115);
		\path[->, blue] (1) [bend right] edge  node { } (116);
		\path[->, blue] (1) [bend right] edge  node { } (117);
		\path[->, blue] (1) [bend right] edge  node { } (118);
		\path[->, blue] (0) [bend right] edge  node { } (119);
		\path[->, blue] (1) [bend right] edge  node { } (30);
		\path[->, blue] (1) [bend right] edge  node { } (33);
		\path[->, blue] (1) [bend right] edge  node { } (122);
		\path[->, blue] (1) [bend right] edge  node { } (123);
		\path[->, blue] (1) [bend right] edge  node { } (124);
		\path[->, blue] (1) [bend right] edge  node { } (125);
		\path[->, blue] (0) [bend right] edge  node { } (126);
		\path[->, blue] (1) [bend right] edge  node { } (31);
		\path[->, blue] (1) [bend right] edge  node { } (34);
		\path[->, blue] (1) [bend right] edge  node { } (129);
		\path[->, blue] (1) [bend right] edge  node { } (130);
		\path[->, blue] (1) [bend right] edge  node { } (131);
		\path[->, blue] (1) [bend right] edge  node { } (132);
		\path[->, blue] (0) [bend right] edge  node { } (133);
		\path[->, blue] (1) [bend right] edge  node { } (45);
		\path[->, blue] (1) [bend right] edge  node { } (35);
		\path[->, blue] (1) [bend right] edge  node { } (136);
		\path[->, blue] (1) [bend right] edge  node { } (137);
		\path[->, blue] (1) [bend right] edge  node { } (138);
		\path[->, blue] (1) [bend right] edge  node { } (139);
		\path[->, blue] (0) [bend right] edge  node { } (140);
		\path[->, blue] (1) [bend right] edge  node { } (46);
		\path[->, blue] (1) [bend right] edge  node { } (36);
		\path[->, blue] (1) [bend right] edge  node { } (143);
		\path[->, blue] (1) [bend right] edge  node { } (249);
		\path[->, blue] (1) [bend right] edge  node { } (145);
		\path[->, blue] (1) [bend right] edge  node { } (251);
		\path[->, blue] (0) [bend right] edge  node { } (147);
		\path[->, blue] (1) [bend right] edge  node { } (47);
		\path[->, blue] (1) [bend right] edge  node { } (37);
		\path[->, blue] (1) [bend right] edge  node { } (255);
		\path[->, blue] (0) [bend right] edge  node { } (144);
		\path[->, blue] (1) [bend right] edge  node { } (257);
		\path[->, blue] (0) [bend right] edge  node { } (146);
		\path[->, blue] (0) [bend right] edge  node { } (174);
		\path[->, blue] (0) [bend right] edge  node { } (175);
		\path[->, blue] (1) [bend right] edge  node { } (200);
		\path[->, blue] (0) [bend right] edge  node { } (262);
		\path[->, blue] (0) [bend right] edge  node { } (263);
		\path[->] (0) edge (0);
		\path[->] (0) edge (1);
		\path[->] (1) edge (26);
		\path[->] (26) edge (27);
		\path[->] (27) edge (28);
		\path[->] (28) edge (29);
		\path[->] (29) edge (30);
		\path[->] (30) edge (31);
		\path[->] (31) edge (32);
		\path[->] (32) edge (33);
		\path[->] (33) edge (34);
		\path[->] (34) edge (35);
		\path[->] (35) edge (36);
		\path[->] (36) edge (37);
		\path[->] (37) edge (38);
		\path[->] (38) edge (39);
		\path[->] (39) edge (40);
		\path[->] (40) edge (41);
		\path[->] (41) edge (42);
		\path[->] (42) edge (43);
		\path[->] (43) edge (44);
		\path[->] (44) edge (45);
		\path[->] (45) edge (46);
		\path[->] (46) edge (47);
		\path[->] (47) edge (200);
		\path[->] (0) edge (1);
		\path[->] (1) edge (98);
		\path[->] (0) edge (1);
		\path[->] (0) edge (1);
		\path[->] (1) edge (26);
		\path[->] (1) edge (26);
		\path[->] (26) edge (27);
		\path[->] (26) edge (27);
		\path[->] (27) edge (28);
		\path[->] (27) edge (28);
		\path[->, bend right] (28) edge (29);
		\path[->, bend right] (28) edge (29);
		\path[->, bend right] (28) edge (32);
		\path[->, bend right] (28) edge (32);
		\path[->] (29) edge (30);
		\path[->] (29) edge (30);
		\path[->] (30) edge (31);
		\path[->] (30) edge (31);
		\path[->, bend right] (31) edge (45);
		\path[->, bend right] (31) edge (45);
		\path[->] (32) edge (33);
		\path[->] (32) edge (33);
		\path[->] (33) edge (34);
		\path[->] (33) edge (34);
		\path[->] (34) edge (35);
		\path[->] (34) edge (35);
		\path[->] (35) edge (36);
		\path[->] (35) edge (36);
		\path[->] (36) edge (37);
		\path[->] (36) edge (37);
		\path[->] (0) edge (0);
		\path[->] (0) edge (1);
		\path[->] (1) edge (26);
		\path[->] (26) edge (27);
		\path[->] (27) edge (28);
		\path[->] (28) edge (29);
		\path[->] (29) edge (30);
		\path[->] (30) edge (31);
		\path[->] (31) edge (32);
		\path[->] (32) edge (33);
		\path[->] (33) edge (34);
		\path[->] (34) edge (35);
		\path[->] (35) edge (36);
		\path[->] (36) edge (37);
		\path[->] (37) edge (38);
		\path[->] (38) edge (39);
		\path[->] (39) edge (40);
		\path[->] (40) edge (41);
		\path[->] (41) edge (42);
		\path[->] (42) edge (43);
		\path[->] (43) edge (44);
		\path[->] (44) edge (45);
		\path[->] (45) edge (46);
		\path[->] (46) edge (47);
		\path[->] (47) edge (200);
		\path[->] (38) edge (39);
		\path[->] (38) edge (39);
		\path[->] (39) edge (40);
		\path[->] (39) edge (40);
		\path[->] (39) edge (40);
		\path[->] (40) edge (41);
		\path[->] (40) edge (41);
		\path[->] (40) edge (41);
		\path[->] (41) edge (42);
		\path[->] (41) edge (42);
		\path[->] (41) edge (42);
		\path[->] (42) edge (43);
		\path[->] (42) edge (43);
		\path[->] (42) edge (43);
		\path[->] (43) edge (44);
		\path[->] (43) edge (44);
		\path[->] (43) edge (44);
		\path[->, bend right] (44) edge (45);
		\path[->, bend right] (44) edge (45);
		\path[->, bend right] (44) edge (45);
		\path[->] (45) edge (46);
		\path[->] (45) edge (46);
		\path[->] (45) edge (46);
		\path[->] (46) edge (47);
		\path[->] (46) edge (47);
		\path[->] (46) edge (47);
		\path[->] (47) edge (200);
		\path[->] (47) edge (200);
		\path[->] (47) edge (200);
		\path[->] (1) edge (26);
		\path[->] (1) edge (26);
		\path[->] (1) edge (26);
		\path[->] (1) edge (26);
		\path[->] (98) edge (101);
		\path[->] (99) edge (102);
		\path[->] (99) edge (207);
		\path[->] (26) edge (27);
		\path[->] (26) edge (27);
		\path[->] (26) edge (27);
		\path[->] (26) edge (27);
		\path[->] (101) edge (104);
		\path[->] (101) edge (105);
		\path[->] (102) edge (106);
		\path[->] (27) edge (28);
		\path[->] (27) edge (28);
		\path[->] (27) edge (28);
		\path[->] (27) edge (28);
		\path[->, bend right] (104) edge (108);
		\path[->, bend right] (104) edge (109);
		\path[->, bend right] (105) edge (110);
		\path[->, bend right] (105) edge (111);
		\path[->] (106) edge (112);
		\path[->, bend right] (28) edge (29);
		\path[->, bend right] (28) edge (29);
		\path[->, bend right] (28) edge (29);
		\path[->, bend right] (28) edge (29);
		\path[->, bend right] (28) edge (32);
		\path[->, bend right] (28) edge (32);
		\path[->, bend right] (28) edge (32);
		\path[->, bend right] (28) edge (32);
		\path[->] (108) edge (115);
		\path[->] (109) edge (116);
		\path[->] (110) edge (117);
		\path[->] (111) edge (118);
		\path[->] (112) edge (119);
		\path[->] (29) edge (30);
		\path[->] (29) edge (30);
		\path[->] (29) edge (30);
		\path[->] (29) edge (30);
		\path[->] (32) edge (33);
		\path[->] (32) edge (33);
		\path[->] (32) edge (33);
		\path[->] (32) edge (33);
		\path[->] (115) edge (122);
		\path[->] (116) edge (123);
		\path[->] (117) edge (124);
		\path[->] (118) edge (125);
		\path[->] (119) edge (126);
		\path[->] (30) edge (31);
		\path[->] (30) edge (31);
		\path[->] (30) edge (31);
		\path[->] (30) edge (31);
		\path[->] (33) edge (34);
		\path[->] (33) edge (34);
		\path[->] (33) edge (34);
		\path[->] (33) edge (34);
		\path[->, bend right] (122) edge (129);
		\path[->] (123) edge (130);
		\path[->, bend right] (124) edge (131);
		\path[->] (125) edge (132);
		\path[->] (126) edge (133);
		\path[->, bend right] (31) edge (45);
		\path[->, bend right] (31) edge (45);
		\path[->, bend right] (31) edge (45);
		\path[->, bend right] (31) edge (45);
		\path[->] (34) edge (35);
		\path[->] (34) edge (35);
		\path[->] (34) edge (35);
		\path[->] (34) edge (35);
		\path[->] (129) edge (136);
		\path[->] (130) edge (137);
		\path[->] (131) edge (138);
		\path[->] (132) edge (139);
		\path[->, bend right] (133) edge (140);
		\path[->] (45) edge (46);
		\path[->] (45) edge (46);
		\path[->] (45) edge (46);
		\path[->] (45) edge (46);
		\path[->] (35) edge (36);
		\path[->] (35) edge (36);
		\path[->] (35) edge (36);
		\path[->] (35) edge (36);
		\path[->] (136) edge (143);
		\path[->] (137) edge (249);
		\path[->] (138) edge (145);
		\path[->] (139) edge (251);
		\path[->] (140) edge (147);
		\path[->] (46) edge (47);
		\path[->] (46) edge (47);
		\path[->] (46) edge (47);
		\path[->] (46) edge (47);
		\path[->] (36) edge (37);
		\path[->] (36) edge (37);
		\path[->] (36) edge (37);
		\path[->] (36) edge (37);
		\path[->] (143) edge (255);
		\path[->] (144) edge node { } (144);
		\path[->] (145) edge (257);
		\path[->] (146) edge node { } (146);
		\path[->] (147) edge (174);
		\path[->] (147) edge (175);
		\path[->] (47) edge (200);
		\path[->] (47) edge (200);
		\path[->] (47) edge (200);
		\path[->] (47) edge (200);
		\path[->] (0) edge (0);
		\path[->] (0) edge (1);
		\path[->] (1) edge (26);
		\path[->] (26) edge (27);
		\path[->] (27) edge (28);
		\path[->] (28) edge (29);
		\path[->] (29) edge (30);
		\path[->] (30) edge (31);
		\path[->] (31) edge (32);
		\path[->] (32) edge (33);
		\path[->] (33) edge (34);
		\path[->] (34) edge (35);
		\path[->] (35) edge (36);
		\path[->] (36) edge (37);
		\path[->] (37) edge (38);
		\path[->] (38) edge (39);
		\path[->] (39) edge (40);
		\path[->] (40) edge (41);
		\path[->] (41) edge (42);
		\path[->] (42) edge (43);
		\path[->] (43) edge (44);
		\path[->] (44) edge (45);
		\path[->] (45) edge (46);
		\path[->] (46) edge (47);
		\path[->] (47) edge (200);
		\path[->, red] (37) [bend left] edge  node { } (38);
		\path[->, red] (37) [bend left] edge  node { } (99);
		\path[->] (174) edge (262);
		\path[->] (175) edge (263);


                \end{tikzpicture}
            \end{document}
