---
source: src/tests/integration/mod.rs
expression: output

---
   \documentclass{standalone}
            \usepackage{pgf, tikz}
            \usetikzlibrary{arrows, automata}
            \begin{document}
                \begin{tikzpicture}
                    [node distance=3cm]
                    \tikzstyle{every state}=[
                        draw = black,
                        thick,
                        fill = white,
                        minimum size = 4mm
                    ]

                    \node[circle,fill,inner sep=1pt,label=left:{\scriptsize $\%1$}] (0) at (5, 2) { };
\node[circle,fill,inner sep=1pt,label=left:{\scriptsize $\%1$}] (1) at (5, 3) { };
\node[circle,fill,inner sep=1pt,label=left:{\scriptsize $\%1$}] (2) at (5, 4) { };
\node[circle,fill,inner sep=1pt,label=left:{\scriptsize $\%1$}] (3) at (5, 5) { };
\node[circle,fill,inner sep=1pt,label=left:{\scriptsize $\%1$}] (4) at (5, 6) { };
\node[circle,fill,inner sep=1pt,label=left:{\scriptsize $\%1$}] (5) at (5, 7) { };
\node[circle,fill,inner sep=1pt,label=left:{\scriptsize $\%1$}] (6) at (5, 8) { };
\node[circle,fill,inner sep=1pt,label=left:{\scriptsize $\%1$}] (7) at (5, 9) { };
\node[circle,fill,inner sep=1pt,label=left:{\scriptsize $\%1$}] (8) at (5, 10) { };
\node[circle,fill,inner sep=1pt,label=left:{\scriptsize $\%1$}] (9) at (5, 11) { };
\node[circle,fill,inner sep=1pt,label=left:{\scriptsize $\%1$}] (10) at (5, 12) { };
\node[circle,fill,inner sep=1pt,label=left:{\scriptsize $\%1$}] (11) at (5, 13) { };
\node[circle,fill,inner sep=1pt,label=left:{\scriptsize $\%1$}] (12) at (5, 14) { };
\node[circle,fill,inner sep=1pt,label=left:{\scriptsize $\%1$}] (13) at (5, 15) { };
\node[circle,fill,inner sep=1pt,label=left:{\scriptsize $\%1$}] (14) at (5, 16) { };
\node[circle,fill,inner sep=1pt,label=left:{\scriptsize $\%1$}] (15) at (5, 17) { };
\node[circle,fill,inner sep=1pt,label=left:{\scriptsize $\%1$}] (16) at (5, 18) { };
\node[circle,fill,inner sep=1pt,label=left:{\scriptsize $\%1$}] (17) at (5, 19) { };
\node[circle,fill,inner sep=1pt,label=left:{\scriptsize $\%1$}] (18) at (5, 20) { };
\node[circle,fill,inner sep=1pt,label=left:{\scriptsize $\%1$}] (19) at (5, 21) { };
\node[circle,fill,inner sep=1pt,label=left:{\scriptsize $\%1$}] (20) at (5, 22) { };
\node[circle,fill,inner sep=1pt,label=left:{\scriptsize $\%1$}] (21) at (5, 23) { };
\node[circle,fill,inner sep=1pt,label=left:{\scriptsize $\%1$}] (22) at (5, 24) { };
\node[circle,fill,inner sep=1pt,label=left:{\scriptsize $\%10$}] (23) at (4, 15) { };
\node[circle,fill,inner sep=1pt,label=left:{\scriptsize $\%10$}] (24) at (4, 16) { };
\node[circle,fill,inner sep=1pt,label=left:{\scriptsize $\%10$}] (25) at (4, 17) { };
\node[circle,fill,inner sep=1pt,label=left:{\scriptsize $\%10$}] (26) at (4, 18) { };
\node[circle,fill,inner sep=1pt,label=left:{\scriptsize $\%10$}] (27) at (4, 19) { };
\node[circle,fill,inner sep=1pt,label=left:{\scriptsize $\%10$}] (28) at (4, 20) { };
\node[circle,fill,inner sep=1pt,label=left:{\scriptsize $\%10$}] (29) at (4, 21) { };
\node[circle,fill,inner sep=1pt,label=left:{\scriptsize $\%10$}] (30) at (4, 22) { };
\node[circle,fill,inner sep=1pt,label=left:{\scriptsize $\%10$}] (31) at (4, 23) { };
\node[circle,fill,inner sep=1pt,label=left:{\scriptsize $\%10$}] (32) at (4, 24) { };
\node[circle,fill,inner sep=1pt,label=left:{\scriptsize $\%11$}] (33) at (3, 23) { };
\node[circle,fill,inner sep=1pt,label=left:{\scriptsize $\%11$}] (34) at (3, 24) { };
\node[circle,fill,inner sep=1pt,label=left:{\scriptsize $\%3$}] (35) at (2, 4) { };
\node[circle,fill,inner sep=1pt,label=left:{\scriptsize $\%3$}] (36) at (2, 5) { };
\node[circle,fill,inner sep=1pt,label=left:{\scriptsize $\%3$}] (37) at (2, 6) { };
\node[circle,fill,inner sep=1pt,label=left:{\scriptsize $\%3$}] (38) at (2, 7) { };
\node[circle,fill,inner sep=1pt,label=left:{\scriptsize $\%3$}] (39) at (2, 8) { };
\node[circle,fill,inner sep=1pt,label=left:{\scriptsize $\%3$}] (40) at (2, 9) { };
\node[circle,fill,inner sep=1pt,label=left:{\scriptsize $\%3$}] (41) at (2, 10) { };
\node[circle,fill,inner sep=1pt,label=left:{\scriptsize $\%3$}] (42) at (2, 11) { };
\node[circle,fill,inner sep=1pt,label=left:{\scriptsize $\%3$}] (43) at (2, 12) { };
\node[circle,fill,inner sep=1pt,label=left:{\scriptsize $\%3$}] (44) at (2, 13) { };
\node[circle,fill,inner sep=1pt,label=left:{\scriptsize $\%3$}] (45) at (2, 14) { };
\node[circle,fill,inner sep=1pt,label=left:{\scriptsize $\%3$}] (46) at (2, 15) { };
\node[circle,fill,inner sep=1pt,label=left:{\scriptsize $\%3$}] (47) at (2, 16) { };
\node[circle,fill,inner sep=1pt,label=left:{\scriptsize $\%3$}] (48) at (2, 17) { };
\node[circle,fill,inner sep=1pt,label=left:{\scriptsize $\%3$}] (49) at (2, 18) { };
\node[circle,fill,inner sep=1pt,label=left:{\scriptsize $\%3$}] (50) at (2, 19) { };
\node[circle,fill,inner sep=1pt,label=left:{\scriptsize $\%3$}] (51) at (2, 20) { };
\node[circle,fill,inner sep=1pt,label=left:{\scriptsize $\%3$}] (52) at (2, 21) { };
\node[circle,fill,inner sep=1pt,label=left:{\scriptsize $\%3$}] (53) at (2, 22) { };
\node[circle,fill,inner sep=1pt,label=left:{\scriptsize $\%3$}] (54) at (2, 23) { };
\node[circle,fill,inner sep=1pt,label=left:{\scriptsize $\%3$}] (55) at (2, 24) { };
\node[circle,fill,inner sep=1pt,label=left:{\scriptsize $\%9$}] (56) at (1, 14) { };
\node[circle,fill,inner sep=1pt,label=left:{\scriptsize $\%9$}] (57) at (1, 15) { };
\node[circle,fill,inner sep=1pt,label=left:{\scriptsize $taut$}] (58) at (0, 0) { };
\node[circle,fill,inner sep=1pt,label=left:{\scriptsize $taut$}] (59) at (0, 1) { };
\node[circle,fill,inner sep=1pt,label=left:{\scriptsize $taut$}] (60) at (0, 2) { };
\node[circle,fill,inner sep=1pt,label=left:{\scriptsize $taut$}] (61) at (0, 3) { };
\node[circle,fill,inner sep=1pt,label=left:{\scriptsize $taut$}] (62) at (0, 4) { };
\node[circle,fill,inner sep=1pt,label=left:{\scriptsize $taut$}] (63) at (0, 5) { };
\node[circle,fill,inner sep=1pt,label=left:{\scriptsize $taut$}] (64) at (0, 6) { };
\node[circle,fill,inner sep=1pt,label=left:{\scriptsize $taut$}] (65) at (0, 7) { };
\node[circle,fill,inner sep=1pt,label=left:{\scriptsize $taut$}] (66) at (0, 8) { };
\node[circle,fill,inner sep=1pt,label=left:{\scriptsize $taut$}] (67) at (0, 9) { };
\node[circle,fill,inner sep=1pt,label=left:{\scriptsize $taut$}] (68) at (0, 10) { };
\node[circle,fill,inner sep=1pt,label=left:{\scriptsize $taut$}] (69) at (0, 11) { };
\node[circle,fill,inner sep=1pt,label=left:{\scriptsize $taut$}] (70) at (0, 12) { };
\node[circle,fill,inner sep=1pt,label=left:{\scriptsize $taut$}] (71) at (0, 13) { };
\node[circle,fill,inner sep=1pt,label=left:{\scriptsize $taut$}] (72) at (0, 14) { };
\node[circle,fill,inner sep=1pt,label=left:{\scriptsize $taut$}] (73) at (0, 15) { };
\node[circle,fill,inner sep=1pt,label=left:{\scriptsize $taut$}] (74) at (0, 16) { };
\node[circle,fill,inner sep=1pt,label=left:{\scriptsize $taut$}] (75) at (0, 17) { };
\node[circle,fill,inner sep=1pt,label=left:{\scriptsize $taut$}] (76) at (0, 18) { };
\node[circle,fill,inner sep=1pt,label=left:{\scriptsize $taut$}] (77) at (0, 19) { };
\node[circle,fill,inner sep=1pt,label=left:{\scriptsize $taut$}] (78) at (0, 20) { };
\node[circle,fill,inner sep=1pt,label=left:{\scriptsize $taut$}] (79) at (0, 21) { };
\node[circle,fill,inner sep=1pt,label=left:{\scriptsize $taut$}] (80) at (0, 22) { };
\node[circle,fill,inner sep=1pt,label=left:{\scriptsize $taut$}] (81) at (0, 23) { };
\node[circle,fill,inner sep=1pt,label=left:{\scriptsize $taut$}] (82) at (0, 24) { };
\node[font=\tiny] at (-1.5, 0.5) {Block(0)};
\node[font=\tiny] at (-1.5, 0.5) {Block(0)};
\node[font=\tiny] at (-1.5, 1.5) {Assign(1, 0)};
\node[font=\tiny] at (-1.5, 1.5) {Assign(1, 0)};
\node[font=\tiny] at (-1.5, 2.5) {Const(2, 0.0)};
\node[font=\tiny] at (-1.5, 2.5) {Const(2, 0.0)};
\node[font=\tiny] at (-1.5, 3.5) {BinOp(3, 2, 1)};
\node[font=\tiny] at (-1.5, 3.5) {BinOp(3, 2, 1)};
\node[font=\tiny] at (-1.5, 4.5) {Conditional(3, [1, 2])};
\node[font=\tiny] at (-1.5, 4.5) {Conditional(3, [1, 2])};
\node[font=\tiny] at (-1.5, 5.5) {Block(1)};
\node[font=\tiny] at (-1.5, 5.5) {Block(1)};
\node[font=\tiny] at (-1.5, 6.5) {Const(4, 1.0)};
\node[font=\tiny] at (-1.5, 6.5) {Const(4, 1.0)};
\node[font=\tiny] at (-1.5, 7.5) {Jump(3)};
\node[font=\tiny] at (-1.5, 7.5) {Jump(3)};
\node[font=\tiny] at (-1.5, 8.5) {Block(2)};
\node[font=\tiny] at (-1.5, 8.5) {Block(2)};
\node[font=\tiny] at (-1.5, 9.5) {Assign(5, 0)};
\node[font=\tiny] at (-1.5, 9.5) {Assign(5, 0)};
\node[font=\tiny] at (-1.5, 10.5) {Assign(6, 0)};
\node[font=\tiny] at (-1.5, 10.5) {Assign(6, 0)};
\node[font=\tiny] at (-1.5, 11.5) {Const(7, 1.0)};
\node[font=\tiny] at (-1.5, 11.5) {Const(7, 1.0)};
\node[font=\tiny] at (-1.5, 12.5) {BinOp(8, 7, 6)};
\node[font=\tiny] at (-1.5, 12.5) {BinOp(8, 7, 6)};
\node[font=\tiny] at (-1.5, 13.5) {Call(0, [8], [9])};
\node[font=\tiny] at (-1.5, 13.5) {Call(0, [8], [9])};
\node[font=\tiny] at (-1.5, 14.5) {BinOp(10, 9, 8)};
\node[font=\tiny] at (-1.5, 14.5) {BinOp(10, 9, 8)};
\node[font=\tiny] at (-1.5, 15.5) {Kill(9)};
\node[font=\tiny] at (-1.5, 15.5) {Kill(9)};
\node[font=\tiny] at (-1.5, 16.5) {Kill(8)};
\node[font=\tiny] at (-1.5, 16.5) {Kill(8)};
\node[font=\tiny] at (-1.5, 17.5) {Kill(7)};
\node[font=\tiny] at (-1.5, 17.5) {Kill(7)};
\node[font=\tiny] at (-1.5, 18.5) {Kill(6)};
\node[font=\tiny] at (-1.5, 18.5) {Kill(6)};
\node[font=\tiny] at (-1.5, 19.5) {Kill(5)};
\node[font=\tiny] at (-1.5, 19.5) {Kill(5)};
\node[font=\tiny] at (-1.5, 20.5) {Jump(3)};
\node[font=\tiny] at (-1.5, 20.5) {Jump(3)};
\node[font=\tiny] at (-1.5, 21.5) {Block(3)};
\node[font=\tiny] at (-1.5, 21.5) {Block(3)};
\node[font=\tiny] at (-1.5, 22.5) {Phi(11, 4, 10)};
\node[font=\tiny] at (-1.5, 22.5) {Phi(11, 4, 10)};
\node[font=\tiny] at (-1.5, 23.5) {Return([11])};
\node[font=\tiny] at (-1.5, 23.5) {Return([11])};
		\path[->, blue] (58) [bend right] edge  node { } (12);
		\path[->, blue] (58) [bend right] edge  node { } (13);
		\path[->, blue] (58) [bend right] edge  node { } (14);
		\path[->, blue] (58) [bend right] edge  node { } (15);
		\path[->, blue] (58) [bend right] edge  node { } (16);
		\path[->, blue] (58) [bend right] edge  node { } (17);
		\path[->, blue] (58) [bend right] edge  node { } (18);
		\path[->, blue] (58) [bend right] edge  node { } (19);
		\path[->, blue] (58) [bend right] edge  node { } (20);
		\path[->, blue] (58) [bend right] edge  node { } (21);
		\path[->, blue] (58) [bend right] edge  node { } (22);
		\path[->, blue] (58) [bend right] edge  node { } (23);
		\path[->, blue] (58) [bend right] edge  node { } (24);
		\path[->, blue] (58) [bend right] edge  node { } (25);
		\path[->, blue] (58) [bend right] edge  node { } (26);
		\path[->, blue] (58) [bend right] edge  node { } (27);
		\path[->, blue] (58) [bend right] edge  node { } (28);
		\path[->, blue] (58) [bend right] edge  node { } (29);
		\path[->, blue] (58) [bend right] edge  node { } (30);
		\path[->, blue] (58) [bend right] edge  node { } (31);
		\path[->, blue] (58) [bend right] edge  node { } (32);
		\path[->, blue] (58) [bend right] edge  node { } (33);
		\path[->, blue] (58) [bend right] edge  node { } (34);
		\path[->, blue] (58) [bend right] edge  node { } (45);
		\path[->, blue] (58) [bend right] edge  node { } (46);
		\path[->, blue] (58) [bend right] edge  node { } (47);
		\path[->, blue] (58) [bend right] edge  node { } (48);
		\path[->, blue] (58) [bend right] edge  node { } (49);
		\path[->, blue] (58) [bend right] edge  node { } (50);
		\path[->, blue] (58) [bend right] edge  node { } (51);
		\path[->, blue] (58) [bend right] edge  node { } (52);
		\path[->, blue] (58) [bend right] edge  node { } (53);
		\path[->, blue] (58) [bend right] edge  node { } (54);
		\path[->, blue] (58) [bend right] edge  node { } (55);
		\path[->, blue] (58) [bend right] edge  node { } (56);
		\path[->, blue] (58) [bend right] edge  node { } (57);
		\path[->, blue] (58) [loop right] edge  node { } (58);
		\path[->, blue] (58) [bend right] edge  node { } (59);
		\path[->, blue] (58) [bend right] edge  node { } (60);
		\path[->, blue] (58) [bend right] edge  node { } (61);
		\path[->, blue] (58) [bend right] edge  node { } (62);
		\path[->, blue] (58) [bend right] edge  node { } (63);
		\path[->, blue] (58) [bend right] edge  node { } (64);
		\path[->, blue] (58) [bend right] edge  node { } (65);
		\path[->, blue] (58) [bend right] edge  node { } (66);
		\path[->, blue] (58) [bend right] edge  node { } (67);
		\path[->, blue] (58) [bend right] edge  node { } (68);
		\path[->, blue] (58) [bend right] edge  node { } (69);
		\path[->, blue] (58) [bend right] edge  node { } (70);
		\path[->, blue] (58) [bend right] edge  node { } (71);
		\path[->, blue] (58) [bend right] edge  node { } (72);
		\path[->, blue] (58) [bend right] edge  node { } (73);
		\path[->, blue] (58) [bend right] edge  node { } (74);
		\path[->, blue] (58) [bend right] edge  node { } (75);
		\path[->, blue] (58) [bend right] edge  node { } (76);
		\path[->, blue] (58) [bend right] edge  node { } (77);
		\path[->, blue] (58) [bend right] edge  node { } (78);
		\path[->, blue] (58) [bend right] edge  node { } (79);
		\path[->, blue] (58) [bend right] edge  node { } (80);
		\path[->, blue] (58) [bend right] edge  node { } (81);
		\path[->, blue] (58) [bend right] edge  node { } (82);
		\path[->, blue] (59) [bend right] edge  node { } (0);
		\path[->, blue] (59) [bend right] edge  node { } (1);
		\path[->, blue] (59) [bend right] edge  node { } (2);
		\path[->, blue] (59) [bend right] edge  node { } (3);
		\path[->, blue] (59) [bend right] edge  node { } (4);
		\path[->, blue] (59) [bend right] edge  node { } (5);
		\path[->, blue] (59) [bend right] edge  node { } (6);
		\path[->, blue] (59) [bend right] edge  node { } (7);
		\path[->, blue] (59) [bend right] edge  node { } (8);
		\path[->, blue] (59) [bend right] edge  node { } (9);
		\path[->, blue] (59) [bend right] edge  node { } (10);
		\path[->, blue] (59) [bend right] edge  node { } (11);
		\path[->, blue] (59) [bend right] edge  node { } (19);
		\path[->, blue] (59) [bend right] edge  node { } (20);
		\path[->, blue] (59) [bend right] edge  node { } (21);
		\path[->, blue] (59) [bend right] edge  node { } (22);
		\path[->, blue] (59) [bend right] edge  node { } (35);
		\path[->, blue] (59) [bend right] edge  node { } (36);
		\path[->, blue] (59) [bend right] edge  node { } (37);
		\path[->, blue] (59) [bend right] edge  node { } (38);
		\path[->, blue] (59) [bend right] edge  node { } (39);
		\path[->, blue] (59) [bend right] edge  node { } (40);
		\path[->, blue] (59) [bend right] edge  node { } (41);
		\path[->, blue] (59) [bend right] edge  node { } (42);
		\path[->, blue] (59) [bend right] edge  node { } (43);
		\path[->, blue] (59) [bend right] edge  node { } (44);
		\path[->, blue] (59) [bend right] edge  node { } (52);
		\path[->, blue] (59) [bend right] edge  node { } (53);
		\path[->, blue] (59) [bend right] edge  node { } (54);
		\path[->, blue] (59) [bend right] edge  node { } (55);
		\path[->, blue] (59) [loop right] edge  node { } (59);
		\path[->, blue] (59) [bend right] edge  node { } (60);


                \end{tikzpicture}
            \end{document}
