---
source: src/tests/icfg/naive/convert.rs
expression: output

---
   \documentclass{standalone}
            \usepackage{pgf, tikz}
            \usetikzlibrary{arrows, automata}
            \begin{document}
                \begin{tikzpicture}
                    [node distance=3cm]
                    \tikzstyle{every state}=[
                        draw = black,
                        thick,
                        fill = white,
                        minimum size = 4mm
                    ]

                    \node[circle,fill,inner sep=1pt,label=left:{\scriptsize $\%0$}] (0) at (3, 0) { };
\node[circle,fill,inner sep=1pt,label=left:{\scriptsize $\%0$}] (1) at (3, 1) { };
\node[circle,fill,inner sep=1pt,label=left:{\scriptsize $\%0$}] (2) at (3, 2) { };
\node[circle,fill,inner sep=1pt,label=left:{\scriptsize $\%0$}] (3) at (3, 3) { };
\node[circle,fill,inner sep=1pt,label=left:{\scriptsize $\%0$}] (4) at (3, 4) { };
\node[circle,fill,inner sep=1pt,label=left:{\scriptsize $\%0$}] (5) at (3, 5) { };
\node[circle,fill,inner sep=1pt,label=left:{\scriptsize $\%0$}] (6) at (3, 6) { };
\node[circle,fill,inner sep=1pt,label=left:{\scriptsize $\%0$}] (7) at (3, 7) { };
\node[circle,fill,inner sep=1pt,label=left:{\scriptsize $\%0$}] (8) at (3, 8) { };
\node[circle,fill,inner sep=1pt,label=left:{\scriptsize $\%0$}] (9) at (3, 9) { };
\node[circle,fill,inner sep=1pt,label=left:{\scriptsize $\%0$}] (10) at (3, 10) { };
\node[circle,fill,inner sep=1pt,label=left:{\scriptsize $\%0$}] (11) at (3, 11) { };
\node[circle,fill,inner sep=1pt,label=left:{\scriptsize $\%0$}] (12) at (3, 12) { };
\node[circle,fill,inner sep=1pt,label=left:{\scriptsize $\%1$}] (13) at (2, 0) { };
\node[circle,fill,inner sep=1pt,label=left:{\scriptsize $\%1$}] (14) at (2, 1) { };
\node[circle,fill,inner sep=1pt,label=left:{\scriptsize $\%1$}] (15) at (2, 2) { };
\node[circle,fill,inner sep=1pt,label=left:{\scriptsize $\%1$}] (16) at (2, 3) { };
\node[circle,fill,inner sep=1pt,label=left:{\scriptsize $\%1$}] (17) at (2, 4) { };
\node[circle,fill,inner sep=1pt,label=left:{\scriptsize $\%1$}] (18) at (2, 5) { };
\node[circle,fill,inner sep=1pt,label=left:{\scriptsize $\%1$}] (19) at (2, 6) { };
\node[circle,fill,inner sep=1pt,label=left:{\scriptsize $\%1$}] (20) at (2, 7) { };
\node[circle,fill,inner sep=1pt,label=left:{\scriptsize $\%1$}] (21) at (2, 8) { };
\node[circle,fill,inner sep=1pt,label=left:{\scriptsize $\%1$}] (22) at (2, 9) { };
\node[circle,fill,inner sep=1pt,label=left:{\scriptsize $\%1$}] (23) at (2, 10) { };
\node[circle,fill,inner sep=1pt,label=left:{\scriptsize $\%1$}] (24) at (2, 11) { };
\node[circle,fill,inner sep=1pt,label=left:{\scriptsize $\%1$}] (25) at (2, 12) { };
\node[circle,fill,inner sep=1pt,label=left:{\scriptsize $\%2$}] (26) at (1, 0) { };
\node[circle,fill,inner sep=1pt,label=left:{\scriptsize $\%2$}] (27) at (1, 1) { };
\node[circle,fill,inner sep=1pt,label=left:{\scriptsize $\%2$}] (28) at (1, 2) { };
\node[circle,fill,inner sep=1pt,label=left:{\scriptsize $\%2$}] (29) at (1, 3) { };
\node[circle,fill,inner sep=1pt,label=left:{\scriptsize $\%2$}] (30) at (1, 4) { };
\node[circle,fill,inner sep=1pt,label=left:{\scriptsize $\%2$}] (31) at (1, 5) { };
\node[circle,fill,inner sep=1pt,label=left:{\scriptsize $\%2$}] (32) at (1, 6) { };
\node[circle,fill,inner sep=1pt,label=left:{\scriptsize $\%2$}] (33) at (1, 7) { };
\node[circle,fill,inner sep=1pt,label=left:{\scriptsize $\%2$}] (34) at (1, 8) { };
\node[circle,fill,inner sep=1pt,label=left:{\scriptsize $\%2$}] (35) at (1, 9) { };
\node[circle,fill,inner sep=1pt,label=left:{\scriptsize $\%2$}] (36) at (1, 10) { };
\node[circle,fill,inner sep=1pt,label=left:{\scriptsize $\%2$}] (37) at (1, 11) { };
\node[circle,fill,inner sep=1pt,label=left:{\scriptsize $\%2$}] (38) at (1, 12) { };
\node[circle,fill,inner sep=1pt,label=left:{\scriptsize $taut$}] (39) at (0, 0) { };
\node[circle,fill,inner sep=1pt,label=left:{\scriptsize $taut$}] (40) at (0, 1) { };
\node[circle,fill,inner sep=1pt,label=left:{\scriptsize $taut$}] (41) at (0, 2) { };
\node[circle,fill,inner sep=1pt,label=left:{\scriptsize $taut$}] (42) at (0, 3) { };
\node[circle,fill,inner sep=1pt,label=left:{\scriptsize $taut$}] (43) at (0, 4) { };
\node[circle,fill,inner sep=1pt,label=left:{\scriptsize $taut$}] (44) at (0, 5) { };
\node[circle,fill,inner sep=1pt,label=left:{\scriptsize $taut$}] (45) at (0, 6) { };
\node[circle,fill,inner sep=1pt,label=left:{\scriptsize $taut$}] (46) at (0, 7) { };
\node[circle,fill,inner sep=1pt,label=left:{\scriptsize $taut$}] (47) at (0, 8) { };
\node[circle,fill,inner sep=1pt,label=left:{\scriptsize $taut$}] (48) at (0, 9) { };
\node[circle,fill,inner sep=1pt,label=left:{\scriptsize $taut$}] (49) at (0, 10) { };
\node[circle,fill,inner sep=1pt,label=left:{\scriptsize $taut$}] (50) at (0, 11) { };
\node[circle,fill,inner sep=1pt,label=left:{\scriptsize $taut$}] (51) at (0, 12) { };
\node[font=\tiny] at (-1.5, 0.5) {Block(0)};
\node[font=\tiny] at (-1.5, 1.5) {Const(0, 1.0)};
\node[font=\tiny] at (-1.5, 2.5) {Conditional(1, [1, 2])};
\node[font=\tiny] at (-1.5, 3.5) {Block(1)};
\node[font=\tiny] at (-1.5, 4.5) {Const(1, 2.0)};
\node[font=\tiny] at (-1.5, 5.5) {Const(2, 3.0)};
\node[font=\tiny] at (-1.5, 6.5) {Jump(3)};
\node[font=\tiny] at (-1.5, 7.5) {Block(2)};
\node[font=\tiny] at (-1.5, 8.5) {Const(2, 4.0)};
\node[font=\tiny] at (-1.5, 9.5) {Jump(3)};
\node[font=\tiny] at (-1.5, 10.5) {Block(3)};
\node[font=\tiny] at (-1.5, 11.5) {Assign(0, 2)};
		\path[->] (0) edge (1);
		\path[->] (2) edge (3);
		\path[->, bend right] (2) edge (3);
		\path[->, bend right] (2) edge (7);
		\path[->] (3) edge (4);
		\path[->] (4) edge (5);
		\path[->] (5) edge (6);
		\path[->, bend right] (6) edge (10);
		\path[->] (7) edge (8);
		\path[->] (8) edge (9);
		\path[->, bend right] (9) edge (10);
		\path[->] (10) edge (11);
		\path[->] (13) edge (14);
		\path[->] (14) edge (15);
		\path[->] (15) edge (16);
		\path[->, bend right] (15) edge (16);
		\path[->, bend right] (15) edge (20);
		\path[->] (16) edge (17);
		\path[->] (18) edge (19);
		\path[->, bend right] (19) edge (23);
		\path[->] (20) edge (21);
		\path[->] (21) edge (22);
		\path[->, bend right] (22) edge (23);
		\path[->] (23) edge (24);
		\path[->] (24) edge (25);
		\path[->] (26) edge (27);
		\path[->] (27) edge (28);
		\path[->] (28) edge (29);
		\path[->, bend right] (28) edge (29);
		\path[->, bend right] (28) edge (33);
		\path[->] (29) edge (30);
		\path[->] (30) edge (31);
		\path[->, bend right] (32) edge (36);
		\path[->] (33) edge (34);
		\path[->, bend right] (35) edge (36);
		\path[->] (36) edge (37);
		\path[->] (37) edge (12);
		\path[->] (37) edge (38);
		\path[->] (39) edge (40);
		\path[->] (40) edge (2);
		\path[->] (40) edge (41);
		\path[->] (41) edge (42);
		\path[->, bend right] (41) edge (42);
		\path[->, bend right] (41) edge (46);
		\path[->] (42) edge (43);
		\path[->] (43) edge (18);
		\path[->] (43) edge (44);
		\path[->] (44) edge (32);
		\path[->] (44) edge (45);
		\path[->, bend right] (45) edge (49);
		\path[->] (46) edge (47);
		\path[->] (47) edge (35);
		\path[->] (47) edge (48);
		\path[->, bend right] (48) edge (49);
		\path[->] (49) edge (50);
		\path[->] (50) edge (51);


                \end{tikzpicture}
            \end{document}
