---
source: src/tests/icfg/naive/convert.rs
expression: output

---
   \documentclass{standalone}
            \usepackage{pgf, tikz}
            \usetikzlibrary{arrows, automata}
            \begin{document}
                \begin{tikzpicture}
                    [node distance=3cm]
                    \tikzstyle{every state}=[
                        draw = black,
                        thick,
                        fill = white,
                        minimum size = 4mm
                    ]

                    \node[circle,fill,inner sep=1pt,label=left:{\scriptsize $\%-1$}] (46) at (3, 0) { };
\node[circle,fill,inner sep=1pt,label=left:{\scriptsize $\%-1$}] (47) at (3, 1) { };
\node[circle,fill,inner sep=1pt,label=left:{\scriptsize $\%-1$}] (48) at (3, 2) { };
\node[circle,fill,inner sep=1pt,label=left:{\scriptsize $\%-1$}] (49) at (3, 3) { };
\node[circle,fill,inner sep=1pt,label=left:{\scriptsize $\%-2$}] (50) at (2, 0) { };
\node[circle,fill,inner sep=1pt,label=left:{\scriptsize $\%-2$}] (51) at (2, 1) { };
\node[circle,fill,inner sep=1pt,label=left:{\scriptsize $\%-2$}] (52) at (2, 2) { };
\node[circle,fill,inner sep=1pt,label=left:{\scriptsize $\%-2$}] (53) at (2, 2) { };
\node[circle,fill,inner sep=1pt,label=left:{\scriptsize $\%-2$}] (54) at (2, 3) { };
\node[circle,fill,inner sep=1pt,label=left:{\scriptsize $\%-2$}] (55) at (2, 3) { };
\node[circle,fill,inner sep=1pt,label=left:{\scriptsize $\%0$}] (56) at (1, 1) { };
\node[circle,fill,inner sep=1pt,label=left:{\scriptsize $\%0$}] (57) at (1, 2) { };
\node[circle,fill,inner sep=1pt,label=left:{\scriptsize $\%0$}] (58) at (1, 3) { };
\node[circle,fill,inner sep=1pt,label=left:{\scriptsize $taut$}] (59) at (0, 0) { };
\node[circle,fill,inner sep=1pt,label=left:{\scriptsize $taut$}] (60) at (0, 1) { };
\node[circle,fill,inner sep=1pt,label=left:{\scriptsize $taut$}] (61) at (0, 2) { };
\node[circle,fill,inner sep=1pt,label=left:{\scriptsize $taut$}] (62) at (0, 3) { };
\node[font=\tiny] at (-1.5, 0.5) {Const(0, 1.0)};
\node[font=\tiny] at (-1.5, 1.5) {Const(-2, 1.0)};
\node[font=\tiny] at (-1.5, 2.5) {Return([0])};
\node[circle,fill,inner sep=1pt,label=left:{\scriptsize $\%-1$}] (35) at (7, 0) { };
\node[circle,fill,inner sep=1pt,label=left:{\scriptsize $\%-1$}] (36) at (7, 1) { };
\node[circle,fill,inner sep=1pt,label=left:{\scriptsize $\%-2$}] (37) at (6, 0) { };
\node[circle,fill,inner sep=1pt,label=left:{\scriptsize $\%-2$}] (38) at (6, 1) { };
\node[circle,fill,inner sep=1pt,label=left:{\scriptsize $\%-2$}] (39) at (6, 2) { };
\node[circle,fill,inner sep=1pt,label=left:{\scriptsize $\%-2$}] (40) at (6, 2) { };
\node[circle,fill,inner sep=1pt,label=left:{\scriptsize $\%0$}] (41) at (5, 1) { };
\node[circle,fill,inner sep=1pt,label=left:{\scriptsize $\%0$}] (42) at (5, 2) { };
\node[circle,fill,inner sep=1pt,label=left:{\scriptsize $taut$}] (43) at (4, 0) { };
\node[circle,fill,inner sep=1pt,label=left:{\scriptsize $taut$}] (44) at (4, 1) { };
\node[circle,fill,inner sep=1pt,label=left:{\scriptsize $taut$}] (45) at (4, 2) { };
\node[font=\tiny] at (2.5, 0.5) {Assign(0, -2)};
\node[font=\tiny] at (2.5, 1.5) {Return([0])};
\node[circle,fill,inner sep=1pt,label=left:{\scriptsize $\%-1$}] (0) at (13, 0) { };
\node[circle,fill,inner sep=1pt,label=left:{\scriptsize $\%-1$}] (1) at (13, 1) { };
\node[circle,fill,inner sep=1pt,label=left:{\scriptsize $\%-1$}] (2) at (13, 2) { };
\node[circle,fill,inner sep=1pt,label=left:{\scriptsize $\%-1$}] (3) at (13, 3) { };
\node[circle,fill,inner sep=1pt,label=left:{\scriptsize $\%-1$}] (4) at (13, 4) { };
\node[circle,fill,inner sep=1pt,label=left:{\scriptsize $\%-1$}] (5) at (13, 5) { };
\node[circle,fill,inner sep=1pt,label=left:{\scriptsize $\%-2$}] (6) at (12, 0) { };
\node[circle,fill,inner sep=1pt,label=left:{\scriptsize $\%-2$}] (7) at (12, 1) { };
\node[circle,fill,inner sep=1pt,label=left:{\scriptsize $\%-2$}] (8) at (12, 2) { };
\node[circle,fill,inner sep=1pt,label=left:{\scriptsize $\%-2$}] (9) at (12, 3) { };
\node[circle,fill,inner sep=1pt,label=left:{\scriptsize $\%-2$}] (10) at (12, 4) { };
\node[circle,fill,inner sep=1pt,label=left:{\scriptsize $\%-2$}] (11) at (12, 5) { };
\node[circle,fill,inner sep=1pt,label=left:{\scriptsize $\%0$}] (12) at (11, 0) { };
\node[circle,fill,inner sep=1pt,label=left:{\scriptsize $\%0$}] (13) at (11, 1) { };
\node[circle,fill,inner sep=1pt,label=left:{\scriptsize $\%0$}] (14) at (11, 2) { };
\node[circle,fill,inner sep=1pt,label=left:{\scriptsize $\%0$}] (15) at (11, 3) { };
\node[circle,fill,inner sep=1pt,label=left:{\scriptsize $\%0$}] (16) at (11, 4) { };
\node[circle,fill,inner sep=1pt,label=left:{\scriptsize $\%0$}] (17) at (11, 5) { };
\node[circle,fill,inner sep=1pt,label=left:{\scriptsize $\%1$}] (18) at (10, 1) { };
\node[circle,fill,inner sep=1pt,label=left:{\scriptsize $\%1$}] (19) at (10, 2) { };
\node[circle,fill,inner sep=1pt,label=left:{\scriptsize $\%1$}] (20) at (10, 3) { };
\node[circle,fill,inner sep=1pt,label=left:{\scriptsize $\%1$}] (21) at (10, 4) { };
\node[circle,fill,inner sep=1pt,label=left:{\scriptsize $\%1$}] (22) at (10, 5) { };
\node[circle,fill,inner sep=1pt,label=left:{\scriptsize $\%2$}] (23) at (9, 0) { };
\node[circle,fill,inner sep=1pt,label=left:{\scriptsize $\%2$}] (24) at (9, 1) { };
\node[circle,fill,inner sep=1pt,label=left:{\scriptsize $\%2$}] (25) at (9, 2) { };
\node[circle,fill,inner sep=1pt,label=left:{\scriptsize $\%2$}] (26) at (9, 3) { };
\node[circle,fill,inner sep=1pt,label=left:{\scriptsize $\%2$}] (27) at (9, 4) { };
\node[circle,fill,inner sep=1pt,label=left:{\scriptsize $\%2$}] (28) at (9, 5) { };
\node[circle,fill,inner sep=1pt,label=left:{\scriptsize $taut$}] (29) at (8, 0) { };
\node[circle,fill,inner sep=1pt,label=left:{\scriptsize $taut$}] (30) at (8, 1) { };
\node[circle,fill,inner sep=1pt,label=left:{\scriptsize $taut$}] (31) at (8, 2) { };
\node[circle,fill,inner sep=1pt,label=left:{\scriptsize $taut$}] (32) at (8, 3) { };
\node[circle,fill,inner sep=1pt,label=left:{\scriptsize $taut$}] (33) at (8, 4) { };
\node[circle,fill,inner sep=1pt,label=left:{\scriptsize $taut$}] (34) at (8, 5) { };
\node[font=\tiny] at (6.5, 0.5) {Assign(1, -1)};
\node[font=\tiny] at (6.5, 1.5) {Assign(-2, 1)};
\node[font=\tiny] at (6.5, 2.5) {Const(2, 1.0)};
\node[font=\tiny] at (6.5, 3.5) {Call(1, [2], [0])};
\node[font=\tiny] at (6.5, 4.5) {Call(2, [], [1])};
		\path[->] (0) edge (1);
		\path[->] (0) edge (18);
		\path[->] (35) edge (36);
		\path[->] (46) edge (47);
		\path[->] (1) edge (2);
		\path[->] (36) edge (39);
		\path[->] (48) edge (49);
		\path[->] (2) edge (3);
		\path[->] (6) edge (7);
		\path[->] (37) edge (38);
		\path[->] (37) edge (41);
		\path[->] (50) edge (51);
		\path[->] (38) edge (40);
		\path[->] (52) edge (54);
		\path[->] (8) edge (9);
		\path[->] (53) edge (55);
		\path[->] (12) edge (13);
		\path[->] (41) edge (42);
		\path[->] (56) edge (57);
		\path[->] (13) edge (14);
		\path[->] (57) edge (58);
		\path[->] (14) edge (15);
		\path[->] (16) edge (17);
		\path[->] (18) edge (8);
		\path[->] (18) edge (19);
		\path[->] (19) edge (20);
		\path[->] (20) edge (21);
		\path[->] (23) edge (24);
		\path[->] (24) edge (25);
		\path[->] (26) edge (27);
		\path[->] (27) edge (28);
		\path[->] (29) edge (30);
		\path[->] (43) edge (44);
		\path[->] (59) edge (56);
		\path[->] (59) edge (60);
		\path[->] (30) edge (31);
		\path[->] (44) edge (45);
		\path[->] (60) edge (53);
		\path[->] (60) edge (61);
		\path[->] (31) edge (26);
		\path[->] (31) edge (32);
		\path[->] (61) edge (62);
		\path[->] (32) edge (33);
		\path[->] (33) edge (34);
		\path[->, green] (3) [bend left] edge node { } (35);
		\path[->, green] (4) [bend left] edge node { } (46);
		\path[->, green] (9) [bend left] edge node { } (37);
		\path[->, green] (10) [bend left] edge node { } (50);
		\path[->, green] (32) [bend left] edge node { } (43);
		\path[->, green] (33) [bend left] edge node { } (59);
		\path[->, red] (36) [bend right] edge  node { } (4);
		\path[->, red] (48) [bend right] edge  node { } (5);
		\path[->, red] (38) [bend right] edge  node { } (10);
		\path[->, red] (52) [bend right] edge  node { } (11);
		\path[->, red] (53) [bend right] edge  node { } (11);
		\path[->, red] (41) [bend right] edge  node { } (16);
		\path[->, red] (57) [bend right] edge  node { } (22);
		\path[->, red] (44) [bend right] edge  node { } (33);
		\path[->, red] (61) [bend right] edge  node { } (34);


                \end{tikzpicture}
            \end{document}
