---
source: src/tests/icfg/naive/convert.rs
expression: output

---
   \documentclass{standalone}
            \usepackage{pgf, tikz}
            \usetikzlibrary{arrows, automata}
            \begin{document}
                \begin{tikzpicture}
                    [node distance=3cm]
                    \tikzstyle{every state}=[
                        draw = black,
                        thick,
                        fill = white,
                        minimum size = 4mm
                    ]

                    \node[circle,fill,inner sep=1pt,label=left:{\scriptsize $taut$}] (0) at (0, 0) { };
\node[circle,fill,inner sep=1pt,label=left:{\scriptsize $\%0$}] (1) at (3, 0) { };
\node[circle,fill,inner sep=1pt,label=left:{\scriptsize $\%1$}] (2) at (2, 0) { };
\node[circle,fill,inner sep=1pt,label=left:{\scriptsize $\%2$}] (3) at (1, 0) { };
\node[circle,fill,inner sep=1pt,label=left:{\scriptsize $taut$}] (4) at (0, 1) { };
\node[circle,fill,inner sep=1pt,label=left:{\scriptsize $\%1$}] (5) at (2, 1) { };
\node[circle,fill,inner sep=1pt,label=left:{\scriptsize $\%2$}] (6) at (1, 1) { };
\node[circle,fill,inner sep=1pt,label=left:{\scriptsize $taut$}] (7) at (0, 1) { };
\node[circle,fill,inner sep=1pt,label=left:{\scriptsize $taut$}] (8) at (0, 2) { };
\node[circle,fill,inner sep=1pt,label=left:{\scriptsize $\%0$}] (9) at (3, 2) { };
\node[circle,fill,inner sep=1pt,label=left:{\scriptsize $\%1$}] (10) at (2, 2) { };
\node[circle,fill,inner sep=1pt,label=left:{\scriptsize $\%2$}] (11) at (1, 2) { };
\node[circle,fill,inner sep=1pt,label=left:{\scriptsize $taut$}] (12) at (0, 2) { };
\node[circle,fill,inner sep=1pt,label=left:{\scriptsize $\%0$}] (13) at (3, 2) { };
\node[circle,fill,inner sep=1pt,label=left:{\scriptsize $\%1$}] (14) at (2, 2) { };
\node[circle,fill,inner sep=1pt,label=left:{\scriptsize $\%2$}] (15) at (1, 2) { };
\node[circle,fill,inner sep=1pt,label=left:{\scriptsize $taut$}] (16) at (0, 3) { };
\node[circle,fill,inner sep=1pt,label=left:{\scriptsize $\%0$}] (17) at (3, 3) { };
\node[circle,fill,inner sep=1pt,label=left:{\scriptsize $\%2$}] (18) at (1, 3) { };
\node[circle,fill,inner sep=1pt,label=left:{\scriptsize $taut$}] (19) at (0, 3) { };
\node[circle,fill,inner sep=1pt,label=left:{\scriptsize $taut$}] (20) at (0, 4) { };
\node[circle,fill,inner sep=1pt,label=left:{\scriptsize $\%0$}] (21) at (3, 4) { };
\node[circle,fill,inner sep=1pt,label=left:{\scriptsize $\%1$}] (22) at (2, 4) { };
\node[circle,fill,inner sep=1pt,label=left:{\scriptsize $taut$}] (23) at (0, 4) { };
\node[circle,fill,inner sep=1pt,label=left:{\scriptsize $taut$}] (24) at (0, 1) { };
\node[circle,fill,inner sep=1pt,label=left:{\scriptsize $\%0$}] (25) at (3, 1) { };
\node[circle,fill,inner sep=1pt,label=left:{\scriptsize $\%1$}] (26) at (2, 1) { };
\node[circle,fill,inner sep=1pt,label=left:{\scriptsize $\%2$}] (27) at (1, 1) { };
\node[circle,fill,inner sep=1pt,label=left:{\scriptsize $taut$}] (28) at (0, 2) { };
\node[circle,fill,inner sep=1pt,label=left:{\scriptsize $\%1$}] (29) at (2, 2) { };
\node[circle,fill,inner sep=1pt,label=left:{\scriptsize $\%2$}] (30) at (1, 2) { };
\node[circle,fill,inner sep=1pt,label=left:{\scriptsize $\%0$}] (31) at (3, 2) { };
\node[circle,fill,inner sep=1pt,label=left:{\scriptsize $taut$}] (32) at (0, 0) { };
\node[circle,fill,inner sep=1pt,label=left:{\scriptsize $\%0$}] (33) at (3, 0) { };
\node[circle,fill,inner sep=1pt,label=left:{\scriptsize $\%1$}] (34) at (2, 0) { };
\node[circle,fill,inner sep=1pt,label=left:{\scriptsize $\%2$}] (35) at (1, 0) { };
\node[circle,fill,inner sep=1pt,label=left:{\scriptsize $taut$}] (36) at (0, 3) { };
\node[circle,fill,inner sep=1pt,label=left:{\scriptsize $\%0$}] (37) at (3, 3) { };
\node[circle,fill,inner sep=1pt,label=left:{\scriptsize $\%1$}] (38) at (2, 3) { };
\node[circle,fill,inner sep=1pt,label=left:{\scriptsize $\%2$}] (39) at (1, 3) { };
\node[circle,fill,inner sep=1pt,label=left:{\scriptsize $taut$}] (40) at (0, 4) { };
\node[circle,fill,inner sep=1pt,label=left:{\scriptsize $\%0$}] (41) at (3, 4) { };
\node[circle,fill,inner sep=1pt,label=left:{\scriptsize $\%2$}] (42) at (1, 4) { };
\node[circle,fill,inner sep=1pt,label=left:{\scriptsize $\%1$}] (43) at (2, 4) { };
\node[circle,fill,inner sep=1pt,label=left:{\scriptsize $taut$}] (44) at (0, 5) { };
\node[circle,fill,inner sep=1pt,label=left:{\scriptsize $\%0$}] (45) at (3, 5) { };
\node[circle,fill,inner sep=1pt,label=left:{\scriptsize $\%1$}] (46) at (2, 5) { };
\node[circle,fill,inner sep=1pt,label=left:{\scriptsize $\%2$}] (47) at (1, 5) { };
\node[font=\tiny] (note_0) at (-1.5, 0.5) {Block(0)};
\node[font=\tiny] (note_1) at (-1.5, 2.5) {Conditional(1, [0])};
\node[font=\tiny] (note_2) at (-1.5, 1.5) {Const(0, 1.0)};
\node[font=\tiny] (note_3) at (-1.5, 3.5) {Const(1, 2.0)};
\node[font=\tiny] (note_4) at (-1.5, 4.5) {Const(2, 3.0)};
		\path[->] (0) edge (4);
		\path[->] (1) edge (25);
		\path[->] (2) edge (5);
		\path[->] (3) edge (6);
		\path[->] (4) edge (8);
		\path[->] (5) edge (10);
		\path[->] (6) edge (11);
		\path[->] (4) edge (9);
		\path[->, bend right] (8) edge (0);
		\path[->, bend right] (9) edge (1);
		\path[->, bend right] (10) edge (2);
		\path[->, bend right] (11) edge (3);
		\path[->] (8) edge (16);
		\path[->] (9) edge (17);
		\path[->] (10) edge (38);
		\path[->] (11) edge (18);
		\path[->] (16) edge (20);
		\path[->] (17) edge (21);
		\path[->] (18) edge (42);
		\path[->] (16) edge (22);
		\path[->] (20) edge (44);
		\path[->] (21) edge (45);
		\path[->] (22) edge (46);
		\path[->] (20) edge (47);


                \end{tikzpicture}
            \end{document}
