---
source: wasm_parser/src/lib.rs
expression: "format!(\"{:#?}\", ast)"
---
Module {
    sections: [
        Type(
            TypeSection {
                entries: [
                    FunctionSignature {
                        param_types: [],
                        return_types: [],
                    },
                    FunctionSignature {
                        param_types: [
                            I32,
                        ],
                        return_types: [
                            I32,
                        ],
                    },
                ],
            },
        ),
        Function(
            FunctionSection {
                types: [
                    0,
                    1,
                ],
            },
        ),
        Export(
            ExportSection {
                entries: [
                    ExportEntry {
                        name: "as-loop-mid",
                        kind: Function {
                            ty: 1,
                        },
                    },
                ],
            },
        ),
        Code(
            CodeSection {
                entries: [
                    FunctionBody {
                        locals: [],
                        code: [],
                    },
                    FunctionBody {
                        locals: [],
                        code: [
                            InstructionWrapper {
                                instruction_id: 7,
                                instruction: OP_BLOCK(
                                    Empty,
                                    CodeBlock {
                                        id: 2,
                                        instructions: [
                                            InstructionWrapper {
                                                instruction_id: 6,
                                                instruction: OP_LOOP(
                                                    Empty,
                                                    CodeBlock {
                                                        id: 1,
                                                        instructions: [
                                                            InstructionWrapper {
                                                                instruction_id: 1,
                                                                instruction: OP_CALL(
                                                                    0,
                                                                ),
                                                            },
                                                            InstructionWrapper {
                                                                instruction_id: 2,
                                                                instruction: OP_LOCAL_GET(
                                                                    0,
                                                                ),
                                                            },
                                                            InstructionWrapper {
                                                                instruction_id: 3,
                                                                instruction: OP_BR_IF(
                                                                    1,
                                                                ),
                                                            },
                                                            InstructionWrapper {
                                                                instruction_id: 4,
                                                                instruction: OP_I32_CONST(
                                                                    2,
                                                                ),
                                                            },
                                                            InstructionWrapper {
                                                                instruction_id: 5,
                                                                instruction: OP_RETURN,
                                                            },
                                                        ],
                                                    },
                                                ),
                                            },
                                        ],
                                    },
                                ),
                            },
                            InstructionWrapper {
                                instruction_id: 8,
                                instruction: OP_I32_CONST(
                                    4,
                                ),
                            },
                        ],
                    },
                ],
            },
        ),
    ],
}
