---
source: wasm_parser/src/lib.rs
expression: "format!(\"{:#?}\", ast)"
---
Module {
    sections: [
        Type(
            TypeSection {
                entries: [
                    FunctionSignature {
                        param_types: [
                            I32,
                            I32,
                            I32,
                            I32,
                            I32,
                        ],
                        return_types: [],
                    },
                    FunctionSignature {
                        param_types: [
                            I32,
                        ],
                        return_types: [
                            I32,
                        ],
                    },
                ],
            },
        ),
        Function(
            FunctionSection {
                types: [
                    0,
                    1,
                ],
            },
        ),
        Memory(
            MemorySection {
                entries: [
                    MemoryType {
                        limits: Zero(
                            17,
                        ),
                    },
                ],
            },
        ),
        Export(
            ExportSection {
                entries: [
                    ExportEntry {
                        name: "memory",
                        kind: Memory {
                            ty: 0,
                        },
                    },
                    ExportEntry {
                        name: "block",
                        kind: Function {
                            ty: 0,
                        },
                    },
                    ExportEntry {
                        name: "my_loop",
                        kind: Function {
                            ty: 1,
                        },
                    },
                ],
            },
        ),
        Code(
            CodeSection {
                entries: [
                    FunctionBody {
                        locals: [
                            LocalEntry {
                                count: 1,
                                ty: I64,
                            },
                        ],
                        code: [
                            OP_LOCAL_GET(
                                0,
                            ),
                            OP_LOCAL_GET(
                                3,
                            ),
                            OP_I64_EXTEND_I32_U,
                            OP_LOCAL_GET(
                                4,
                            ),
                            OP_I64_EXTEND_I32_U,
                            OP_I64_CONST(
                                32,
                            ),
                            OP_I64_SHL,
                            OP_I64_OR,
                            OP_LOCAL_GET(
                                1,
                            ),
                            OP_I64_EXTEND_I32_U,
                            OP_LOCAL_GET(
                                2,
                            ),
                            OP_I64_EXTEND_I32_U,
                            OP_I64_CONST(
                                32,
                            ),
                            OP_I64_SHL,
                            OP_I64_OR,
                            OP_I64_ADD,
                            OP_LOCAL_TEE(
                                5,
                            ),
                            OP_I64_STORE_32(
                                MemArg {
                                    align: 2,
                                    offset: 0,
                                },
                            ),
                            OP_LOCAL_GET(
                                0,
                            ),
                            OP_LOCAL_GET(
                                5,
                            ),
                            OP_I64_CONST(
                                32,
                            ),
                            OP_I64_SHR_U,
                            OP_I64_STORE_32(
                                MemArg {
                                    align: 2,
                                    offset: 4,
                                },
                            ),
                        ],
                    },
                    FunctionBody {
                        locals: [],
                        code: [
                            OP_LOCAL_GET(
                                0,
                            ),
                            OP_I32_EQZ,
                            OP_IF(
                                Empty,
                                CodeBlock {
                                    id: 1,
                                    instructions: [
                                        OP_I32_CONST(
                                            0,
                                        ),
                                        OP_RETURN,
                                    ],
                                },
                            ),
                            OP_LOOP(
                                Empty,
                                CodeBlock {
                                    id: 2,
                                    instructions: [
                                        OP_BR(
                                            0,
                                        ),
                                    ],
                                },
                            ),
                            OP_UNREACHABLE,
                        ],
                    },
                ],
            },
        ),
        Custom(
            CustomSection {
                name: "producers",
            },
        ),
    ],
}
