---
source: src/tests/icfg/convert.rs
expression: output

---
   \documentclass{standalone}
            \usepackage{pgf, tikz}
            \usetikzlibrary{arrows, automata}
            \begin{document}
                \begin{tikzpicture}
                    [node distance=3cm]
                    \tikzstyle{every state}=[
                        draw = black,
                        thick,
                        fill = white,
                        minimum size = 4mm
                    ]

                    \node[circle,fill,inner sep=1pt,label=left:$taut$] (0) at (0, 0) { };
\node[circle,fill,inner sep=1pt,label=left:$taut$] (3) at (0, 0) { };
\node[circle,fill,inner sep=1pt,label=left:$taut$] (5) at (0, 0) { };
\node[circle,fill,inner sep=1pt,label=left:$taut$] (6) at (0, 1) { };
\node[circle,fill,inner sep=1pt,label=left:$taut$] (7) at (0, 0) { };
\node[circle,fill,inner sep=1pt,label=left:$taut$] (17) at (0, 0) { };
\node[circle,fill,inner sep=1pt,label=left:$taut$] (18) at (0, 1) { };
\node[circle,fill,inner sep=1pt,label=left:$taut$] (19) at (0, 2) { };
\node[circle,fill,inner sep=1pt,label=left:$\%0$] (20) at (1, 1) { };
\node[circle,fill,inner sep=1pt,label=left:$\%0$] (24) at (1, 2) { };
\node[circle,fill,inner sep=1pt,label=left:$taut$] (29) at (0, 0) { };
\node[circle,fill,inner sep=1pt,label=left:$taut$] (30) at (0, 1) { };
\node[circle,fill,inner sep=1pt,label=left:$taut$] (31) at (0, 2) { };
\node[circle,fill,inner sep=1pt,label=left:$taut$] (32) at (0, 1) { };
\node[circle,fill,inner sep=1pt,label=left:$\%0$] (33) at (1, 1) { };
\node[circle,fill,inner sep=1pt,label=left:$taut$] (34) at (0, 1) { };
\node[font=\tiny] (note_0) at (-1.5, 0.5) {Const(0, 1.0)};
\node[font=\tiny] (note_1) at (-1.5, 1.5) {Call(mytest, [0], [0])};
\node[circle,fill,inner sep=1pt,label=left:$taut$] (1) at (3, 0) { };
\node[circle,fill,inner sep=1pt,label=left:$\%5$] (2) at (5, 0) { };
\node[circle,fill,inner sep=1pt,label=left:$\%5$] (4) at (5, 0) { };
\node[circle,fill,inner sep=1pt,label=left:$taut$] (8) at (3, 0) { };
\node[circle,fill,inner sep=1pt,label=left:$taut$] (9) at (3, 1) { };
\node[circle,fill,inner sep=1pt,label=left:$taut$] (10) at (3, 0) { };
\node[circle,fill,inner sep=1pt,label=left:$taut$] (11) at (3, 1) { };
\node[circle,fill,inner sep=1pt,label=left:$taut$] (12) at (3, 0) { };
\node[circle,fill,inner sep=1pt,label=left:$taut$] (13) at (3, 1) { };
\node[circle,fill,inner sep=1pt,label=left:$\%5$] (14) at (5, 0) { };
\node[circle,fill,inner sep=1pt,label=left:$\%6$] (15) at (4, 1) { };
\node[circle,fill,inner sep=1pt,label=left:$\%5$] (16) at (5, 1) { };
\node[circle,fill,inner sep=1pt,label=left:$taut$] (21) at (3, 0) { };
\node[circle,fill,inner sep=1pt,label=left:$taut$] (22) at (3, 1) { };
\node[circle,fill,inner sep=1pt,label=left:$taut$] (23) at (3, 2) { };
\node[circle,fill,inner sep=1pt,label=left:$\%6$] (25) at (4, 1) { };
\node[circle,fill,inner sep=1pt,label=left:$\%5$] (26) at (5, 1) { };
\node[circle,fill,inner sep=1pt,label=left:$\%6$] (27) at (4, 2) { };
\node[circle,fill,inner sep=1pt,label=left:$\%5$] (28) at (5, 2) { };
\node[circle,fill,inner sep=1pt,label=left:$\%5$] (35) at (5, 0) { };
\node[circle,fill,inner sep=1pt,label=left:$taut$] (36) at (3, 0) { };
\node[circle,fill,inner sep=1pt,label=left:$taut$] (37) at (3, 1) { };
\node[circle,fill,inner sep=1pt,label=left:$taut$] (38) at (3, 2) { };
\node[circle,fill,inner sep=1pt,label=left:$taut$] (39) at (3, 0) { };
\node[circle,fill,inner sep=1pt,label=left:$taut$] (40) at (3, 1) { };
\node[circle,fill,inner sep=1pt,label=left:$taut$] (41) at (3, 2) { };
\node[circle,fill,inner sep=1pt,label=left:$taut$] (42) at (3, 1) { };
\node[circle,fill,inner sep=1pt,label=left:$taut$] (43) at (3, 2) { };
\node[circle,fill,inner sep=1pt,label=left:$\%6$] (44) at (4, 1) { };
\node[circle,fill,inner sep=1pt,label=left:$\%5$] (45) at (5, 1) { };
\node[circle,fill,inner sep=1pt,label=left:$\%6$] (46) at (4, 2) { };
\node[circle,fill,inner sep=1pt,label=left:$\%5$] (47) at (5, 2) { };
\node[font=\tiny] (note_2) at (1.5, 0.5) {Assign(6, 5)};
\node[font=\tiny] (note_3) at (1.5, 1.5) {Return([6])};
\node[font=\tiny] (note_4) at (1.5, 0.5) {Assign(6, 5)};
\node[font=\tiny] (note_5) at (1.5, 1.5) {Return([6])};
		\path[->, blue] (0) [loop right] edge  node { } (0);
		\path[->, blue] (0) [bend right] edge  node { } (6);
		\path[->, blue] (0) [bend right] edge  node { } (19);
		\path[->, blue] (0) [bend right] edge  node { } (20);
		\path[->, blue] (1) [loop right] edge  node { } (1);
		\path[->, blue] (1) [bend right] edge  node { } (9);
		\path[->, blue] (1) [bend right] edge  node { } (23);
		\path[->, blue] (2) [loop right] edge  node { } (2);
		\path[->, blue] (0) [bend right] edge  node { } (24);
		\path[->, blue] (2) [bend right] edge  node { } (15);
		\path[->, blue] (2) [bend right] edge  node { } (16);
		\path[->, blue] (2) [bend right] edge  node { } (27);
		\path[->, blue] (2) [bend right] edge  node { } (28);
		\path[->] (0) edge (0);
		\path[->] (0) edge (6);
		\path[->] (6) edge (19);
		\path[->] (0) edge (6);
		\path[->] (0) edge (20);
		\path[->] (0) edge (6);
		\path[->] (0) edge (6);
		\path[->] (1) edge (1);
		\path[->] (1) edge (9);
		\path[->] (9) edge (23);
		\path[->] (1) edge (1);
		\path[->] (1) edge (9);
		\path[->] (9) edge (23);
		\path[->] (1) edge (9);
		\path[->] (1) edge (9);
		\path[->] (1) edge (9);
		\path[->] (9) edge (23);
		\path[->] (9) edge (23);
		\path[->] (9) edge (23);
		\path[->] (2) edge (15);
		\path[->] (2) edge (16);
		\path[->] (15) edge (27);
		\path[->] (16) edge (28);


                \end{tikzpicture}
            \end{document}
