---
source: ide/src/tests/icfg/convert.rs
expression: "format!(\"{:#?}\", res)"

---
Graph {
    vars: {
        "test": [
            Variable {
                id: "taut",
                last_fact: [
                    Fact {
                        id: 1,
                        note: "<b>taut</b> at 1<br/>Const(\"%0\", 1.0)",
                    },
                ],
                first_fact: Some(
                    Fact {
                        id: 0,
                        note: "<b>taut</b> at 0<br/>init",
                    },
                ),
                killed: false,
            },
            Variable {
                id: "%0",
                last_fact: [
                    Fact {
                        id: 2,
                        note: "<b>%0</b> at 1<br/>Const(\"%0\", 1.0)",
                    },
                ],
                first_fact: Some(
                    Fact {
                        id: 2,
                        note: "<b>%0</b> at 1<br/>Const(\"%0\", 1.0)",
                    },
                ),
                killed: false,
            },
        ],
    },
    facts: [
        Fact {
            id: 0,
            note: "<b>taut</b> at 0<br/>init",
        },
        Fact {
            id: 1,
            note: "<b>taut</b> at 1<br/>Const(\"%0\", 1.0)",
        },
        Fact {
            id: 2,
            note: "<b>%0</b> at 1<br/>Const(\"%0\", 1.0)",
        },
    ],
    edges: [
        Normal {
            from: Fact {
                id: 0,
                note: "<b>taut</b> at 0<br/>init",
            },
            to: Fact {
                id: 1,
                note: "<b>taut</b> at 1<br/>Const(\"%0\", 1.0)",
            },
        },
        Normal {
            from: Fact {
                id: 0,
                note: "<b>taut</b> at 0<br/>init",
            },
            to: Fact {
                id: 2,
                note: "<b>%0</b> at 1<br/>Const(\"%0\", 1.0)",
            },
        },
    ],
    counter: Counter {
        counter: 3,
    },
    epoch: Counter {
        counter: 2,
    },
}
