---
source: ide/src/tests/icfg/convert.rs
expression: "format!(\"{:#?}\", res)"

---
SubGraph {
    vars: [
        Variable {
            id: "taut",
            last_fact: Fact {
                id: 1,
                note: "<b>taut</b><br/>Const(\"%0\", 1.0)",
            },
        },
        Variable {
            id: "%0",
            last_fact: Fact {
                id: 2,
                note: "<b>%0</b><br/>Const(\"%0\", 1.0)",
            },
        },
    ],
    facts: [
        Fact {
            id: 0,
            note: "",
        },
        Fact {
            id: 1,
            note: "<b>taut</b><br/>Const(\"%0\", 1.0)",
        },
        Fact {
            id: 2,
            note: "<b>%0</b><br/>Const(\"%0\", 1.0)",
        },
    ],
    edges: [
        Normal {
            from: Fact {
                id: 0,
                note: "",
            },
            to: Fact {
                id: 1,
                note: "<b>taut</b><br/>Const(\"%0\", 1.0)",
            },
        },
        Normal {
            from: Fact {
                id: 0,
                note: "",
            },
            to: Fact {
                id: 2,
                note: "<b>%0</b><br/>Const(\"%0\", 1.0)",
            },
        },
    ],
    counter: Counter {
        counter: 3,
    },
}
