---
source: src/tests/integration/mod.rs
expression: output

---
   \documentclass{standalone}
            \usepackage{pgf, tikz}
            \usetikzlibrary{arrows, automata}
            \begin{document}
                \begin{tikzpicture}
                    [node distance=3cm]
                    \tikzstyle{every state}=[
                        draw = black,
                        thick,
                        fill = white,
                        minimum size = 4mm
                    ]

                    \node[circle,fill,inner sep=1pt,label=left:\%4] (35) at (5, 5) { };
\node[circle,fill,inner sep=1pt,label=left:\%2] (33) at (3, 5) { };
\node[circle,fill,inner sep=1pt,label=left:taut] (30) at (0, 5) { };
\node[circle,fill,inner sep=1pt,label=left:\%4] (29) at (5, 4) { };
\node[circle,fill,inner sep=1pt,label=left:\%2] (27) at (3, 4) { };
\node[circle,fill,inner sep=1pt,label=left:taut] (24) at (0, 4) { };
\node[circle,fill,inner sep=1pt,label=left:\%2] (21) at (3, 3) { };
\node[circle,fill,inner sep=1pt,label=left:taut] (18) at (0, 3) { };
\node[circle,fill,inner sep=1pt,label=left:\%2] (15) at (3, 2) { };
\node[circle,fill,inner sep=1pt,label=left:taut] (12) at (0, 2) { };
\node[circle,fill,inner sep=1pt,label=left:taut] (6) at (0, 1) { };
\node[circle,fill,inner sep=1pt,label=left:taut] (0) at (0, 0) { };
\node[font=\tiny] (note_0) at (-1.5, 0.5) {Block(0)};
\node[font=\tiny] (note_1) at (-1.5, 1.5) {Assign(2, 0)};
\node[font=\tiny] (note_2) at (-1.5, 2.5) {Assign(3, 1)};
\node[font=\tiny] (note_3) at (-1.5, 3.5) {BinOp(4, 3, 2)};
\node[font=\tiny] (note_4) at (-1.5, 4.5) {Return([4])};
		\path[->, blue] (0) [loop right] edge  node { } (0);
		\path[->] (0) edge (6);
		\path[->, blue] (0) [bend right] edge  node { } (6);
		\path[->] (6) edge (15);
		\path[->, blue] (6) [bend right] edge  node { } (15);
		\path[->, blue] (0) [bend right] edge  node { } (12);
		\path[->, blue] (6) [bend right] edge  node { } (21);
		\path[->, blue] (0) [bend right] edge  node { } (18);
		\path[->, blue] (6) [bend right] edge  node { } (27);
		\path[->, blue] (6) [bend right] edge  node { } (29);
		\path[->, blue] (0) [bend right] edge  node { } (24);
		\path[->, blue] (6) [bend right] edge  node { } (33);
		\path[->, blue] (6) [bend right] edge  node { } (35);
		\path[->, blue] (0) [bend right] edge  node { } (30);


                \end{tikzpicture}
            \end{document}
