---
source: src/tests/integration/mod.rs
expression: output

---
   \documentclass{standalone}
            \usepackage{pgf, tikz}
            \usetikzlibrary{arrows, automata}
            \begin{document}
                \begin{tikzpicture}
                    [node distance=3cm]
                    \tikzstyle{every state}=[
                        draw = black,
                        thick,
                        fill = white,
                        minimum size = 4mm
                    ]

                    \node[circle,fill,inner sep=1pt,label=left:\%11] (324) at (12, 24) { };
\node[circle,fill,inner sep=1pt,label=left:\%10] (323) at (11, 24) { };
\node[circle,fill,inner sep=1pt,label=left:\%3] (316) at (4, 24) { };
\node[circle,fill,inner sep=1pt,label=left:\%1] (314) at (2, 24) { };
\node[circle,fill,inner sep=1pt,label=left:taut] (312) at (0, 24) { };
\node[circle,fill,inner sep=1pt,label=left:\%11] (311) at (12, 23) { };
\node[circle,fill,inner sep=1pt,label=left:\%10] (310) at (11, 23) { };
\node[circle,fill,inner sep=1pt,label=left:\%3] (303) at (4, 23) { };
\node[circle,fill,inner sep=1pt,label=left:\%1] (301) at (2, 23) { };
\node[circle,fill,inner sep=1pt,label=left:taut] (299) at (0, 23) { };
\node[circle,fill,inner sep=1pt,label=left:\%10] (297) at (11, 22) { };
\node[circle,fill,inner sep=1pt,label=left:\%3] (290) at (4, 22) { };
\node[circle,fill,inner sep=1pt,label=left:\%1] (288) at (2, 22) { };
\node[circle,fill,inner sep=1pt,label=left:taut] (286) at (0, 22) { };
\node[circle,fill,inner sep=1pt,label=left:\%10] (284) at (11, 21) { };
\node[circle,fill,inner sep=1pt,label=left:\%3] (277) at (4, 21) { };
\node[circle,fill,inner sep=1pt,label=left:\%1] (275) at (2, 21) { };
\node[circle,fill,inner sep=1pt,label=left:taut] (273) at (0, 21) { };
\node[circle,fill,inner sep=1pt,label=left:\%10] (271) at (11, 20) { };
\node[circle,fill,inner sep=1pt,label=left:\%3] (264) at (4, 20) { };
\node[circle,fill,inner sep=1pt,label=left:\%1] (262) at (2, 20) { };
\node[circle,fill,inner sep=1pt,label=left:taut] (260) at (0, 20) { };
\node[circle,fill,inner sep=1pt,label=left:\%10] (258) at (11, 19) { };
\node[circle,fill,inner sep=1pt,label=left:\%3] (251) at (4, 19) { };
\node[circle,fill,inner sep=1pt,label=left:\%1] (249) at (2, 19) { };
\node[circle,fill,inner sep=1pt,label=left:taut] (247) at (0, 19) { };
\node[circle,fill,inner sep=1pt,label=left:\%10] (245) at (11, 18) { };
\node[circle,fill,inner sep=1pt,label=left:\%3] (238) at (4, 18) { };
\node[circle,fill,inner sep=1pt,label=left:\%1] (236) at (2, 18) { };
\node[circle,fill,inner sep=1pt,label=left:taut] (234) at (0, 18) { };
\node[circle,fill,inner sep=1pt,label=left:\%10] (232) at (11, 17) { };
\node[circle,fill,inner sep=1pt,label=left:\%3] (225) at (4, 17) { };
\node[circle,fill,inner sep=1pt,label=left:\%1] (223) at (2, 17) { };
\node[circle,fill,inner sep=1pt,label=left:taut] (221) at (0, 17) { };
\node[circle,fill,inner sep=1pt,label=left:\%10] (219) at (11, 16) { };
\node[circle,fill,inner sep=1pt,label=left:\%3] (212) at (4, 16) { };
\node[circle,fill,inner sep=1pt,label=left:\%1] (210) at (2, 16) { };
\node[circle,fill,inner sep=1pt,label=left:taut] (208) at (0, 16) { };
\node[circle,fill,inner sep=1pt,label=left:\%10] (206) at (11, 15) { };
\node[circle,fill,inner sep=1pt,label=left:\%9] (205) at (10, 15) { };
\node[circle,fill,inner sep=1pt,label=left:\%3] (199) at (4, 15) { };
\node[circle,fill,inner sep=1pt,label=left:\%1] (197) at (2, 15) { };
\node[circle,fill,inner sep=1pt,label=left:taut] (195) at (0, 15) { };
\node[circle,fill,inner sep=1pt,label=left:\%9] (192) at (10, 14) { };
\node[circle,fill,inner sep=1pt,label=left:\%3] (186) at (4, 14) { };
\node[circle,fill,inner sep=1pt,label=left:\%1] (184) at (2, 14) { };
\node[circle,fill,inner sep=1pt,label=left:taut] (182) at (0, 14) { };
\node[circle,fill,inner sep=1pt,label=left:\%3] (173) at (4, 13) { };
\node[circle,fill,inner sep=1pt,label=left:\%1] (171) at (2, 13) { };
\node[circle,fill,inner sep=1pt,label=left:taut] (169) at (0, 13) { };
\node[circle,fill,inner sep=1pt,label=left:\%3] (160) at (4, 12) { };
\node[circle,fill,inner sep=1pt,label=left:\%1] (158) at (2, 12) { };
\node[circle,fill,inner sep=1pt,label=left:taut] (156) at (0, 12) { };
\node[circle,fill,inner sep=1pt,label=left:\%3] (147) at (4, 11) { };
\node[circle,fill,inner sep=1pt,label=left:\%1] (145) at (2, 11) { };
\node[circle,fill,inner sep=1pt,label=left:taut] (143) at (0, 11) { };
\node[circle,fill,inner sep=1pt,label=left:\%3] (134) at (4, 10) { };
\node[circle,fill,inner sep=1pt,label=left:\%1] (132) at (2, 10) { };
\node[circle,fill,inner sep=1pt,label=left:taut] (130) at (0, 10) { };
\node[circle,fill,inner sep=1pt,label=left:\%3] (121) at (4, 9) { };
\node[circle,fill,inner sep=1pt,label=left:\%1] (119) at (2, 9) { };
\node[circle,fill,inner sep=1pt,label=left:taut] (117) at (0, 9) { };
\node[circle,fill,inner sep=1pt,label=left:\%3] (108) at (4, 8) { };
\node[circle,fill,inner sep=1pt,label=left:\%1] (106) at (2, 8) { };
\node[circle,fill,inner sep=1pt,label=left:taut] (104) at (0, 8) { };
\node[circle,fill,inner sep=1pt,label=left:\%3] (95) at (4, 7) { };
\node[circle,fill,inner sep=1pt,label=left:\%1] (93) at (2, 7) { };
\node[circle,fill,inner sep=1pt,label=left:taut] (91) at (0, 7) { };
\node[circle,fill,inner sep=1pt,label=left:\%3] (82) at (4, 6) { };
\node[circle,fill,inner sep=1pt,label=left:\%1] (80) at (2, 6) { };
\node[circle,fill,inner sep=1pt,label=left:taut] (78) at (0, 6) { };
\node[circle,fill,inner sep=1pt,label=left:\%3] (69) at (4, 5) { };
\node[circle,fill,inner sep=1pt,label=left:\%1] (67) at (2, 5) { };
\node[circle,fill,inner sep=1pt,label=left:taut] (65) at (0, 5) { };
\node[circle,fill,inner sep=1pt,label=left:\%3] (56) at (4, 4) { };
\node[circle,fill,inner sep=1pt,label=left:\%1] (54) at (2, 4) { };
\node[circle,fill,inner sep=1pt,label=left:taut] (52) at (0, 4) { };
\node[circle,fill,inner sep=1pt,label=left:\%1] (41) at (2, 3) { };
\node[circle,fill,inner sep=1pt,label=left:taut] (39) at (0, 3) { };
\node[circle,fill,inner sep=1pt,label=left:\%1] (28) at (2, 2) { };
\node[circle,fill,inner sep=1pt,label=left:taut] (26) at (0, 2) { };
\node[circle,fill,inner sep=1pt,label=left:taut] (13) at (0, 1) { };
\node[circle,fill,inner sep=1pt,label=left:taut] (0) at (0, 0) { };
\node[font=\tiny] (note_0) at (-1.5, 0.5) {Block(0)};
\node[font=\tiny] (note_1) at (-1.5, 1.5) {Assign(1, 0)};
\node[font=\tiny] (note_2) at (-1.5, 2.5) {Const(2, 0.0)};
\node[font=\tiny] (note_3) at (-1.5, 3.5) {BinOp(3, 2, 1)};
\node[font=\tiny] (note_4) at (-1.5, 4.5) {Conditional(3, [1, 2])};
\node[font=\tiny] (note_5) at (-1.5, 5.5) {Block(1)};
\node[font=\tiny] (note_6) at (-1.5, 6.5) {Const(4, 1.0)};
\node[font=\tiny] (note_7) at (-1.5, 7.5) {Jump(3)};
\node[font=\tiny] (note_8) at (-1.5, 8.5) {Block(2)};
\node[font=\tiny] (note_9) at (-1.5, 9.5) {Assign(5, 0)};
\node[font=\tiny] (note_10) at (-1.5, 10.5) {Assign(6, 0)};
\node[font=\tiny] (note_11) at (-1.5, 11.5) {Const(7, 1.0)};
\node[font=\tiny] (note_12) at (-1.5, 12.5) {BinOp(8, 7, 6)};
\node[font=\tiny] (note_13) at (-1.5, 13.5) {Call(0, [8], [9])};
\node[font=\tiny] (note_14) at (-1.5, 14.5) {BinOp(10, 9, 8)};
\node[font=\tiny] (note_15) at (-1.5, 15.5) {Kill(9)};
\node[font=\tiny] (note_16) at (-1.5, 16.5) {Kill(8)};
\node[font=\tiny] (note_17) at (-1.5, 17.5) {Kill(7)};
\node[font=\tiny] (note_18) at (-1.5, 18.5) {Kill(6)};
\node[font=\tiny] (note_19) at (-1.5, 19.5) {Kill(5)};
\node[font=\tiny] (note_20) at (-1.5, 20.5) {Jump(3)};
\node[font=\tiny] (note_21) at (-1.5, 21.5) {Block(3)};
\node[font=\tiny] (note_22) at (-1.5, 22.5) {Phi(11, 4, 10)};
\node[font=\tiny] (note_23) at (-1.5, 23.5) {Return([11])};
		\path[->, blue] (0) [loop right] edge  node { } (0);
		\path[->] (0) edge (13);
		\path[->, blue] (0) [bend right] edge  node { } (13);
		\path[->] (13) edge (28);
		\path[->, blue] (13) [bend right] edge  node { } (28);
		\path[->, blue] (0) [bend right] edge  node { } (26);
		\path[->, blue] (13) [bend right] edge  node { } (41);
		\path[->, blue] (0) [bend right] edge  node { } (39);
		\path[->, blue] (13) [bend right] edge  node { } (54);
		\path[->, blue] (13) [bend right] edge  node { } (56);
		\path[->, blue] (0) [bend right] edge  node { } (52);
		\path[->, blue] (13) [bend right] edge  node { } (67);
		\path[->, blue] (13) [bend right] edge  node { } (106);
		\path[->, blue] (13) [bend right] edge  node { } (69);
		\path[->, blue] (13) [bend right] edge  node { } (108);
		\path[->, blue] (0) [bend right] edge  node { } (65);
		\path[->, blue] (0) [bend right] edge  node { } (104);
		\path[->, blue] (13) [bend right] edge  node { } (80);
		\path[->, blue] (13) [bend right] edge  node { } (119);
		\path[->, blue] (13) [bend right] edge  node { } (82);
		\path[->, blue] (13) [bend right] edge  node { } (121);
		\path[->, blue] (0) [bend right] edge  node { } (78);
		\path[->, blue] (0) [bend right] edge  node { } (117);
		\path[->, blue] (13) [bend right] edge  node { } (93);
		\path[->, blue] (13) [bend right] edge  node { } (132);
		\path[->, blue] (13) [bend right] edge  node { } (95);
		\path[->, blue] (13) [bend right] edge  node { } (134);
		\path[->, blue] (0) [bend right] edge  node { } (91);
		\path[->, blue] (0) [bend right] edge  node { } (130);
		\path[->, blue] (13) [bend right] edge  node { } (275);
		\path[->, blue] (13) [bend right] edge  node { } (145);
		\path[->, blue] (13) [bend right] edge  node { } (277);
		\path[->, blue] (13) [bend right] edge  node { } (147);
		\path[->, blue] (0) [bend right] edge  node { } (273);
		\path[->, blue] (0) [bend right] edge  node { } (143);
		\path[->, blue] (13) [bend right] edge  node { } (288);
		\path[->, blue] (13) [bend right] edge  node { } (158);
		\path[->, blue] (13) [bend right] edge  node { } (290);
		\path[->, blue] (13) [bend right] edge  node { } (160);
		\path[->, blue] (0) [bend right] edge  node { } (286);
		\path[->, blue] (0) [bend right] edge  node { } (156);
		\path[->, blue] (13) [bend right] edge  node { } (301);
		\path[->, blue] (13) [bend right] edge  node { } (171);
		\path[->, blue] (13) [bend right] edge  node { } (303);
		\path[->, blue] (13) [bend right] edge  node { } (173);
		\path[->, blue] (0) [bend right] edge  node { } (299);
		\path[->, blue] (0) [bend right] edge  node { } (169);
		\path[->, blue] (13) [bend right] edge  node { } (314);
		\path[->, blue] (0) [bend right] edge  node { } (184);
		\path[->, blue] (13) [bend right] edge  node { } (316);
		\path[->, blue] (0) [bend right] edge  node { } (186);
		\path[->, blue] (0) [bend right] edge  node { } (312);
		\path[->, blue] (0) [bend right] edge  node { } (182);
		\path[->, blue] (0) [bend right] edge  node { } (197);
		\path[->, blue] (0) [bend right] edge  node { } (199);
		\path[->, blue] (0) [bend right] edge  node { } (195);
		\path[->, blue] (0) [bend right] edge  node { } (210);
		\path[->, blue] (0) [bend right] edge  node { } (212);
		\path[->, blue] (0) [bend right] edge  node { } (208);
		\path[->, blue] (0) [bend right] edge  node { } (223);
		\path[->, blue] (0) [bend right] edge  node { } (225);
		\path[->, blue] (0) [bend right] edge  node { } (221);
		\path[->, blue] (0) [bend right] edge  node { } (236);
		\path[->, blue] (0) [bend right] edge  node { } (238);
		\path[->, blue] (0) [bend right] edge  node { } (234);
		\path[->, blue] (0) [bend right] edge  node { } (249);
		\path[->, blue] (0) [bend right] edge  node { } (251);
		\path[->, blue] (0) [bend right] edge  node { } (247);
		\path[->, blue] (0) [bend right] edge  node { } (262);
		\path[->, blue] (0) [bend right] edge  node { } (264);
		\path[->, blue] (0) [bend right] edge  node { } (260);
		\path[->, blue] (0) [bend right] edge  node { } (275);
		\path[->, blue] (0) [bend right] edge  node { } (277);
		\path[->, blue] (0) [bend right] edge  node { } (288);
		\path[->, blue] (0) [bend right] edge  node { } (290);
		\path[->, blue] (0) [bend right] edge  node { } (301);
		\path[->, blue] (0) [bend right] edge  node { } (303);
		\path[->, blue] (0) [bend right] edge  node { } (314);
		\path[->, blue] (0) [bend right] edge  node { } (316);
		\path[->, blue] (0) [bend right] edge  node { } (192);
		\path[->, blue] (0) [bend right] edge  node { } (205);
		\path[->, blue] (0) [bend right] edge  node { } (206);
		\path[->, blue] (0) [bend right] edge  node { } (219);
		\path[->, blue] (0) [bend right] edge  node { } (232);
		\path[->, blue] (0) [bend right] edge  node { } (245);
		\path[->, blue] (0) [bend right] edge  node { } (258);
		\path[->, blue] (0) [bend right] edge  node { } (271);
		\path[->, blue] (0) [bend right] edge  node { } (284);
		\path[->, blue] (0) [bend right] edge  node { } (297);
		\path[->, blue] (0) [bend right] edge  node { } (310);
		\path[->, blue] (0) [bend right] edge  node { } (311);
		\path[->, blue] (0) [bend right] edge  node { } (323);
		\path[->, blue] (0) [bend right] edge  node { } (324);
		\path[->] (0) edge (13);
		\path[->] (13) edge (26);
		\path[->] (13) edge (26);
		\path[->] (28) edge (41);
		\path[->] (28) edge (41);
		\path[->] (26) edge (39);
		\path[->] (41) edge (54);
		\path[->] (41) edge (56);
		\path[->] (39) edge (52);
		\path[->, bend right] (54) edge (67);
		\path[->, bend right] (54) edge (106);
		\path[->, bend right] (56) edge (69);
		\path[->, bend right] (56) edge (108);
		\path[->, bend right] (52) edge (65);
		\path[->, bend right] (52) edge (104);
		\path[->] (67) edge (80);
		\path[->] (106) edge (119);
		\path[->] (69) edge (82);
		\path[->] (108) edge (121);
		\path[->] (65) edge (78);
		\path[->] (104) edge (117);
		\path[->] (80) edge (93);
		\path[->] (119) edge (132);
		\path[->] (82) edge (95);
		\path[->] (121) edge (134);
		\path[->] (78) edge (91);
		\path[->] (117) edge (130);
		\path[->, bend right] (93) edge (275);
		\path[->] (132) edge (145);
		\path[->, bend right] (95) edge (277);
		\path[->] (134) edge (147);
		\path[->, bend right] (91) edge (273);
		\path[->] (130) edge (143);
		\path[->] (275) edge (288);
		\path[->] (145) edge (158);
		\path[->] (277) edge (290);
		\path[->] (147) edge (160);
		\path[->] (273) edge (286);
		\path[->] (143) edge (156);
		\path[->] (288) edge (301);
		\path[->] (158) edge (171);
		\path[->] (290) edge (303);
		\path[->] (160) edge (173);
		\path[->] (286) edge (299);
		\path[->] (156) edge (169);
		\path[->] (301) edge (314);
		\path[->] (303) edge (316);
		\path[->] (299) edge (312);
		\path[->] (184) edge (197);
		\path[->] (186) edge (199);
		\path[->] (182) edge (195);
		\path[->] (197) edge (210);
		\path[->] (199) edge (212);
		\path[->] (195) edge (208);
		\path[->] (210) edge (223);
		\path[->] (212) edge (225);
		\path[->] (208) edge (221);
		\path[->] (223) edge (236);
		\path[->] (225) edge (238);
		\path[->] (221) edge (234);
		\path[->] (236) edge (249);
		\path[->] (238) edge (251);
		\path[->] (234) edge (247);
		\path[->] (249) edge (262);
		\path[->] (251) edge (264);
		\path[->] (247) edge (260);
		\path[->, bend right] (262) edge (275);
		\path[->, bend right] (264) edge (277);
		\path[->, bend right] (260) edge (273);
		\path[->] (275) edge (288);
		\path[->] (277) edge (290);
		\path[->] (288) edge (301);
		\path[->] (290) edge (303);
		\path[->] (301) edge (314);
		\path[->] (303) edge (316);
		\path[->] (192) edge (205);
		\path[->] (192) edge (206);
		\path[->] (206) edge (219);
		\path[->] (219) edge (232);
		\path[->] (232) edge (245);
		\path[->] (245) edge (258);
		\path[->] (258) edge (271);
		\path[->, bend right] (271) edge (284);
		\path[->] (284) edge (297);
		\path[->] (297) edge (310);
		\path[->] (297) edge (311);
		\path[->] (310) edge (323);
		\path[->] (311) edge (324);


                \end{tikzpicture}
            \end{document}
