---
source: src/tests/integration/mod.rs
expression: output

---
   \documentclass{standalone}
            \usepackage{pgf, tikz}
            \usetikzlibrary{arrows, automata}
            \begin{document}
                \begin{tikzpicture}
                    [node distance=3cm]
                    \tikzstyle{every state}=[
                        draw = black,
                        thick,
                        fill = white,
                        minimum size = 4mm
                    ]

                    \node[circle,fill,inner sep=1pt,label=left:taut] (0) at (0, 0) {};
\node[circle,fill,inner sep=1pt,label=left:\%0] (1) at (1, 0) {};
\node[circle,fill,inner sep=1pt,label=left:\%1] (2) at (2, 0) {};
\node[circle,fill,inner sep=1pt,label=left:\%2] (3) at (3, 0) {};
\node[circle,fill,inner sep=1pt,label=left:\%3] (4) at (4, 0) {};
\node[circle,fill,inner sep=1pt,label=left:\%4] (5) at (5, 0) {};
\node[circle,fill,inner sep=1pt,label=left:\%5] (6) at (6, 0) {};
\node[circle,fill,inner sep=1pt,label=left:\%6] (7) at (7, 0) {};
\node[circle,fill,inner sep=1pt,label=left:\%7] (8) at (8, 0) {};
\node[circle,fill,inner sep=1pt,label=left:taut] (9) at (0, 1) {};
\node[circle,fill,inner sep=1pt,label=left:\%0] (10) at (1, 1) {};
\node[circle,fill,inner sep=1pt,label=left:\%1] (11) at (2, 1) {};
\node[circle,fill,inner sep=1pt,label=left:\%2] (12) at (3, 1) {};
\node[circle,fill,inner sep=1pt,label=left:\%3] (13) at (4, 1) {};
\node[circle,fill,inner sep=1pt,label=left:\%4] (14) at (5, 1) {};
\node[circle,fill,inner sep=1pt,label=left:\%5] (15) at (6, 1) {};
\node[circle,fill,inner sep=1pt,label=left:\%6] (16) at (7, 1) {};
\node[circle,fill,inner sep=1pt,label=left:\%7] (17) at (8, 1) {};
\node[circle,fill,inner sep=1pt,label=left:taut] (18) at (0, 2) {};
\node[circle,fill,inner sep=1pt,label=left:\%0] (19) at (1, 2) {};
\node[circle,fill,inner sep=1pt,label=left:\%1] (20) at (2, 2) {};
\node[circle,fill,inner sep=1pt,label=left:\%2] (21) at (3, 2) {};
\node[circle,fill,inner sep=1pt,label=left:\%3] (22) at (4, 2) {};
\node[circle,fill,inner sep=1pt,label=left:\%4] (23) at (5, 2) {};
\node[circle,fill,inner sep=1pt,label=left:\%5] (24) at (6, 2) {};
\node[circle,fill,inner sep=1pt,label=left:\%6] (25) at (7, 2) {};
\node[circle,fill,inner sep=1pt,label=left:\%7] (26) at (8, 2) {};
\node[circle,fill,inner sep=1pt,label=left:taut] (27) at (0, 3) {};
\node[circle,fill,inner sep=1pt,label=left:\%0] (28) at (1, 3) {};
\node[circle,fill,inner sep=1pt,label=left:\%1] (29) at (2, 3) {};
\node[circle,fill,inner sep=1pt,label=left:\%2] (30) at (3, 3) {};
\node[circle,fill,inner sep=1pt,label=left:\%3] (31) at (4, 3) {};
\node[circle,fill,inner sep=1pt,label=left:\%4] (32) at (5, 3) {};
\node[circle,fill,inner sep=1pt,label=left:\%5] (33) at (6, 3) {};
\node[circle,fill,inner sep=1pt,label=left:\%6] (34) at (7, 3) {};
\node[circle,fill,inner sep=1pt,label=left:\%7] (35) at (8, 3) {};
\node[circle,fill,inner sep=1pt,label=left:taut] (36) at (0, 4) {};
\node[circle,fill,inner sep=1pt,label=left:\%0] (37) at (1, 4) {};
\node[circle,fill,inner sep=1pt,label=left:\%1] (38) at (2, 4) {};
\node[circle,fill,inner sep=1pt,label=left:\%2] (39) at (3, 4) {};
\node[circle,fill,inner sep=1pt,label=left:\%3] (40) at (4, 4) {};
\node[circle,fill,inner sep=1pt,label=left:\%4] (41) at (5, 4) {};
\node[circle,fill,inner sep=1pt,label=left:\%5] (42) at (6, 4) {};
\node[circle,fill,inner sep=1pt,label=left:\%6] (43) at (7, 4) {};
\node[circle,fill,inner sep=1pt,label=left:\%7] (44) at (8, 4) {};
\node[circle,fill,inner sep=1pt,label=left:taut] (45) at (0, 5) {};
\node[circle,fill,inner sep=1pt,label=left:\%0] (46) at (1, 5) {};
\node[circle,fill,inner sep=1pt,label=left:\%1] (47) at (2, 5) {};
\node[circle,fill,inner sep=1pt,label=left:\%2] (48) at (3, 5) {};
\node[circle,fill,inner sep=1pt,label=left:\%3] (49) at (4, 5) {};
\node[circle,fill,inner sep=1pt,label=left:\%4] (50) at (5, 5) {};
\node[circle,fill,inner sep=1pt,label=left:\%5] (51) at (6, 5) {};
\node[circle,fill,inner sep=1pt,label=left:\%6] (52) at (7, 5) {};
\node[circle,fill,inner sep=1pt,label=left:\%7] (53) at (8, 5) {};
\node[circle,fill,inner sep=1pt,label=left:taut] (54) at (0, 6) {};
\node[circle,fill,inner sep=1pt,label=left:\%0] (55) at (1, 6) {};
\node[circle,fill,inner sep=1pt,label=left:\%1] (56) at (2, 6) {};
\node[circle,fill,inner sep=1pt,label=left:\%2] (57) at (3, 6) {};
\node[circle,fill,inner sep=1pt,label=left:\%3] (58) at (4, 6) {};
\node[circle,fill,inner sep=1pt,label=left:\%4] (59) at (5, 6) {};
\node[circle,fill,inner sep=1pt,label=left:\%5] (60) at (6, 6) {};
\node[circle,fill,inner sep=1pt,label=left:\%6] (61) at (7, 6) {};
\node[circle,fill,inner sep=1pt,label=left:\%7] (62) at (8, 6) {};
\node[circle,fill,inner sep=1pt,label=left:taut] (63) at (0, 7) {};
\node[circle,fill,inner sep=1pt,label=left:\%0] (64) at (1, 7) {};
\node[circle,fill,inner sep=1pt,label=left:\%1] (65) at (2, 7) {};
\node[circle,fill,inner sep=1pt,label=left:\%2] (66) at (3, 7) {};
\node[circle,fill,inner sep=1pt,label=left:\%3] (67) at (4, 7) {};
\node[circle,fill,inner sep=1pt,label=left:\%4] (68) at (5, 7) {};
\node[circle,fill,inner sep=1pt,label=left:\%5] (69) at (6, 7) {};
\node[circle,fill,inner sep=1pt,label=left:\%6] (70) at (7, 7) {};
\node[circle,fill,inner sep=1pt,label=left:\%7] (71) at (8, 7) {};
\node[circle,fill,inner sep=1pt,label=left:taut] (72) at (0, 8) {};
\node[circle,fill,inner sep=1pt,label=left:\%0] (73) at (1, 8) {};
\node[circle,fill,inner sep=1pt,label=left:\%1] (74) at (2, 8) {};
\node[circle,fill,inner sep=1pt,label=left:\%2] (75) at (3, 8) {};
\node[circle,fill,inner sep=1pt,label=left:\%3] (76) at (4, 8) {};
\node[circle,fill,inner sep=1pt,label=left:\%4] (77) at (5, 8) {};
\node[circle,fill,inner sep=1pt,label=left:\%5] (78) at (6, 8) {};
\node[circle,fill,inner sep=1pt,label=left:\%6] (79) at (7, 8) {};
\node[circle,fill,inner sep=1pt,label=left:\%7] (80) at (8, 8) {};
\node[circle,fill,inner sep=1pt,label=left:taut] (81) at (0, 9) {};
\node[circle,fill,inner sep=1pt,label=left:\%0] (82) at (1, 9) {};
\node[circle,fill,inner sep=1pt,label=left:\%1] (83) at (2, 9) {};
\node[circle,fill,inner sep=1pt,label=left:\%2] (84) at (3, 9) {};
\node[circle,fill,inner sep=1pt,label=left:\%3] (85) at (4, 9) {};
\node[circle,fill,inner sep=1pt,label=left:\%4] (86) at (5, 9) {};
\node[circle,fill,inner sep=1pt,label=left:\%5] (87) at (6, 9) {};
\node[circle,fill,inner sep=1pt,label=left:\%6] (88) at (7, 9) {};
\node[circle,fill,inner sep=1pt,label=left:\%7] (89) at (8, 9) {};
\node[circle,fill,inner sep=1pt,label=left:taut] (90) at (0, 10) {};
\node[circle,fill,inner sep=1pt,label=left:\%0] (91) at (1, 10) {};
\node[circle,fill,inner sep=1pt,label=left:\%1] (92) at (2, 10) {};
\node[circle,fill,inner sep=1pt,label=left:\%2] (93) at (3, 10) {};
\node[circle,fill,inner sep=1pt,label=left:\%3] (94) at (4, 10) {};
\node[circle,fill,inner sep=1pt,label=left:\%4] (95) at (5, 10) {};
\node[circle,fill,inner sep=1pt,label=left:\%5] (96) at (6, 10) {};
\node[circle,fill,inner sep=1pt,label=left:\%6] (97) at (7, 10) {};
\node[circle,fill,inner sep=1pt,label=left:\%7] (98) at (8, 10) {};
\node[circle,fill,inner sep=1pt,label=left:taut] (99) at (0, 11) {};
\node[circle,fill,inner sep=1pt,label=left:\%0] (100) at (1, 11) {};
\node[circle,fill,inner sep=1pt,label=left:\%1] (101) at (2, 11) {};
\node[circle,fill,inner sep=1pt,label=left:\%2] (102) at (3, 11) {};
\node[circle,fill,inner sep=1pt,label=left:\%3] (103) at (4, 11) {};
\node[circle,fill,inner sep=1pt,label=left:\%4] (104) at (5, 11) {};
\node[circle,fill,inner sep=1pt,label=left:\%5] (105) at (6, 11) {};
\node[circle,fill,inner sep=1pt,label=left:\%6] (106) at (7, 11) {};
\node[circle,fill,inner sep=1pt,label=left:\%7] (107) at (8, 11) {};
\node[circle,fill,inner sep=1pt,label=left:taut] (108) at (0, 12) {};
\node[circle,fill,inner sep=1pt,label=left:\%0] (109) at (1, 12) {};
\node[circle,fill,inner sep=1pt,label=left:\%1] (110) at (2, 12) {};
\node[circle,fill,inner sep=1pt,label=left:\%2] (111) at (3, 12) {};
\node[circle,fill,inner sep=1pt,label=left:\%3] (112) at (4, 12) {};
\node[circle,fill,inner sep=1pt,label=left:\%4] (113) at (5, 12) {};
\node[circle,fill,inner sep=1pt,label=left:\%5] (114) at (6, 12) {};
\node[circle,fill,inner sep=1pt,label=left:\%6] (115) at (7, 12) {};
\node[circle,fill,inner sep=1pt,label=left:\%7] (116) at (8, 12) {};
\node[circle,fill,inner sep=1pt,label=left:taut] (117) at (0, 13) {};
\node[circle,fill,inner sep=1pt,label=left:\%0] (118) at (1, 13) {};
\node[circle,fill,inner sep=1pt,label=left:\%1] (119) at (2, 13) {};
\node[circle,fill,inner sep=1pt,label=left:\%2] (120) at (3, 13) {};
\node[circle,fill,inner sep=1pt,label=left:\%3] (121) at (4, 13) {};
\node[circle,fill,inner sep=1pt,label=left:\%4] (122) at (5, 13) {};
\node[circle,fill,inner sep=1pt,label=left:\%5] (123) at (6, 13) {};
\node[circle,fill,inner sep=1pt,label=left:\%6] (124) at (7, 13) {};
\node[circle,fill,inner sep=1pt,label=left:\%7] (125) at (8, 13) {};
\node[circle,fill,inner sep=1pt,label=left:taut] (126) at (0, 14) {};
\node[circle,fill,inner sep=1pt,label=left:\%0] (127) at (1, 14) {};
\node[circle,fill,inner sep=1pt,label=left:\%1] (128) at (2, 14) {};
\node[circle,fill,inner sep=1pt,label=left:\%2] (129) at (3, 14) {};
\node[circle,fill,inner sep=1pt,label=left:\%3] (130) at (4, 14) {};
\node[circle,fill,inner sep=1pt,label=left:\%4] (131) at (5, 14) {};
\node[circle,fill,inner sep=1pt,label=left:\%5] (132) at (6, 14) {};
\node[circle,fill,inner sep=1pt,label=left:\%6] (133) at (7, 14) {};
\node[circle,fill,inner sep=1pt,label=left:\%7] (134) at (8, 14) {};
\node[circle,fill,inner sep=1pt,label=left:taut] (135) at (0, 15) {};
\node[circle,fill,inner sep=1pt,label=left:\%0] (136) at (1, 15) {};
\node[circle,fill,inner sep=1pt,label=left:\%1] (137) at (2, 15) {};
\node[circle,fill,inner sep=1pt,label=left:\%2] (138) at (3, 15) {};
\node[circle,fill,inner sep=1pt,label=left:\%3] (139) at (4, 15) {};
\node[circle,fill,inner sep=1pt,label=left:\%4] (140) at (5, 15) {};
\node[circle,fill,inner sep=1pt,label=left:\%5] (141) at (6, 15) {};
\node[circle,fill,inner sep=1pt,label=left:\%6] (142) at (7, 15) {};
\node[circle,fill,inner sep=1pt,label=left:\%7] (143) at (8, 15) {};
\node[circle,fill,inner sep=1pt,label=left:taut] (144) at (0, 16) {};
\node[circle,fill,inner sep=1pt,label=left:\%0] (145) at (1, 16) {};
\node[circle,fill,inner sep=1pt,label=left:\%1] (146) at (2, 16) {};
\node[circle,fill,inner sep=1pt,label=left:\%2] (147) at (3, 16) {};
\node[circle,fill,inner sep=1pt,label=left:\%3] (148) at (4, 16) {};
\node[circle,fill,inner sep=1pt,label=left:\%4] (149) at (5, 16) {};
\node[circle,fill,inner sep=1pt,label=left:\%5] (150) at (6, 16) {};
\node[circle,fill,inner sep=1pt,label=left:\%6] (151) at (7, 16) {};
\node[circle,fill,inner sep=1pt,label=left:\%7] (152) at (8, 16) {};
\node[circle,fill,inner sep=1pt,label=left:taut] (153) at (0, 17) {};
\node[circle,fill,inner sep=1pt,label=left:\%0] (154) at (1, 17) {};
\node[circle,fill,inner sep=1pt,label=left:\%1] (155) at (2, 17) {};
\node[circle,fill,inner sep=1pt,label=left:\%2] (156) at (3, 17) {};
\node[circle,fill,inner sep=1pt,label=left:\%3] (157) at (4, 17) {};
\node[circle,fill,inner sep=1pt,label=left:\%4] (158) at (5, 17) {};
\node[circle,fill,inner sep=1pt,label=left:\%5] (159) at (6, 17) {};
\node[circle,fill,inner sep=1pt,label=left:\%6] (160) at (7, 17) {};
\node[circle,fill,inner sep=1pt,label=left:\%7] (161) at (8, 17) {};
\node[circle,fill,inner sep=1pt,label=left:taut] (162) at (0, 18) {};
\node[circle,fill,inner sep=1pt,label=left:\%0] (163) at (1, 18) {};
\node[circle,fill,inner sep=1pt,label=left:\%1] (164) at (2, 18) {};
\node[circle,fill,inner sep=1pt,label=left:\%2] (165) at (3, 18) {};
\node[circle,fill,inner sep=1pt,label=left:\%3] (166) at (4, 18) {};
\node[circle,fill,inner sep=1pt,label=left:\%4] (167) at (5, 18) {};
\node[circle,fill,inner sep=1pt,label=left:\%5] (168) at (6, 18) {};
\node[circle,fill,inner sep=1pt,label=left:\%6] (169) at (7, 18) {};
\node[circle,fill,inner sep=1pt,label=left:\%7] (170) at (8, 18) {};
\node[circle,fill,inner sep=1pt,label=left:taut] (171) at (0, 19) {};
\node[circle,fill,inner sep=1pt,label=left:\%0] (172) at (1, 19) {};
\node[circle,fill,inner sep=1pt,label=left:\%1] (173) at (2, 19) {};
\node[circle,fill,inner sep=1pt,label=left:\%2] (174) at (3, 19) {};
\node[circle,fill,inner sep=1pt,label=left:\%3] (175) at (4, 19) {};
\node[circle,fill,inner sep=1pt,label=left:\%4] (176) at (5, 19) {};
\node[circle,fill,inner sep=1pt,label=left:\%5] (177) at (6, 19) {};
\node[circle,fill,inner sep=1pt,label=left:\%6] (178) at (7, 19) {};
\node[circle,fill,inner sep=1pt,label=left:\%7] (179) at (8, 19) {};
\node[circle,fill,inner sep=1pt,label=left:taut] (180) at (0, 20) {};
\node[circle,fill,inner sep=1pt,label=left:\%0] (181) at (1, 20) {};
\node[circle,fill,inner sep=1pt,label=left:\%1] (182) at (2, 20) {};
\node[circle,fill,inner sep=1pt,label=left:\%2] (183) at (3, 20) {};
\node[circle,fill,inner sep=1pt,label=left:\%3] (184) at (4, 20) {};
\node[circle,fill,inner sep=1pt,label=left:\%4] (185) at (5, 20) {};
\node[circle,fill,inner sep=1pt,label=left:\%5] (186) at (6, 20) {};
\node[circle,fill,inner sep=1pt,label=left:\%6] (187) at (7, 20) {};
\node[circle,fill,inner sep=1pt,label=left:\%7] (188) at (8, 20) {};
\node[circle,fill,inner sep=1pt,label=left:taut] (189) at (0, 21) {};
\node[circle,fill,inner sep=1pt,label=left:\%0] (190) at (1, 21) {};
\node[circle,fill,inner sep=1pt,label=left:\%1] (191) at (2, 21) {};
\node[circle,fill,inner sep=1pt,label=left:\%2] (192) at (3, 21) {};
\node[circle,fill,inner sep=1pt,label=left:\%3] (193) at (4, 21) {};
\node[circle,fill,inner sep=1pt,label=left:\%4] (194) at (5, 21) {};
\node[circle,fill,inner sep=1pt,label=left:\%5] (195) at (6, 21) {};
\node[circle,fill,inner sep=1pt,label=left:\%6] (196) at (7, 21) {};
\node[circle,fill,inner sep=1pt,label=left:\%7] (197) at (8, 21) {};
\node[circle,fill,inner sep=1pt,label=left:taut] (198) at (0, 22) {};
\node[circle,fill,inner sep=1pt,label=left:\%0] (199) at (1, 22) {};
\node[circle,fill,inner sep=1pt,label=left:\%1] (200) at (2, 22) {};
\node[circle,fill,inner sep=1pt,label=left:\%2] (201) at (3, 22) {};
\node[circle,fill,inner sep=1pt,label=left:\%3] (202) at (4, 22) {};
\node[circle,fill,inner sep=1pt,label=left:\%4] (203) at (5, 22) {};
\node[circle,fill,inner sep=1pt,label=left:\%5] (204) at (6, 22) {};
\node[circle,fill,inner sep=1pt,label=left:\%6] (205) at (7, 22) {};
\node[circle,fill,inner sep=1pt,label=left:\%7] (206) at (8, 22) {};
\node[circle,fill,inner sep=1pt,label=left:taut] (207) at (0, 23) {};
\node[circle,fill,inner sep=1pt,label=left:\%0] (208) at (1, 23) {};
\node[circle,fill,inner sep=1pt,label=left:\%1] (209) at (2, 23) {};
\node[circle,fill,inner sep=1pt,label=left:\%2] (210) at (3, 23) {};
\node[circle,fill,inner sep=1pt,label=left:\%3] (211) at (4, 23) {};
\node[circle,fill,inner sep=1pt,label=left:\%4] (212) at (5, 23) {};
\node[circle,fill,inner sep=1pt,label=left:\%5] (213) at (6, 23) {};
\node[circle,fill,inner sep=1pt,label=left:\%6] (214) at (7, 23) {};
\node[circle,fill,inner sep=1pt,label=left:\%7] (215) at (8, 23) {};
\node[circle,fill,inner sep=1pt,label=left:taut] (216) at (0, 24) {};
\node[circle,fill,inner sep=1pt,label=left:\%0] (217) at (1, 24) {};
\node[circle,fill,inner sep=1pt,label=left:\%1] (218) at (2, 24) {};
\node[circle,fill,inner sep=1pt,label=left:\%2] (219) at (3, 24) {};
\node[circle,fill,inner sep=1pt,label=left:\%3] (220) at (4, 24) {};
\node[circle,fill,inner sep=1pt,label=left:\%4] (221) at (5, 24) {};
\node[circle,fill,inner sep=1pt,label=left:\%5] (222) at (6, 24) {};
\node[circle,fill,inner sep=1pt,label=left:\%6] (223) at (7, 24) {};
\node[circle,fill,inner sep=1pt,label=left:\%7] (224) at (8, 24) {};
\node[circle,fill,inner sep=1pt,label=left:taut] (225) at (0, 25) {};
\node[circle,fill,inner sep=1pt,label=left:\%0] (226) at (1, 25) {};
\node[circle,fill,inner sep=1pt,label=left:\%1] (227) at (2, 25) {};
\node[circle,fill,inner sep=1pt,label=left:\%2] (228) at (3, 25) {};
\node[circle,fill,inner sep=1pt,label=left:\%3] (229) at (4, 25) {};
\node[circle,fill,inner sep=1pt,label=left:\%4] (230) at (5, 25) {};
\node[circle,fill,inner sep=1pt,label=left:\%5] (231) at (6, 25) {};
\node[circle,fill,inner sep=1pt,label=left:\%6] (232) at (7, 25) {};
\node[circle,fill,inner sep=1pt,label=left:\%7] (233) at (8, 25) {};
\node[circle,fill,inner sep=1pt,label=left:taut] (234) at (0, 26) {};
\node[circle,fill,inner sep=1pt,label=left:\%0] (235) at (1, 26) {};
\node[circle,fill,inner sep=1pt,label=left:\%1] (236) at (2, 26) {};
\node[circle,fill,inner sep=1pt,label=left:\%2] (237) at (3, 26) {};
\node[circle,fill,inner sep=1pt,label=left:\%3] (238) at (4, 26) {};
\node[circle,fill,inner sep=1pt,label=left:\%4] (239) at (5, 26) {};
\node[circle,fill,inner sep=1pt,label=left:\%5] (240) at (6, 26) {};
\node[circle,fill,inner sep=1pt,label=left:\%6] (241) at (7, 26) {};
\node[circle,fill,inner sep=1pt,label=left:\%7] (242) at (8, 26) {};
\node[circle,fill,inner sep=1pt,label=left:taut] (243) at (0, 27) {};
\node[circle,fill,inner sep=1pt,label=left:\%0] (244) at (1, 27) {};
\node[circle,fill,inner sep=1pt,label=left:\%1] (245) at (2, 27) {};
\node[circle,fill,inner sep=1pt,label=left:\%2] (246) at (3, 27) {};
\node[circle,fill,inner sep=1pt,label=left:\%3] (247) at (4, 27) {};
\node[circle,fill,inner sep=1pt,label=left:\%4] (248) at (5, 27) {};
\node[circle,fill,inner sep=1pt,label=left:\%5] (249) at (6, 27) {};
\node[circle,fill,inner sep=1pt,label=left:\%6] (250) at (7, 27) {};
\node[circle,fill,inner sep=1pt,label=left:\%7] (251) at (8, 27) {};
\node[circle,fill,inner sep=1pt,label=left:taut] (252) at (0, 28) {};
\node[circle,fill,inner sep=1pt,label=left:\%0] (253) at (1, 28) {};
\node[circle,fill,inner sep=1pt,label=left:\%1] (254) at (2, 28) {};
\node[circle,fill,inner sep=1pt,label=left:\%2] (255) at (3, 28) {};
\node[circle,fill,inner sep=1pt,label=left:\%3] (256) at (4, 28) {};
\node[circle,fill,inner sep=1pt,label=left:\%4] (257) at (5, 28) {};
\node[circle,fill,inner sep=1pt,label=left:\%5] (258) at (6, 28) {};
\node[circle,fill,inner sep=1pt,label=left:\%6] (259) at (7, 28) {};
\node[circle,fill,inner sep=1pt,label=left:\%7] (260) at (8, 28) {};
\node[circle,fill,inner sep=1pt,label=left:taut] (261) at (0, 29) {};
\node[circle,fill,inner sep=1pt,label=left:\%0] (262) at (1, 29) {};
\node[circle,fill,inner sep=1pt,label=left:\%1] (263) at (2, 29) {};
\node[circle,fill,inner sep=1pt,label=left:\%2] (264) at (3, 29) {};
\node[circle,fill,inner sep=1pt,label=left:\%3] (265) at (4, 29) {};
\node[circle,fill,inner sep=1pt,label=left:\%4] (266) at (5, 29) {};
\node[circle,fill,inner sep=1pt,label=left:\%5] (267) at (6, 29) {};
\node[circle,fill,inner sep=1pt,label=left:\%6] (268) at (7, 29) {};
\node[circle,fill,inner sep=1pt,label=left:\%7] (269) at (8, 29) {};
\node[circle,fill,inner sep=1pt,label=left:taut] (270) at (0, 30) {};
\node[circle,fill,inner sep=1pt,label=left:\%0] (271) at (1, 30) {};
\node[circle,fill,inner sep=1pt,label=left:\%1] (272) at (2, 30) {};
\node[circle,fill,inner sep=1pt,label=left:\%2] (273) at (3, 30) {};
\node[circle,fill,inner sep=1pt,label=left:\%3] (274) at (4, 30) {};
\node[circle,fill,inner sep=1pt,label=left:\%4] (275) at (5, 30) {};
\node[circle,fill,inner sep=1pt,label=left:\%5] (276) at (6, 30) {};
\node[circle,fill,inner sep=1pt,label=left:\%6] (277) at (7, 30) {};
\node[circle,fill,inner sep=1pt,label=left:\%7] (278) at (8, 30) {};
\node[circle,fill,inner sep=1pt,label=left:taut] (279) at (0, 31) {};
\node[circle,fill,inner sep=1pt,label=left:\%0] (280) at (1, 31) {};
\node[circle,fill,inner sep=1pt,label=left:\%1] (281) at (2, 31) {};
\node[circle,fill,inner sep=1pt,label=left:\%2] (282) at (3, 31) {};
\node[circle,fill,inner sep=1pt,label=left:\%3] (283) at (4, 31) {};
\node[circle,fill,inner sep=1pt,label=left:\%4] (284) at (5, 31) {};
\node[circle,fill,inner sep=1pt,label=left:\%5] (285) at (6, 31) {};
\node[circle,fill,inner sep=1pt,label=left:\%6] (286) at (7, 31) {};
\node[circle,fill,inner sep=1pt,label=left:\%7] (287) at (8, 31) {};
\node[circle,fill,inner sep=1pt,label=left:taut] (288) at (0, 32) {};
\node[circle,fill,inner sep=1pt,label=left:\%0] (289) at (1, 32) {};
\node[circle,fill,inner sep=1pt,label=left:\%1] (290) at (2, 32) {};
\node[circle,fill,inner sep=1pt,label=left:\%2] (291) at (3, 32) {};
\node[circle,fill,inner sep=1pt,label=left:\%3] (292) at (4, 32) {};
\node[circle,fill,inner sep=1pt,label=left:\%4] (293) at (5, 32) {};
\node[circle,fill,inner sep=1pt,label=left:\%5] (294) at (6, 32) {};
\node[circle,fill,inner sep=1pt,label=left:\%6] (295) at (7, 32) {};
\node[circle,fill,inner sep=1pt,label=left:\%7] (296) at (8, 32) {};
\node[circle,fill,inner sep=1pt,label=left:taut] (297) at (0, 33) {};
\node[circle,fill,inner sep=1pt,label=left:\%0] (298) at (1, 33) {};
\node[circle,fill,inner sep=1pt,label=left:\%1] (299) at (2, 33) {};
\node[circle,fill,inner sep=1pt,label=left:\%2] (300) at (3, 33) {};
\node[circle,fill,inner sep=1pt,label=left:\%3] (301) at (4, 33) {};
\node[circle,fill,inner sep=1pt,label=left:\%4] (302) at (5, 33) {};
\node[circle,fill,inner sep=1pt,label=left:\%5] (303) at (6, 33) {};
\node[circle,fill,inner sep=1pt,label=left:\%6] (304) at (7, 33) {};
\node[circle,fill,inner sep=1pt,label=left:\%7] (305) at (8, 33) {};
\node[circle,fill,inner sep=1pt,label=left:taut] (306) at (0, 34) {};
\node[circle,fill,inner sep=1pt,label=left:\%0] (307) at (1, 34) {};
\node[circle,fill,inner sep=1pt,label=left:\%1] (308) at (2, 34) {};
\node[circle,fill,inner sep=1pt,label=left:\%2] (309) at (3, 34) {};
\node[circle,fill,inner sep=1pt,label=left:\%3] (310) at (4, 34) {};
\node[circle,fill,inner sep=1pt,label=left:\%4] (311) at (5, 34) {};
\node[circle,fill,inner sep=1pt,label=left:\%5] (312) at (6, 34) {};
\node[circle,fill,inner sep=1pt,label=left:\%6] (313) at (7, 34) {};
\node[circle,fill,inner sep=1pt,label=left:\%7] (314) at (8, 34) {};
\node[circle,fill,inner sep=1pt,label=left:taut] (315) at (0, 35) {};
\node[circle,fill,inner sep=1pt,label=left:\%0] (316) at (1, 35) {};
\node[circle,fill,inner sep=1pt,label=left:\%1] (317) at (2, 35) {};
\node[circle,fill,inner sep=1pt,label=left:\%2] (318) at (3, 35) {};
\node[circle,fill,inner sep=1pt,label=left:\%3] (319) at (4, 35) {};
\node[circle,fill,inner sep=1pt,label=left:\%4] (320) at (5, 35) {};
\node[circle,fill,inner sep=1pt,label=left:\%5] (321) at (6, 35) {};
\node[circle,fill,inner sep=1pt,label=left:\%6] (322) at (7, 35) {};
\node[circle,fill,inner sep=1pt,label=left:\%7] (323) at (8, 35) {};
\node[circle,fill,inner sep=1pt,label=left:taut] (324) at (0, 36) {};
\node[circle,fill,inner sep=1pt,label=left:\%0] (325) at (1, 36) {};
\node[circle,fill,inner sep=1pt,label=left:\%1] (326) at (2, 36) {};
\node[circle,fill,inner sep=1pt,label=left:\%2] (327) at (3, 36) {};
\node[circle,fill,inner sep=1pt,label=left:\%3] (328) at (4, 36) {};
\node[circle,fill,inner sep=1pt,label=left:\%4] (329) at (5, 36) {};
\node[circle,fill,inner sep=1pt,label=left:\%5] (330) at (6, 36) {};
\node[circle,fill,inner sep=1pt,label=left:\%6] (331) at (7, 36) {};
\node[circle,fill,inner sep=1pt,label=left:\%7] (332) at (8, 36) {};
\node[font=\tiny] (note_0) at (-1.5, 0.5) {Block(0)};
\node[font=\tiny] (note_1) at (-1.5, 1.5) {Block(1)};
\node[font=\tiny] (note_2) at (-1.5, 2.5) {Block(3)};
\node[font=\tiny] (note_3) at (-1.5, 3.5) {Block(5)};
\node[font=\tiny] (note_4) at (-1.5, 4.5) {Block(7)};
\node[font=\tiny] (note_5) at (-1.5, 5.5) {Block(9)};
\node[font=\tiny] (note_6) at (-1.5, 6.5) {Assign(1, 0)};
\node[font=\tiny] (note_7) at (-1.5, 7.5) {Table([4, 6, 8, 10, 2])};
\node[font=\tiny] (note_8) at (-1.5, 8.5) {Const(2, 99.0)};
\node[font=\tiny] (note_9) at (-1.5, 9.5) {Kill(2)};
\node[font=\tiny] (note_10) at (-1.5, 10.5) {Kill(1)};
\node[font=\tiny] (note_11) at (-1.5, 11.5) {Return([0])};
\node[font=\tiny] (note_12) at (-1.5, 12.5) {Jump(10)};
\node[font=\tiny] (note_13) at (-1.5, 13.5) {Block(10)};
\node[font=\tiny] (note_14) at (-1.5, 14.5) {Const(3, 100.0)};
\node[font=\tiny] (note_15) at (-1.5, 15.5) {Kill(3)};
\node[font=\tiny] (note_16) at (-1.5, 16.5) {Return([0])};
\node[font=\tiny] (note_17) at (-1.5, 17.5) {Jump(8)};
\node[font=\tiny] (note_18) at (-1.5, 18.5) {Block(8)};
\node[font=\tiny] (note_19) at (-1.5, 19.5) {Const(4, 101.0)};
\node[font=\tiny] (note_20) at (-1.5, 20.5) {Kill(4)};
\node[font=\tiny] (note_21) at (-1.5, 21.5) {Return([0])};
\node[font=\tiny] (note_22) at (-1.5, 22.5) {Jump(6)};
\node[font=\tiny] (note_23) at (-1.5, 23.5) {Block(6)};
\node[font=\tiny] (note_24) at (-1.5, 24.5) {Const(5, 102.0)};
\node[font=\tiny] (note_25) at (-1.5, 25.5) {Kill(5)};
\node[font=\tiny] (note_26) at (-1.5, 26.5) {Return([0])};
\node[font=\tiny] (note_27) at (-1.5, 27.5) {Jump(4)};
\node[font=\tiny] (note_28) at (-1.5, 28.5) {Block(4)};
\node[font=\tiny] (note_29) at (-1.5, 29.5) {Const(6, 103.0)};
\node[font=\tiny] (note_30) at (-1.5, 30.5) {Kill(6)};
\node[font=\tiny] (note_31) at (-1.5, 31.5) {Return([0])};
\node[font=\tiny] (note_32) at (-1.5, 32.5) {Jump(2)};
\node[font=\tiny] (note_33) at (-1.5, 33.5) {Block(2)};
\node[font=\tiny] (note_34) at (-1.5, 34.5) {Const(7, 104.0)};
\node[font=\tiny] (note_35) at (-1.5, 35.5) {Return([7])};
		\path[->] (0) edge (9);
		\path[->] (1) edge (10);
		\path[->] (2) edge (11);
		\path[->] (3) edge (12);
		\path[->] (4) edge (13);
		\path[->] (5) edge (14);
		\path[->] (6) edge (15);
		\path[->] (7) edge (16);
		\path[->] (8) edge (17);
		\path[->] (9) edge (18);
		\path[->] (10) edge (19);
		\path[->] (11) edge (20);
		\path[->] (12) edge (21);
		\path[->] (13) edge (22);
		\path[->] (14) edge (23);
		\path[->] (15) edge (24);
		\path[->] (16) edge (25);
		\path[->] (17) edge (26);
		\path[->] (18) edge (27);
		\path[->] (19) edge (28);
		\path[->] (20) edge (29);
		\path[->] (21) edge (30);
		\path[->] (22) edge (31);
		\path[->] (23) edge (32);
		\path[->] (24) edge (33);
		\path[->] (25) edge (34);
		\path[->] (26) edge (35);
		\path[->] (27) edge (36);
		\path[->] (28) edge (37);
		\path[->] (29) edge (38);
		\path[->] (30) edge (39);
		\path[->] (31) edge (40);
		\path[->] (32) edge (41);
		\path[->] (33) edge (42);
		\path[->] (34) edge (43);
		\path[->] (35) edge (44);
		\path[->] (36) edge (45);
		\path[->] (37) edge (46);
		\path[->] (38) edge (47);
		\path[->] (39) edge (48);
		\path[->] (40) edge (49);
		\path[->] (41) edge (50);
		\path[->] (42) edge (51);
		\path[->] (43) edge (52);
		\path[->] (44) edge (53);
		\path[->] (45) edge (54);
		\path[->] (46) edge (55);
		\path[->] (47) edge (56);
		\path[->] (48) edge (57);
		\path[->] (49) edge (58);
		\path[->] (50) edge (59);
		\path[->] (51) edge (60);
		\path[->] (52) edge (61);
		\path[->] (53) edge (62);
		\path[->] (55) edge (65);
		\path[->] (54) edge (63);
		\path[->] (55) edge (64);
		\path[->] (57) edge (66);
		\path[->] (58) edge (67);
		\path[->] (59) edge (68);
		\path[->] (60) edge (69);
		\path[->] (61) edge (70);
		\path[->] (62) edge (71);
		\path[->, bend right] (63) edge (252);
		\path[->, bend right] (64) edge (253);
		\path[->, bend right] (65) edge (254);
		\path[->, bend right] (66) edge (255);
		\path[->, bend right] (67) edge (256);
		\path[->, bend right] (68) edge (257);
		\path[->, bend right] (69) edge (258);
		\path[->, bend right] (70) edge (259);
		\path[->, bend right] (71) edge (260);
		\path[->, bend right] (63) edge (207);
		\path[->, bend right] (64) edge (208);
		\path[->, bend right] (65) edge (209);
		\path[->, bend right] (66) edge (210);
		\path[->, bend right] (67) edge (211);
		\path[->, bend right] (68) edge (212);
		\path[->, bend right] (69) edge (213);
		\path[->, bend right] (70) edge (214);
		\path[->, bend right] (71) edge (215);
		\path[->, bend right] (63) edge (162);
		\path[->, bend right] (64) edge (163);
		\path[->, bend right] (65) edge (164);
		\path[->, bend right] (66) edge (165);
		\path[->, bend right] (67) edge (166);
		\path[->, bend right] (68) edge (167);
		\path[->, bend right] (69) edge (168);
		\path[->, bend right] (70) edge (169);
		\path[->, bend right] (71) edge (170);
		\path[->, bend right] (63) edge (117);
		\path[->, bend right] (64) edge (118);
		\path[->, bend right] (65) edge (119);
		\path[->, bend right] (66) edge (120);
		\path[->, bend right] (67) edge (121);
		\path[->, bend right] (68) edge (122);
		\path[->, bend right] (69) edge (123);
		\path[->, bend right] (70) edge (124);
		\path[->, bend right] (71) edge (125);
		\path[->, bend right] (63) edge (297);
		\path[->, bend right] (64) edge (298);
		\path[->, bend right] (65) edge (299);
		\path[->, bend right] (66) edge (300);
		\path[->, bend right] (67) edge (301);
		\path[->, bend right] (68) edge (302);
		\path[->, bend right] (69) edge (303);
		\path[->, bend right] (70) edge (304);
		\path[->, bend right] (71) edge (305);
		\path[->] (72) edge (84);
		\path[->] (72) edge (81);
		\path[->] (73) edge (82);
		\path[->] (74) edge (83);
		\path[->] (76) edge (85);
		\path[->] (77) edge (86);
		\path[->] (78) edge (87);
		\path[->] (79) edge (88);
		\path[->] (80) edge (89);
		\path[->] (81) edge (90);
		\path[->] (82) edge (91);
		\path[->] (83) edge (92);
		\path[->] (85) edge (94);
		\path[->] (86) edge (95);
		\path[->] (87) edge (96);
		\path[->] (88) edge (97);
		\path[->] (89) edge (98);
		\path[->] (90) edge (99);
		\path[->] (91) edge (100);
		\path[->] (93) edge (102);
		\path[->] (94) edge (103);
		\path[->] (95) edge (104);
		\path[->] (96) edge (105);
		\path[->] (97) edge (106);
		\path[->] (98) edge (107);
		\path[->, bend right] (108) edge (117);
		\path[->, bend right] (109) edge (118);
		\path[->, bend right] (110) edge (119);
		\path[->, bend right] (111) edge (120);
		\path[->, bend right] (112) edge (121);
		\path[->, bend right] (113) edge (122);
		\path[->, bend right] (114) edge (123);
		\path[->, bend right] (115) edge (124);
		\path[->, bend right] (116) edge (125);
		\path[->] (117) edge (126);
		\path[->] (118) edge (127);
		\path[->] (119) edge (128);
		\path[->] (120) edge (129);
		\path[->] (121) edge (130);
		\path[->] (122) edge (131);
		\path[->] (123) edge (132);
		\path[->] (124) edge (133);
		\path[->] (125) edge (134);
		\path[->] (126) edge (139);
		\path[->] (126) edge (135);
		\path[->] (127) edge (136);
		\path[->] (128) edge (137);
		\path[->] (129) edge (138);
		\path[->] (131) edge (140);
		\path[->] (132) edge (141);
		\path[->] (133) edge (142);
		\path[->] (134) edge (143);
		\path[->] (135) edge (144);
		\path[->] (136) edge (145);
		\path[->] (137) edge (146);
		\path[->] (138) edge (147);
		\path[->] (140) edge (149);
		\path[->] (141) edge (150);
		\path[->] (142) edge (151);
		\path[->] (143) edge (152);
		\path[->, bend right] (153) edge (162);
		\path[->, bend right] (154) edge (163);
		\path[->, bend right] (155) edge (164);
		\path[->, bend right] (156) edge (165);
		\path[->, bend right] (157) edge (166);
		\path[->, bend right] (158) edge (167);
		\path[->, bend right] (159) edge (168);
		\path[->, bend right] (160) edge (169);
		\path[->, bend right] (161) edge (170);
		\path[->] (162) edge (171);
		\path[->] (163) edge (172);
		\path[->] (164) edge (173);
		\path[->] (165) edge (174);
		\path[->] (166) edge (175);
		\path[->] (167) edge (176);
		\path[->] (168) edge (177);
		\path[->] (169) edge (178);
		\path[->] (170) edge (179);
		\path[->] (171) edge (185);
		\path[->] (171) edge (180);
		\path[->] (172) edge (181);
		\path[->] (173) edge (182);
		\path[->] (174) edge (183);
		\path[->] (175) edge (184);
		\path[->] (177) edge (186);
		\path[->] (178) edge (187);
		\path[->] (179) edge (188);
		\path[->] (180) edge (189);
		\path[->] (181) edge (190);
		\path[->] (182) edge (191);
		\path[->] (183) edge (192);
		\path[->] (184) edge (193);
		\path[->] (186) edge (195);
		\path[->] (187) edge (196);
		\path[->] (188) edge (197);
		\path[->, bend right] (198) edge (207);
		\path[->, bend right] (199) edge (208);
		\path[->, bend right] (200) edge (209);
		\path[->, bend right] (201) edge (210);
		\path[->, bend right] (202) edge (211);
		\path[->, bend right] (203) edge (212);
		\path[->, bend right] (204) edge (213);
		\path[->, bend right] (205) edge (214);
		\path[->, bend right] (206) edge (215);
		\path[->] (207) edge (216);
		\path[->] (208) edge (217);
		\path[->] (209) edge (218);
		\path[->] (210) edge (219);
		\path[->] (211) edge (220);
		\path[->] (212) edge (221);
		\path[->] (213) edge (222);
		\path[->] (214) edge (223);
		\path[->] (215) edge (224);
		\path[->] (216) edge (231);
		\path[->] (216) edge (225);
		\path[->] (217) edge (226);
		\path[->] (218) edge (227);
		\path[->] (219) edge (228);
		\path[->] (220) edge (229);
		\path[->] (221) edge (230);
		\path[->] (223) edge (232);
		\path[->] (224) edge (233);
		\path[->] (225) edge (234);
		\path[->] (226) edge (235);
		\path[->] (227) edge (236);
		\path[->] (228) edge (237);
		\path[->] (229) edge (238);
		\path[->] (230) edge (239);
		\path[->] (232) edge (241);
		\path[->] (233) edge (242);
		\path[->, bend right] (243) edge (252);
		\path[->, bend right] (244) edge (253);
		\path[->, bend right] (245) edge (254);
		\path[->, bend right] (246) edge (255);
		\path[->, bend right] (247) edge (256);
		\path[->, bend right] (248) edge (257);
		\path[->, bend right] (249) edge (258);
		\path[->, bend right] (250) edge (259);
		\path[->, bend right] (251) edge (260);
		\path[->] (252) edge (261);
		\path[->] (253) edge (262);
		\path[->] (254) edge (263);
		\path[->] (255) edge (264);
		\path[->] (256) edge (265);
		\path[->] (257) edge (266);
		\path[->] (258) edge (267);
		\path[->] (259) edge (268);
		\path[->] (260) edge (269);
		\path[->] (261) edge (277);
		\path[->] (261) edge (270);
		\path[->] (262) edge (271);
		\path[->] (263) edge (272);
		\path[->] (264) edge (273);
		\path[->] (265) edge (274);
		\path[->] (266) edge (275);
		\path[->] (267) edge (276);
		\path[->] (269) edge (278);
		\path[->] (270) edge (279);
		\path[->] (271) edge (280);
		\path[->] (272) edge (281);
		\path[->] (273) edge (282);
		\path[->] (274) edge (283);
		\path[->] (275) edge (284);
		\path[->] (276) edge (285);
		\path[->] (278) edge (287);
		\path[->, bend right] (288) edge (297);
		\path[->, bend right] (289) edge (298);
		\path[->, bend right] (290) edge (299);
		\path[->, bend right] (291) edge (300);
		\path[->, bend right] (292) edge (301);
		\path[->, bend right] (293) edge (302);
		\path[->, bend right] (294) edge (303);
		\path[->, bend right] (295) edge (304);
		\path[->, bend right] (296) edge (305);
		\path[->] (297) edge (306);
		\path[->] (298) edge (307);
		\path[->] (299) edge (308);
		\path[->] (300) edge (309);
		\path[->] (301) edge (310);
		\path[->] (302) edge (311);
		\path[->] (303) edge (312);
		\path[->] (304) edge (313);
		\path[->] (305) edge (314);
		\path[->] (306) edge (323);
		\path[->] (306) edge (315);
		\path[->] (307) edge (316);
		\path[->] (308) edge (317);
		\path[->] (309) edge (318);
		\path[->] (310) edge (319);
		\path[->] (311) edge (320);
		\path[->] (312) edge (321);
		\path[->] (313) edge (322);


                \end{tikzpicture}
            \end{document}
