---
source: src/tests/solver/mod.rs
expression: output

---
   \documentclass{standalone}
            \usepackage{pgf, tikz}
            \usetikzlibrary{arrows, automata}
            \begin{document}
                \begin{tikzpicture}
                    [node distance=3cm]
                    \tikzstyle{every state}=[
                        draw = black,
                        thick,
                        fill = white,
                        minimum size = 4mm
                    ]

                    \node[circle,fill,inner sep=1pt,label=left:$\%0$] (261) at (1, 16) { };
\node[circle,fill,inner sep=1pt,label=left:$\%7$] (260) at (3, 16) { };
\node[circle,fill,inner sep=1pt,label=left:$\%9$] (259) at (5, 16) { };
\node[circle,fill,inner sep=1pt,label=left:$\%1$] (258) at (2, 16) { };
\node[circle,fill,inner sep=1pt,label=left:$\%0$] (257) at (1, 15) { };
\node[circle,fill,inner sep=1pt,label=left:$\%7$] (256) at (3, 15) { };
\node[circle,fill,inner sep=1pt,label=left:$\%9$] (255) at (5, 15) { };
\node[circle,fill,inner sep=1pt,label=left:$\%1$] (254) at (2, 15) { };
\node[circle,fill,inner sep=1pt,label=left:$\%0$] (253) at (1, 14) { };
\node[circle,fill,inner sep=1pt,label=left:$\%7$] (252) at (3, 14) { };
\node[circle,fill,inner sep=1pt,label=left:$\%9$] (251) at (5, 14) { };
\node[circle,fill,inner sep=1pt,label=left:$\%1$] (250) at (2, 14) { };
\node[circle,fill,inner sep=1pt,label=left:$\%0$] (249) at (1, 13) { };
\node[circle,fill,inner sep=1pt,label=left:$\%7$] (248) at (3, 13) { };
\node[circle,fill,inner sep=1pt,label=left:$\%9$] (247) at (5, 13) { };
\node[circle,fill,inner sep=1pt,label=left:$\%1$] (246) at (2, 13) { };
\node[circle,fill,inner sep=1pt,label=left:$\%0$] (245) at (1, 12) { };
\node[circle,fill,inner sep=1pt,label=left:$\%7$] (244) at (3, 12) { };
\node[circle,fill,inner sep=1pt,label=left:$\%9$] (243) at (5, 12) { };
\node[circle,fill,inner sep=1pt,label=left:$\%1$] (242) at (2, 12) { };
\node[circle,fill,inner sep=1pt,label=left:$\%0$] (241) at (1, 11) { };
\node[circle,fill,inner sep=1pt,label=left:$\%7$] (240) at (3, 11) { };
\node[circle,fill,inner sep=1pt,label=left:$\%9$] (239) at (5, 11) { };
\node[circle,fill,inner sep=1pt,label=left:$\%1$] (238) at (2, 11) { };
\node[circle,fill,inner sep=1pt,label=left:$\%0$] (237) at (1, 10) { };
\node[circle,fill,inner sep=1pt,label=left:$\%7$] (236) at (3, 10) { };
\node[circle,fill,inner sep=1pt,label=left:$\%9$] (235) at (5, 10) { };
\node[circle,fill,inner sep=1pt,label=left:$\%1$] (234) at (2, 10) { };
\node[circle,fill,inner sep=1pt,label=left:$\%0$] (233) at (1, 9) { };
\node[circle,fill,inner sep=1pt,label=left:$\%11$] (232) at (7, 9) { };
\node[circle,fill,inner sep=1pt,label=left:$\%7$] (231) at (3, 9) { };
\node[circle,fill,inner sep=1pt,label=left:$\%9$] (230) at (5, 9) { };
\node[circle,fill,inner sep=1pt,label=left:$\%1$] (229) at (2, 9) { };
\node[circle,fill,inner sep=1pt,label=left:$\%0$] (228) at (1, 8) { };
\node[circle,fill,inner sep=1pt,label=left:$\%7$] (227) at (3, 8) { };
\node[circle,fill,inner sep=1pt,label=left:$\%9$] (226) at (5, 8) { };
\node[circle,fill,inner sep=1pt,label=left:$taut$] (225) at (0, 16) { };
\node[circle,fill,inner sep=1pt,label=left:$taut$] (224) at (0, 15) { };
\node[circle,fill,inner sep=1pt,label=left:$taut$] (223) at (0, 14) { };
\node[circle,fill,inner sep=1pt,label=left:$taut$] (222) at (0, 13) { };
\node[circle,fill,inner sep=1pt,label=left:$taut$] (221) at (0, 12) { };
\node[circle,fill,inner sep=1pt,label=left:$taut$] (220) at (0, 11) { };
\node[circle,fill,inner sep=1pt,label=left:$taut$] (219) at (0, 10) { };
\node[circle,fill,inner sep=1pt,label=left:$taut$] (218) at (0, 9) { };
\node[circle,fill,inner sep=1pt,label=left:$taut$] (217) at (0, 8) { };
\node[circle,fill,inner sep=1pt,label=left:$taut$] (216) at (0, 7) { };
\node[circle,fill,inner sep=1pt,label=left:$taut$] (215) at (0, 6) { };
\node[circle,fill,inner sep=1pt,label=left:$taut$] (214) at (0, 5) { };
\node[circle,fill,inner sep=1pt,label=left:$taut$] (213) at (0, 4) { };
\node[circle,fill,inner sep=1pt,label=left:$taut$] (212) at (0, 3) { };
\node[circle,fill,inner sep=1pt,label=left:$taut$] (211) at (0, 2) { };
\node[circle,fill,inner sep=1pt,label=left:$taut$] (210) at (0, 1) { };
\node[circle,fill,inner sep=1pt,label=left:$taut$] (209) at (0, 0) { };
\node[circle,fill,inner sep=1pt,label=left:$\%1$] (208) at (2, 8) { };
\node[circle,fill,inner sep=1pt,label=left:$\%0$] (207) at (1, 7) { };
\node[circle,fill,inner sep=1pt,label=left:$\%7$] (206) at (3, 7) { };
\node[circle,fill,inner sep=1pt,label=left:$\%9$] (205) at (5, 7) { };
\node[circle,fill,inner sep=1pt,label=left:$\%1$] (204) at (2, 7) { };
\node[circle,fill,inner sep=1pt,label=left:$\%10$] (203) at (6, 16) { };
\node[circle,fill,inner sep=1pt,label=left:$\%0$] (202) at (1, 6) { };
\node[circle,fill,inner sep=1pt,label=left:$\%7$] (201) at (3, 6) { };
\node[circle,fill,inner sep=1pt,label=left:$\%1$] (200) at (2, 6) { };
\node[circle,fill,inner sep=1pt,label=left:$\%10$] (199) at (6, 15) { };
\node[circle,fill,inner sep=1pt,label=left:$\%0$] (198) at (1, 5) { };
\node[circle,fill,inner sep=1pt,label=left:$\%7$] (197) at (3, 5) { };
\node[circle,fill,inner sep=1pt,label=left:$\%1$] (196) at (2, 5) { };
\node[circle,fill,inner sep=1pt,label=left:$\%10$] (195) at (6, 14) { };
\node[circle,fill,inner sep=1pt,label=left:$\%11$] (194) at (7, 16) { };
\node[circle,fill,inner sep=1pt,label=left:$\%13$] (193) at (9, 16) { };
\node[circle,fill,inner sep=1pt,label=left:$\%0$] (192) at (1, 4) { };
\node[circle,fill,inner sep=1pt,label=left:$\%1$] (191) at (2, 4) { };
\node[circle,fill,inner sep=1pt,label=left:$\%10$] (190) at (6, 13) { };
\node[circle,fill,inner sep=1pt,label=left:$\%11$] (189) at (7, 15) { };
\node[circle,fill,inner sep=1pt,label=left:$\%13$] (188) at (9, 15) { };
\node[circle,fill,inner sep=1pt,label=left:$\%0$] (187) at (1, 3) { };
\node[circle,fill,inner sep=1pt,label=left:$\%10$] (186) at (6, 12) { };
\node[circle,fill,inner sep=1pt,label=left:$\%11$] (185) at (7, 14) { };
\node[circle,fill,inner sep=1pt,label=left:$\%13$] (184) at (9, 14) { };
\node[circle,fill,inner sep=1pt,label=left:$\%0$] (183) at (1, 2) { };
\node[circle,fill,inner sep=1pt,label=left:$\%10$] (182) at (6, 11) { };
\node[circle,fill,inner sep=1pt,label=left:$\%11$] (181) at (7, 13) { };
\node[circle,fill,inner sep=1pt,label=left:$\%13$] (180) at (9, 13) { };
\node[circle,fill,inner sep=1pt,label=left:$\%15$] (179) at (11, 13) { };
\node[circle,fill,inner sep=1pt,label=left:$\%0$] (178) at (1, 1) { };
\node[circle,fill,inner sep=1pt,label=left:$\%14$] (177) at (10, 14) { };
\node[circle,fill,inner sep=1pt,label=left:$\%10$] (176) at (6, 10) { };
\node[circle,fill,inner sep=1pt,label=left:$\%11$] (175) at (7, 12) { };
\node[circle,fill,inner sep=1pt,label=left:$\%13$] (174) at (9, 12) { };
\node[circle,fill,inner sep=1pt,label=left:$taut$] (173) at (0, 16) { };
\node[circle,fill,inner sep=1pt,label=left:$taut$] (172) at (0, 15) { };
\node[circle,fill,inner sep=1pt,label=left:$taut$] (171) at (0, 14) { };
\node[circle,fill,inner sep=1pt,label=left:$taut$] (170) at (0, 13) { };
\node[circle,fill,inner sep=1pt,label=left:$taut$] (169) at (0, 12) { };
\node[circle,fill,inner sep=1pt,label=left:$taut$] (168) at (0, 11) { };
\node[circle,fill,inner sep=1pt,label=left:$taut$] (167) at (0, 10) { };
\node[circle,fill,inner sep=1pt,label=left:$taut$] (166) at (0, 9) { };
\node[circle,fill,inner sep=1pt,label=left:$taut$] (165) at (0, 8) { };
\node[circle,fill,inner sep=1pt,label=left:$taut$] (164) at (0, 7) { };
\node[circle,fill,inner sep=1pt,label=left:$taut$] (163) at (0, 6) { };
\node[circle,fill,inner sep=1pt,label=left:$taut$] (162) at (0, 5) { };
\node[circle,fill,inner sep=1pt,label=left:$taut$] (161) at (0, 4) { };
\node[circle,fill,inner sep=1pt,label=left:$taut$] (160) at (0, 3) { };
\node[circle,fill,inner sep=1pt,label=left:$taut$] (159) at (0, 2) { };
\node[circle,fill,inner sep=1pt,label=left:$taut$] (158) at (0, 1) { };
\node[circle,fill,inner sep=1pt,label=left:$taut$] (157) at (0, 0) { };
\node[circle,fill,inner sep=1pt,label=left:$\%14$] (156) at (10, 13) { };
\node[circle,fill,inner sep=1pt,label=left:$\%15$] (155) at (11, 13) { };
\node[circle,fill,inner sep=1pt,label=left:$\%10$] (154) at (6, 9) { };
\node[circle,fill,inner sep=1pt,label=left:$\%11$] (153) at (7, 11) { };
\node[circle,fill,inner sep=1pt,label=left:$\%13$] (152) at (9, 11) { };
\node[circle,fill,inner sep=1pt,label=left:$\%14$] (151) at (10, 12) { };
\node[circle,fill,inner sep=1pt,label=left:$\%10$] (148) at (6, 8) { };
\node[circle,fill,inner sep=1pt,label=left:$taut$] (143) at (0, 16) { };
\node[circle,fill,inner sep=1pt,label=left:$taut$] (142) at (0, 15) { };
\node[circle,fill,inner sep=1pt,label=left:$taut$] (141) at (0, 14) { };
\node[circle,fill,inner sep=1pt,label=left:$taut$] (140) at (0, 13) { };
\node[circle,fill,inner sep=1pt,label=left:$taut$] (139) at (0, 16) { };
\node[circle,fill,inner sep=1pt,label=left:$taut$] (138) at (0, 15) { };
\node[circle,fill,inner sep=1pt,label=left:$taut$] (137) at (0, 14) { };
\node[circle,fill,inner sep=1pt,label=left:$taut$] (136) at (0, 13) { };
\node[circle,fill,inner sep=1pt,label=left:$taut$] (135) at (0, 12) { };
\node[circle,fill,inner sep=1pt,label=left:$taut$] (134) at (0, 11) { };
\node[circle,fill,inner sep=1pt,label=left:$taut$] (133) at (0, 10) { };
\node[circle,fill,inner sep=1pt,label=left:$taut$] (132) at (0, 9) { };
\node[circle,fill,inner sep=1pt,label=left:$taut$] (131) at (0, 8) { };
\node[circle,fill,inner sep=1pt,label=left:$taut$] (130) at (0, 7) { };
\node[circle,fill,inner sep=1pt,label=left:$taut$] (129) at (0, 6) { };
\node[circle,fill,inner sep=1pt,label=left:$taut$] (128) at (0, 5) { };
\node[circle,fill,inner sep=1pt,label=left:$taut$] (127) at (0, 4) { };
\node[circle,fill,inner sep=1pt,label=left:$taut$] (126) at (0, 3) { };
\node[circle,fill,inner sep=1pt,label=left:$taut$] (125) at (0, 2) { };
\node[circle,fill,inner sep=1pt,label=left:$taut$] (124) at (0, 1) { };
\node[circle,fill,inner sep=1pt,label=left:$taut$] (123) at (0, 0) { };
\node[circle,fill,inner sep=1pt,label=left:$taut$] (122) at (0, 11) { };
\node[circle,fill,inner sep=1pt,label=left:$taut$] (121) at (0, 10) { };
\node[circle,fill,inner sep=1pt,label=left:$taut$] (120) at (0, 9) { };
\node[circle,fill,inner sep=1pt,label=left:$taut$] (119) at (0, 16) { };
\node[circle,fill,inner sep=1pt,label=left:$taut$] (118) at (0, 15) { };
\node[circle,fill,inner sep=1pt,label=left:$taut$] (117) at (0, 14) { };
\node[circle,fill,inner sep=1pt,label=left:$taut$] (116) at (0, 13) { };
\node[circle,fill,inner sep=1pt,label=left:$taut$] (115) at (0, 12) { };
\node[circle,fill,inner sep=1pt,label=left:$taut$] (114) at (0, 11) { };
\node[circle,fill,inner sep=1pt,label=left:$taut$] (113) at (0, 10) { };
\node[circle,fill,inner sep=1pt,label=left:$taut$] (112) at (0, 9) { };
\node[circle,fill,inner sep=1pt,label=left:$taut$] (111) at (0, 8) { };
\node[circle,fill,inner sep=1pt,label=left:$taut$] (110) at (0, 7) { };
\node[circle,fill,inner sep=1pt,label=left:$taut$] (109) at (0, 6) { };
\node[circle,fill,inner sep=1pt,label=left:$taut$] (108) at (0, 5) { };
\node[circle,fill,inner sep=1pt,label=left:$taut$] (107) at (0, 4) { };
\node[circle,fill,inner sep=1pt,label=left:$taut$] (106) at (0, 3) { };
\node[circle,fill,inner sep=1pt,label=left:$taut$] (105) at (0, 2) { };
\node[circle,fill,inner sep=1pt,label=left:$taut$] (104) at (0, 1) { };
\node[circle,fill,inner sep=1pt,label=left:$taut$] (103) at (0, 0) { };
\node[circle,fill,inner sep=1pt,label=left:$taut$] (102) at (0, 7) { };
\node[circle,fill,inner sep=1pt,label=left:$taut$] (101) at (0, 6) { };
\node[circle,fill,inner sep=1pt,label=left:$taut$] (100) at (0, 5) { };
\node[circle,fill,inner sep=1pt,label=left:$taut$] (99) at (0, 4) { };
\node[circle,fill,inner sep=1pt,label=left:$taut$] (98) at (0, 3) { };
\node[circle,fill,inner sep=1pt,label=left:$taut$] (97) at (0, 2) { };
\node[circle,fill,inner sep=1pt,label=left:$taut$] (96) at (0, 1) { };
\node[circle,fill,inner sep=1pt,label=left:$\%11$] (95) at (7, 10) { };
\node[circle,fill,inner sep=1pt,label=left:$taut$] (94) at (0, 16) { };
\node[circle,fill,inner sep=1pt,label=left:$taut$] (93) at (0, 15) { };
\node[circle,fill,inner sep=1pt,label=left:$taut$] (92) at (0, 14) { };
\node[circle,fill,inner sep=1pt,label=left:$taut$] (91) at (0, 13) { };
\node[circle,fill,inner sep=1pt,label=left:$taut$] (90) at (0, 16) { };
\node[circle,fill,inner sep=1pt,label=left:$taut$] (89) at (0, 15) { };
\node[circle,fill,inner sep=1pt,label=left:$taut$] (88) at (0, 14) { };
\node[circle,fill,inner sep=1pt,label=left:$taut$] (87) at (0, 13) { };
\node[circle,fill,inner sep=1pt,label=left:$taut$] (86) at (0, 12) { };
\node[circle,fill,inner sep=1pt,label=left:$taut$] (85) at (0, 11) { };
\node[circle,fill,inner sep=1pt,label=left:$taut$] (84) at (0, 10) { };
\node[circle,fill,inner sep=1pt,label=left:$taut$] (83) at (0, 9) { };
\node[circle,fill,inner sep=1pt,label=left:$taut$] (82) at (0, 8) { };
\node[circle,fill,inner sep=1pt,label=left:$taut$] (81) at (0, 7) { };
\node[circle,fill,inner sep=1pt,label=left:$taut$] (80) at (0, 6) { };
\node[circle,fill,inner sep=1pt,label=left:$taut$] (79) at (0, 5) { };
\node[circle,fill,inner sep=1pt,label=left:$taut$] (78) at (0, 4) { };
\node[circle,fill,inner sep=1pt,label=left:$taut$] (77) at (0, 3) { };
\node[circle,fill,inner sep=1pt,label=left:$taut$] (76) at (0, 2) { };
\node[circle,fill,inner sep=1pt,label=left:$taut$] (75) at (0, 1) { };
\node[circle,fill,inner sep=1pt,label=left:$taut$] (74) at (0, 0) { };
\node[circle,fill,inner sep=1pt,label=left:$taut$] (73) at (0, 11) { };
\node[circle,fill,inner sep=1pt,label=left:$taut$] (72) at (0, 10) { };
\node[circle,fill,inner sep=1pt,label=left:$taut$] (71) at (0, 16) { };
\node[circle,fill,inner sep=1pt,label=left:$taut$] (70) at (0, 15) { };
\node[circle,fill,inner sep=1pt,label=left:$taut$] (69) at (0, 14) { };
\node[circle,fill,inner sep=1pt,label=left:$taut$] (68) at (0, 13) { };
\node[circle,fill,inner sep=1pt,label=left:$taut$] (67) at (0, 12) { };
\node[circle,fill,inner sep=1pt,label=left:$taut$] (66) at (0, 11) { };
\node[circle,fill,inner sep=1pt,label=left:$taut$] (65) at (0, 10) { };
\node[circle,fill,inner sep=1pt,label=left:$taut$] (64) at (0, 9) { };
\node[circle,fill,inner sep=1pt,label=left:$taut$] (63) at (0, 8) { };
\node[circle,fill,inner sep=1pt,label=left:$taut$] (62) at (0, 7) { };
\node[circle,fill,inner sep=1pt,label=left:$taut$] (61) at (0, 6) { };
\node[circle,fill,inner sep=1pt,label=left:$taut$] (60) at (0, 5) { };
\node[circle,fill,inner sep=1pt,label=left:$taut$] (59) at (0, 4) { };
\node[circle,fill,inner sep=1pt,label=left:$taut$] (58) at (0, 3) { };
\node[circle,fill,inner sep=1pt,label=left:$taut$] (57) at (0, 2) { };
\node[circle,fill,inner sep=1pt,label=left:$taut$] (56) at (0, 1) { };
\node[circle,fill,inner sep=1pt,label=left:$taut$] (55) at (0, 0) { };
\node[circle,fill,inner sep=1pt,label=left:$\%0$] (42) at (1, 0) { };
\node[circle,fill,inner sep=1pt,label=left:$taut$] (41) at (0, 0) { };
\node[circle,fill,inner sep=1pt,label=left:$taut$] (40) at (0, 7) { };
\node[circle,fill,inner sep=1pt,label=left:$taut$] (39) at (0, 6) { };
\node[circle,fill,inner sep=1pt,label=left:$taut$] (38) at (0, 5) { };
\node[circle,fill,inner sep=1pt,label=left:$taut$] (37) at (0, 4) { };
\node[circle,fill,inner sep=1pt,label=left:$taut$] (36) at (0, 3) { };
\node[circle,fill,inner sep=1pt,label=left:$taut$] (35) at (0, 2) { };
\node[circle,fill,inner sep=1pt,label=left:$taut$] (34) at (0, 1) { };
\node[circle,fill,inner sep=1pt,label=left:$taut$] (33) at (0, 9) { };
\node[circle,fill,inner sep=1pt,label=left:$\%11$] (32) at (7, 9) { };
\node[circle,fill,inner sep=1pt,label=left:$taut$] (30) at (0, 16) { };
\node[circle,fill,inner sep=1pt,label=left:$taut$] (29) at (0, 15) { };
\node[circle,fill,inner sep=1pt,label=left:$taut$] (28) at (0, 14) { };
\node[circle,fill,inner sep=1pt,label=left:$taut$] (27) at (0, 13) { };
\node[circle,fill,inner sep=1pt,label=left:$taut$] (26) at (0, 12) { };
\node[circle,fill,inner sep=1pt,label=left:$taut$] (25) at (0, 11) { };
\node[circle,fill,inner sep=1pt,label=left:$taut$] (24) at (0, 10) { };
\node[circle,fill,inner sep=1pt,label=left:$taut$] (23) at (0, 9) { };
\node[circle,fill,inner sep=1pt,label=left:$taut$] (22) at (0, 8) { };
\node[circle,fill,inner sep=1pt,label=left:$taut$] (21) at (0, 7) { };
\node[circle,fill,inner sep=1pt,label=left:$taut$] (20) at (0, 6) { };
\node[circle,fill,inner sep=1pt,label=left:$taut$] (19) at (0, 5) { };
\node[circle,fill,inner sep=1pt,label=left:$taut$] (18) at (0, 4) { };
\node[circle,fill,inner sep=1pt,label=left:$taut$] (17) at (0, 3) { };
\node[circle,fill,inner sep=1pt,label=left:$taut$] (16) at (0, 2) { };
\node[circle,fill,inner sep=1pt,label=left:$taut$] (15) at (0, 1) { };
\node[circle,fill,inner sep=1pt,label=left:$taut$] (14) at (0, 0) { };
\node[circle,fill,inner sep=1pt,label=left:$taut$] (0) at (0, 8) { };
\node[font=\tiny] (note_0) at (-1.5, 0.5) {Block(0)};
\node[font=\tiny] (note_1) at (-1.5, 1.5) {Block(1)};
\node[font=\tiny] (note_2) at (-1.5, 2.5) {Block(3)};
\node[font=\tiny] (note_3) at (-1.5, 3.5) {Assign(1, 0)};
\node[font=\tiny] (note_4) at (-1.5, 4.5) {Assign(7, 0)};
\node[font=\tiny] (note_5) at (-1.5, 5.5) {Const(8, -1.0)};
\node[font=\tiny] (note_6) at (-1.5, 6.5) {BinOp(9, 8, 7)};
\node[font=\tiny] (note_7) at (-1.5, 7.5) {Call(0, [9], [10])};
\node[font=\tiny] (note_8) at (-1.5, 8.5) {Assign(11, 0)};
\node[font=\tiny] (note_9) at (-1.5, 9.5) {Const(12, -2.0)};
\node[font=\tiny] (note_10) at (-1.5, 10.5) {BinOp(13, 12, 11)};
\node[font=\tiny] (note_11) at (-1.5, 11.5) {Call(0, [13], [14])};
\node[font=\tiny] (note_12) at (-1.5, 12.5) {BinOp(15, 14, 13)};
\node[font=\tiny] (note_13) at (-1.5, 13.5) {Kill(15)};
\node[font=\tiny] (note_14) at (-1.5, 14.5) {Kill(14)};
\node[font=\tiny] (note_15) at (-1.5, 15.5) {Return([0])};
\node[font=\tiny] (note_16) at (-1.5, 0.5) {Block(0)};
\node[font=\tiny] (note_17) at (-1.5, 1.5) {Block(1)};
\node[font=\tiny] (note_18) at (-1.5, 2.5) {Block(3)};
\node[font=\tiny] (note_19) at (-1.5, 3.5) {Assign(1, 0)};
\node[font=\tiny] (note_20) at (-1.5, 4.5) {Assign(7, 0)};
\node[font=\tiny] (note_21) at (-1.5, 5.5) {Const(8, -1.0)};
\node[font=\tiny] (note_22) at (-1.5, 6.5) {BinOp(9, 8, 7)};
\node[font=\tiny] (note_23) at (-1.5, 7.5) {Call(0, [9], [10])};
\node[font=\tiny] (note_24) at (-1.5, 8.5) {Assign(11, 0)};
\node[font=\tiny] (note_25) at (-1.5, 9.5) {Const(12, -2.0)};
\node[font=\tiny] (note_26) at (-1.5, 10.5) {BinOp(13, 12, 11)};
\node[font=\tiny] (note_27) at (-1.5, 11.5) {Call(0, [13], [14])};
\node[font=\tiny] (note_28) at (-1.5, 12.5) {BinOp(15, 14, 13)};
\node[font=\tiny] (note_29) at (-1.5, 13.5) {Kill(15)};
\node[font=\tiny] (note_30) at (-1.5, 14.5) {Kill(14)};
\node[font=\tiny] (note_31) at (-1.5, 15.5) {Return([0])};
\node[font=\tiny] (note_32) at (-1.5, 0.5) {Block(0)};
\node[font=\tiny] (note_33) at (-1.5, 1.5) {Block(1)};
\node[font=\tiny] (note_34) at (-1.5, 2.5) {Block(3)};
\node[font=\tiny] (note_35) at (-1.5, 3.5) {Assign(1, 0)};
\node[font=\tiny] (note_36) at (-1.5, 4.5) {Assign(7, 0)};
\node[font=\tiny] (note_37) at (-1.5, 5.5) {Const(8, -1.0)};
\node[font=\tiny] (note_38) at (-1.5, 6.5) {BinOp(9, 8, 7)};
\node[font=\tiny] (note_39) at (-1.5, 7.5) {Call(0, [9], [10])};
\node[font=\tiny] (note_40) at (-1.5, 8.5) {Assign(11, 0)};
\node[font=\tiny] (note_41) at (-1.5, 9.5) {Const(12, -2.0)};
\node[font=\tiny] (note_42) at (-1.5, 10.5) {BinOp(13, 12, 11)};
\node[font=\tiny] (note_43) at (-1.5, 11.5) {Call(0, [13], [14])};
\node[font=\tiny] (note_44) at (-1.5, 12.5) {BinOp(15, 14, 13)};
\node[font=\tiny] (note_45) at (-1.5, 13.5) {Kill(15)};
\node[font=\tiny] (note_46) at (-1.5, 14.5) {Kill(14)};
\node[font=\tiny] (note_47) at (-1.5, 15.5) {Return([0])};
\node[font=\tiny] (note_48) at (-1.5, 0.5) {Block(0)};
\node[font=\tiny] (note_49) at (-1.5, 1.5) {Block(1)};
\node[font=\tiny] (note_50) at (-1.5, 2.5) {Block(3)};
\node[font=\tiny] (note_51) at (-1.5, 3.5) {Assign(1, 0)};
\node[font=\tiny] (note_52) at (-1.5, 4.5) {Assign(7, 0)};
\node[font=\tiny] (note_53) at (-1.5, 5.5) {Const(8, -1.0)};
\node[font=\tiny] (note_54) at (-1.5, 6.5) {BinOp(9, 8, 7)};
\node[font=\tiny] (note_55) at (-1.5, 7.5) {Call(0, [9], [10])};
\node[font=\tiny] (note_56) at (-1.5, 8.5) {Assign(11, 0)};
\node[font=\tiny] (note_57) at (-1.5, 9.5) {Const(12, -2.0)};
\node[font=\tiny] (note_58) at (-1.5, 10.5) {BinOp(13, 12, 11)};
\node[font=\tiny] (note_59) at (-1.5, 11.5) {Call(0, [13], [14])};
\node[font=\tiny] (note_60) at (-1.5, 12.5) {BinOp(15, 14, 13)};
\node[font=\tiny] (note_61) at (-1.5, 13.5) {Kill(15)};
\node[font=\tiny] (note_62) at (-1.5, 14.5) {Kill(14)};
\node[font=\tiny] (note_63) at (-1.5, 15.5) {Return([0])};
\node[font=\tiny] (note_64) at (-1.5, 0.5) {Block(0)};
\node[font=\tiny] (note_65) at (-1.5, 1.5) {Block(1)};
\node[font=\tiny] (note_66) at (-1.5, 2.5) {Block(3)};
\node[font=\tiny] (note_67) at (-1.5, 3.5) {Assign(1, 0)};
\node[font=\tiny] (note_68) at (-1.5, 4.5) {Assign(7, 0)};
\node[font=\tiny] (note_69) at (-1.5, 5.5) {Const(8, -1.0)};
\node[font=\tiny] (note_70) at (-1.5, 6.5) {BinOp(9, 8, 7)};
\node[font=\tiny] (note_71) at (-1.5, 7.5) {Call(0, [9], [10])};
\node[font=\tiny] (note_72) at (-1.5, 8.5) {Assign(11, 0)};
\node[font=\tiny] (note_73) at (-1.5, 9.5) {Const(12, -2.0)};
\node[font=\tiny] (note_74) at (-1.5, 10.5) {BinOp(13, 12, 11)};
\node[font=\tiny] (note_75) at (-1.5, 11.5) {Call(0, [13], [14])};
\node[font=\tiny] (note_76) at (-1.5, 12.5) {BinOp(15, 14, 13)};
\node[font=\tiny] (note_77) at (-1.5, 13.5) {Kill(15)};
\node[font=\tiny] (note_78) at (-1.5, 14.5) {Kill(14)};
\node[font=\tiny] (note_79) at (-1.5, 15.5) {Return([0])};
\node[font=\tiny] (note_80) at (-1.5, 0.5) {Block(0)};
\node[font=\tiny] (note_81) at (-1.5, 1.5) {Block(1)};
\node[font=\tiny] (note_82) at (-1.5, 2.5) {Block(3)};
\node[font=\tiny] (note_83) at (-1.5, 3.5) {Assign(1, 0)};
\node[font=\tiny] (note_84) at (-1.5, 4.5) {Assign(7, 0)};
\node[font=\tiny] (note_85) at (-1.5, 5.5) {Const(8, -1.0)};
\node[font=\tiny] (note_86) at (-1.5, 6.5) {BinOp(9, 8, 7)};
\node[font=\tiny] (note_87) at (-1.5, 7.5) {Call(0, [9], [10])};
\node[font=\tiny] (note_88) at (-1.5, 8.5) {Assign(11, 0)};
\node[font=\tiny] (note_89) at (-1.5, 9.5) {Const(12, -2.0)};
\node[font=\tiny] (note_90) at (-1.5, 10.5) {BinOp(13, 12, 11)};
\node[font=\tiny] (note_91) at (-1.5, 11.5) {Call(0, [13], [14])};
\node[font=\tiny] (note_92) at (-1.5, 12.5) {BinOp(15, 14, 13)};
\node[font=\tiny] (note_93) at (-1.5, 13.5) {Kill(15)};
\node[font=\tiny] (note_94) at (-1.5, 14.5) {Kill(14)};
\node[font=\tiny] (note_95) at (-1.5, 15.5) {Return([0])};
\node[font=\tiny] (note_96) at (-1.5, 0.5) {Block(0)};
\node[font=\tiny] (note_97) at (-1.5, 1.5) {Block(1)};
\node[font=\tiny] (note_98) at (-1.5, 2.5) {Block(3)};
\node[font=\tiny] (note_99) at (-1.5, 3.5) {Assign(1, 0)};
\node[font=\tiny] (note_100) at (-1.5, 4.5) {Assign(7, 0)};
\node[font=\tiny] (note_101) at (-1.5, 5.5) {Const(8, -1.0)};
\node[font=\tiny] (note_102) at (-1.5, 6.5) {BinOp(9, 8, 7)};
\node[font=\tiny] (note_103) at (-1.5, 7.5) {Call(0, [9], [10])};
\node[font=\tiny] (note_104) at (-1.5, 8.5) {Assign(11, 0)};
\node[font=\tiny] (note_105) at (-1.5, 9.5) {Const(12, -2.0)};
\node[font=\tiny] (note_106) at (-1.5, 10.5) {BinOp(13, 12, 11)};
\node[font=\tiny] (note_107) at (-1.5, 11.5) {Call(0, [13], [14])};
\node[font=\tiny] (note_108) at (-1.5, 12.5) {BinOp(15, 14, 13)};
\node[font=\tiny] (note_109) at (-1.5, 13.5) {Kill(15)};
\node[font=\tiny] (note_110) at (-1.5, 14.5) {Kill(14)};
\node[font=\tiny] (note_111) at (-1.5, 15.5) {Return([0])};
		\path[->, blue] (0) [loop right] edge  node { } (0);
		\path[->, blue] (0) [bend right] edge  node { } (14);
		\path[->, blue] (0) [bend right] edge  node { } (15);
		\path[->, blue] (0) [bend right] edge  node { } (16);
		\path[->, blue] (0) [bend right] edge  node { } (17);
		\path[->, blue] (0) [bend right] edge  node { } (18);
		\path[->, blue] (0) [bend right] edge  node { } (19);
		\path[->, blue] (0) [bend right] edge  node { } (20);
		\path[->, blue] (0) [bend right] edge  node { } (21);
		\path[->, blue] (0) [bend right] edge  node { } (23);
		\path[->, blue] (0) [bend right] edge  node { } (24);
		\path[->, blue] (0) [bend right] edge  node { } (25);
		\path[->, blue] (0) [bend right] edge  node { } (26);
		\path[->, blue] (0) [bend right] edge  node { } (27);
		\path[->, blue] (0) [bend right] edge  node { } (28);
		\path[->, blue] (0) [bend right] edge  node { } (29);
		\path[->, blue] (0) [bend right] edge  node { } (30);
		\path[->, blue] (0) [bend right] edge  node { } (32);
		\path[->, blue] (41) [bend right] edge  node { } (55);
		\path[->, blue] (41) [bend right] edge  node { } (56);
		\path[->, blue] (41) [bend right] edge  node { } (57);
		\path[->, blue] (41) [bend right] edge  node { } (58);
		\path[->, blue] (41) [bend right] edge  node { } (59);
		\path[->, blue] (41) [bend right] edge  node { } (60);
		\path[->, blue] (41) [bend right] edge  node { } (61);
		\path[->, blue] (41) [bend right] edge  node { } (62);
		\path[->, blue] (41) [bend right] edge  node { } (63);
		\path[->, blue] (41) [bend right] edge  node { } (64);
		\path[->, blue] (41) [bend right] edge  node { } (65);
		\path[->, blue] (41) [bend right] edge  node { } (66);
		\path[->, blue] (41) [bend right] edge  node { } (67);
		\path[->, blue] (41) [bend right] edge  node { } (68);
		\path[->, blue] (41) [bend right] edge  node { } (69);
		\path[->, blue] (41) [bend right] edge  node { } (70);
		\path[->, blue] (41) [bend right] edge  node { } (71);
		\path[->, blue] (0) [bend right] edge  node { } (95);
		\path[->, blue] (41) [bend right] edge  node { } (148);
		\path[->, blue] (41) [bend right] edge  node { } (151);
		\path[->, blue] (0) [bend right] edge  node { } (152);
		\path[->, blue] (0) [bend right] edge  node { } (153);
		\path[->, blue] (41) [bend right] edge  node { } (154);
		\path[->, blue] (41) [bend right] edge  node { } (155);
		\path[->, blue] (41) [bend right] edge  node { } (156);
		\path[->, blue] (42) [loop right] edge  node { } (42);
		\path[->, blue] (0) [bend right] edge  node { } (174);
		\path[->, blue] (0) [bend right] edge  node { } (175);
		\path[->, blue] (41) [bend right] edge  node { } (176);
		\path[->, blue] (41) [bend right] edge  node { } (177);
		\path[->, blue] (42) [bend right] edge  node { } (178);
		\path[->, blue] (0) [bend right] edge  node { } (179);
		\path[->, blue] (0) [bend right] edge  node { } (180);
		\path[->, blue] (0) [bend right] edge  node { } (181);
		\path[->, blue] (41) [bend right] edge  node { } (182);
		\path[->, blue] (42) [bend right] edge  node { } (183);
		\path[->, blue] (0) [bend right] edge  node { } (184);
		\path[->, blue] (0) [bend right] edge  node { } (185);
		\path[->, blue] (0) [bend right] edge  node { } (186);
		\path[->, blue] (42) [bend right] edge  node { } (187);
		\path[->, blue] (0) [bend right] edge  node { } (188);
		\path[->, blue] (0) [bend right] edge  node { } (189);
		\path[->, blue] (0) [bend right] edge  node { } (190);
		\path[->, blue] (42) [bend right] edge  node { } (191);
		\path[->, blue] (42) [bend right] edge  node { } (192);
		\path[->, blue] (0) [bend right] edge  node { } (193);
		\path[->, blue] (0) [bend right] edge  node { } (194);
		\path[->, blue] (0) [bend right] edge  node { } (195);
		\path[->, blue] (42) [bend right] edge  node { } (196);
		\path[->, blue] (42) [bend right] edge  node { } (197);
		\path[->, blue] (42) [bend right] edge  node { } (198);
		\path[->, blue] (0) [bend right] edge  node { } (199);
		\path[->, blue] (42) [bend right] edge  node { } (200);
		\path[->, blue] (42) [bend right] edge  node { } (201);
		\path[->, blue] (42) [bend right] edge  node { } (202);
		\path[->, blue] (0) [bend right] edge  node { } (203);
		\path[->, blue] (42) [bend right] edge  node { } (204);
		\path[->, blue] (42) [bend right] edge  node { } (205);
		\path[->, blue] (42) [bend right] edge  node { } (206);
		\path[->, blue] (42) [bend right] edge  node { } (207);
		\path[->, blue] (0) [bend right] edge  node { } (208);
		\path[->, blue] (0) [bend right] edge  node { } (226);
		\path[->, blue] (0) [bend right] edge  node { } (227);
		\path[->, blue] (0) [bend right] edge  node { } (228);
		\path[->, blue] (0) [bend right] edge  node { } (229);
		\path[->, blue] (0) [bend right] edge  node { } (230);
		\path[->, blue] (0) [bend right] edge  node { } (231);
		\path[->, blue] (0) [bend right] edge  node { } (233);
		\path[->, blue] (0) [bend right] edge  node { } (234);
		\path[->, blue] (0) [bend right] edge  node { } (235);
		\path[->, blue] (0) [bend right] edge  node { } (236);
		\path[->, blue] (0) [bend right] edge  node { } (237);
		\path[->, blue] (0) [bend right] edge  node { } (238);
		\path[->, blue] (0) [bend right] edge  node { } (239);
		\path[->, blue] (0) [bend right] edge  node { } (240);
		\path[->, blue] (0) [bend right] edge  node { } (241);
		\path[->, blue] (0) [bend right] edge  node { } (242);
		\path[->, blue] (0) [bend right] edge  node { } (243);
		\path[->, blue] (0) [bend right] edge  node { } (244);
		\path[->, blue] (0) [bend right] edge  node { } (245);
		\path[->, blue] (0) [bend right] edge  node { } (246);
		\path[->, blue] (0) [bend right] edge  node { } (247);
		\path[->, blue] (0) [bend right] edge  node { } (248);
		\path[->, blue] (0) [bend right] edge  node { } (249);
		\path[->, blue] (0) [bend right] edge  node { } (250);
		\path[->, blue] (0) [bend right] edge  node { } (251);
		\path[->, blue] (0) [bend right] edge  node { } (252);
		\path[->, blue] (0) [bend right] edge  node { } (253);
		\path[->, blue] (0) [bend right] edge  node { } (254);
		\path[->, blue] (0) [bend right] edge  node { } (255);
		\path[->, blue] (0) [bend right] edge  node { } (256);
		\path[->, blue] (0) [bend right] edge  node { } (257);
		\path[->, blue] (0) [bend right] edge  node { } (258);
		\path[->, blue] (0) [bend right] edge  node { } (259);
		\path[->, blue] (0) [bend right] edge  node { } (260);
		\path[->, blue] (0) [bend right] edge  node { } (261);
		\path[->] (0) edge (14);
		\path[->] (14) edge (15);
		\path[->] (15) edge (16);
		\path[->] (16) edge (17);
		\path[->] (17) edge (18);
		\path[->] (18) edge (19);
		\path[->] (19) edge (20);
		\path[->] (20) edge (21);
		\path[->] (21) edge (22);
		\path[->] (22) edge (23);
		\path[->] (23) edge (24);
		\path[->] (24) edge (25);
		\path[->] (25) edge (26);
		\path[->] (26) edge (27);
		\path[->] (27) edge (28);
		\path[->] (28) edge (29);
		\path[->] (29) edge (30);
		\path[->] (0) edge (32);
		\path[->] (0) edge (33);
		\path[->] (14) edge (34);
		\path[->] (15) edge (35);
		\path[->] (16) edge (36);
		\path[->] (17) edge (37);
		\path[->] (18) edge (38);
		\path[->] (19) edge (39);
		\path[->] (20) edge (40);
		\path[->] (41) edge (55);
		\path[->] (55) edge (56);
		\path[->] (56) edge (57);
		\path[->] (57) edge (58);
		\path[->] (58) edge (59);
		\path[->] (59) edge (60);
		\path[->] (60) edge (61);
		\path[->] (61) edge (62);
		\path[->] (62) edge (63);
		\path[->] (63) edge (64);
		\path[->] (64) edge (65);
		\path[->] (65) edge (66);
		\path[->] (66) edge (67);
		\path[->] (67) edge (68);
		\path[->] (68) edge (69);
		\path[->] (69) edge (70);
		\path[->] (70) edge (71);
		\path[->] (23) edge (72);
		\path[->] (24) edge (73);
		\path[->] (41) edge (74);
		\path[->] (74) edge (75);
		\path[->] (75) edge (76);
		\path[->] (76) edge (77);
		\path[->] (77) edge (78);
		\path[->] (78) edge (79);
		\path[->] (79) edge (80);
		\path[->] (80) edge (81);
		\path[->] (81) edge (82);
		\path[->] (82) edge (83);
		\path[->] (83) edge (84);
		\path[->] (84) edge (85);
		\path[->] (85) edge (86);
		\path[->] (86) edge (87);
		\path[->] (87) edge (88);
		\path[->] (88) edge (89);
		\path[->] (89) edge (90);
		\path[->] (26) edge (91);
		\path[->] (27) edge (92);
		\path[->] (28) edge (93);
		\path[->] (29) edge (94);
		\path[->] (32) edge (95);
		\path[->] (14) edge (96);
		\path[->] (15) edge (97);
		\path[->] (16) edge (98);
		\path[->] (17) edge (99);
		\path[->] (18) edge (100);
		\path[->] (19) edge (101);
		\path[->] (20) edge (102);
		\path[->] (41) edge (103);
		\path[->] (103) edge (104);
		\path[->] (104) edge (105);
		\path[->] (105) edge (106);
		\path[->] (106) edge (107);
		\path[->] (107) edge (108);
		\path[->] (108) edge (109);
		\path[->] (109) edge (110);
		\path[->] (110) edge (111);
		\path[->] (111) edge (112);
		\path[->] (112) edge (113);
		\path[->] (113) edge (114);
		\path[->] (114) edge (115);
		\path[->] (115) edge (116);
		\path[->] (116) edge (117);
		\path[->] (117) edge (118);
		\path[->] (118) edge (119);
		\path[->] (0) edge (120);
		\path[->] (23) edge (121);
		\path[->] (24) edge (122);
		\path[->] (41) edge (123);
		\path[->] (123) edge (124);
		\path[->] (124) edge (125);
		\path[->] (125) edge (126);
		\path[->] (126) edge (127);
		\path[->] (127) edge (128);
		\path[->] (128) edge (129);
		\path[->] (129) edge (130);
		\path[->] (130) edge (131);
		\path[->] (131) edge (132);
		\path[->] (132) edge (133);
		\path[->] (133) edge (134);
		\path[->] (134) edge (135);
		\path[->] (135) edge (136);
		\path[->] (136) edge (137);
		\path[->] (137) edge (138);
		\path[->] (138) edge (139);
		\path[->] (26) edge (140);
		\path[->] (27) edge (141);
		\path[->] (28) edge (142);
		\path[->] (29) edge (143);
		\path[->] (95) edge (152);
		\path[->] (95) edge (153);
		\path[->] (148) edge (154);
		\path[->] (151) edge (155);
		\path[->] (151) edge (156);
		\path[->] (41) edge (157);
		\path[->] (157) edge (158);
		\path[->] (158) edge (159);
		\path[->] (159) edge (160);
		\path[->] (160) edge (161);
		\path[->] (161) edge (162);
		\path[->] (162) edge (163);
		\path[->] (163) edge (164);
		\path[->] (164) edge (165);
		\path[->] (165) edge (166);
		\path[->] (166) edge (167);
		\path[->] (167) edge (168);
		\path[->] (168) edge (169);
		\path[->] (169) edge (170);
		\path[->] (170) edge (171);
		\path[->] (171) edge (172);
		\path[->] (172) edge (173);
		\path[->] (152) edge node { } (174);
		\path[->] (153) edge node { } (175);
		\path[->] (154) edge (176);
		\path[->] (156) edge (177);
		\path[->] (42) edge (178);
		\path[->] (174) edge (179);
		\path[->] (174) edge (180);
		\path[->] (175) edge (181);
		\path[->] (176) edge (182);
		\path[->] (178) edge (183);
		\path[->] (180) edge (184);
		\path[->] (181) edge (185);
		\path[->] (182) edge node { } (186);
		\path[->] (183) edge (187);
		\path[->] (184) edge (188);
		\path[->] (185) edge (189);
		\path[->] (186) edge (190);
		\path[->] (187) edge (191);
		\path[->] (187) edge (192);
		\path[->] (188) edge (193);
		\path[->] (189) edge (194);
		\path[->] (190) edge (195);
		\path[->] (191) edge (196);
		\path[->] (192) edge (197);
		\path[->] (192) edge (198);
		\path[->] (195) edge (199);
		\path[->] (196) edge (200);
		\path[->] (197) edge (201);
		\path[->] (198) edge (202);
		\path[->] (199) edge (203);
		\path[->] (200) edge (204);
		\path[->] (201) edge (205);
		\path[->] (201) edge (206);
		\path[->] (202) edge (207);
		\path[->] (204) edge node { } (208);
		\path[->] (41) edge (209);
		\path[->] (209) edge (210);
		\path[->] (210) edge (211);
		\path[->] (211) edge (212);
		\path[->] (212) edge (213);
		\path[->] (213) edge (214);
		\path[->] (214) edge (215);
		\path[->] (215) edge (216);
		\path[->] (216) edge (217);
		\path[->] (217) edge (218);
		\path[->] (218) edge (219);
		\path[->] (219) edge (220);
		\path[->] (220) edge (221);
		\path[->] (221) edge (222);
		\path[->] (222) edge (223);
		\path[->] (223) edge (224);
		\path[->] (224) edge (225);
		\path[->] (205) edge node { } (226);
		\path[->] (206) edge node { } (227);
		\path[->] (207) edge node { } (228);
		\path[->] (208) edge (229);
		\path[->] (226) edge (230);
		\path[->] (227) edge (231);
		\path[->] (228) edge (232);
		\path[->] (228) edge (233);
		\path[->] (229) edge (234);
		\path[->] (230) edge (235);
		\path[->] (231) edge (236);
		\path[->] (233) edge (237);
		\path[->] (234) edge (238);
		\path[->] (235) edge (239);
		\path[->] (236) edge (240);
		\path[->] (237) edge (241);
		\path[->] (238) edge node { } (242);
		\path[->] (239) edge node { } (243);
		\path[->] (240) edge node { } (244);
		\path[->] (241) edge node { } (245);
		\path[->] (242) edge (246);
		\path[->] (243) edge (247);
		\path[->] (244) edge (248);
		\path[->] (245) edge (249);
		\path[->] (246) edge (250);
		\path[->] (247) edge (251);
		\path[->] (248) edge (252);
		\path[->] (249) edge (253);
		\path[->] (250) edge (254);
		\path[->] (251) edge (255);
		\path[->] (252) edge (256);
		\path[->] (253) edge (257);
		\path[->] (254) edge (258);
		\path[->] (255) edge (259);
		\path[->] (256) edge (260);
		\path[->] (257) edge (261);


                \end{tikzpicture}
            \end{document}
