---
source: src/tests/solver/mod.rs
expression: "format!(\"{:#?}\", sinks)"

---
[
    Taint {
        variable: "%11",
        function: "0",
        pc: 9,
    },
    Taint {
        variable: "%11",
        function: "0",
        pc: 10,
    },
    Taint {
        variable: "%13",
        function: "0",
        pc: 11,
    },
    Taint {
        variable: "%11",
        function: "0",
        pc: 11,
    },
    Taint {
        variable: "%10",
        function: "0",
        pc: 9,
    },
    Taint {
        variable: "%15",
        function: "0",
        pc: 13,
    },
    Taint {
        variable: "%14",
        function: "0",
        pc: 13,
    },
    Taint {
        variable: "%0",
        function: "0",
        pc: 0,
    },
    Taint {
        variable: "%13",
        function: "0",
        pc: 12,
    },
    Taint {
        variable: "%11",
        function: "0",
        pc: 12,
    },
    Taint {
        variable: "%10",
        function: "0",
        pc: 10,
    },
    Taint {
        variable: "%14",
        function: "0",
        pc: 14,
    },
    Taint {
        variable: "%11",
        function: "0",
        pc: 13,
    },
    Taint {
        variable: "%10",
        function: "0",
        pc: 11,
    },
    Taint {
        variable: "%11",
        function: "0",
        pc: 14,
    },
    Taint {
        variable: "%10",
        function: "0",
        pc: 12,
    },
    Taint {
        variable: "%11",
        function: "0",
        pc: 15,
    },
    Taint {
        variable: "%10",
        function: "0",
        pc: 13,
    },
    Taint {
        variable: "%11",
        function: "0",
        pc: 16,
    },
    Taint {
        variable: "%10",
        function: "0",
        pc: 14,
    },
    Taint {
        variable: "%10",
        function: "0",
        pc: 15,
    },
    Taint {
        variable: "%10",
        function: "0",
        pc: 16,
    },
]
