---
source: src/tests/verification/mod.rs
expression: output

---
   \documentclass{standalone}
            \usepackage{pgf, tikz}
            \usetikzlibrary{arrows, automata}
            \begin{document}
                \begin{tikzpicture}
                    [node distance=3cm]
                    \tikzstyle{every state}=[
                        draw = black,
                        thick,
                        fill = white,
                        minimum size = 4mm
                    ]

                    \node[circle,fill,inner sep=1pt,label=left:{\scriptsize $taut$}] (0) at (0, 0) { };
\node[circle,fill,inner sep=1pt,label=left:{\scriptsize $\%1$}] (1) at (3, 0) { };
\node[circle,fill,inner sep=1pt,label=left:{\scriptsize $\%2$}] (2) at (2, 0) { };
\node[circle,fill,inner sep=1pt,label=left:{\scriptsize $\%3$}] (3) at (1, 0) { };
\node[circle,fill,inner sep=1pt,label=left:{\scriptsize $taut$}] (4) at (0, 0) { };
\node[circle,fill,inner sep=1pt,label=left:{\scriptsize $taut$}] (5) at (0, 1) { };
\node[circle,fill,inner sep=1pt,label=left:{\scriptsize $\%0$}] (6) at (4, 1) { };
\node[circle,fill,inner sep=1pt,label=left:{\scriptsize $\%1$}] (7) at (3, 1) { };
\node[circle,fill,inner sep=1pt,label=left:{\scriptsize $\%2$}] (8) at (2, 1) { };
\node[circle,fill,inner sep=1pt,label=left:{\scriptsize $\%3$}] (9) at (1, 1) { };
\node[circle,fill,inner sep=1pt,label=left:{\scriptsize $taut$}] (10) at (0, 1) { };
\node[circle,fill,inner sep=1pt,label=left:{\scriptsize $\%0$}] (11) at (4, 1) { };
\node[circle,fill,inner sep=1pt,label=left:{\scriptsize $\%1$}] (12) at (3, 1) { };
\node[circle,fill,inner sep=1pt,label=left:{\scriptsize $\%2$}] (13) at (2, 1) { };
\node[circle,fill,inner sep=1pt,label=left:{\scriptsize $\%3$}] (14) at (1, 1) { };
\node[circle,fill,inner sep=1pt,label=left:{\scriptsize $taut$}] (15) at (0, 1) { };
\node[circle,fill,inner sep=1pt,label=left:{\scriptsize $\%0$}] (16) at (4, 1) { };
\node[circle,fill,inner sep=1pt,label=left:{\scriptsize $\%1$}] (17) at (3, 1) { };
\node[circle,fill,inner sep=1pt,label=left:{\scriptsize $\%2$}] (18) at (2, 1) { };
\node[circle,fill,inner sep=1pt,label=left:{\scriptsize $\%3$}] (19) at (1, 1) { };
\node[circle,fill,inner sep=1pt,label=left:{\scriptsize $taut$}] (20) at (0, 2) { };
\node[circle,fill,inner sep=1pt,label=left:{\scriptsize $\%0$}] (21) at (4, 2) { };
\node[circle,fill,inner sep=1pt,label=left:{\scriptsize $\%1$}] (22) at (3, 2) { };
\node[circle,fill,inner sep=1pt,label=left:{\scriptsize $\%2$}] (23) at (2, 2) { };
\node[circle,fill,inner sep=1pt,label=left:{\scriptsize $\%3$}] (24) at (1, 2) { };
\node[circle,fill,inner sep=1pt,label=left:{\scriptsize $taut$}] (25) at (0, 3) { };
\node[circle,fill,inner sep=1pt,label=left:{\scriptsize $\%0$}] (26) at (4, 3) { };
\node[circle,fill,inner sep=1pt,label=left:{\scriptsize $\%2$}] (27) at (2, 3) { };
\node[circle,fill,inner sep=1pt,label=left:{\scriptsize $\%3$}] (28) at (1, 3) { };
\node[circle,fill,inner sep=1pt,label=left:{\scriptsize $\%0$}] (29) at (4, 3) { };
\node[circle,fill,inner sep=1pt,label=left:{\scriptsize $taut$}] (30) at (0, 4) { };
\node[circle,fill,inner sep=1pt,label=left:{\scriptsize $\%0$}] (31) at (4, 4) { };
\node[circle,fill,inner sep=1pt,label=left:{\scriptsize $\%1$}] (32) at (3, 4) { };
\node[circle,fill,inner sep=1pt,label=left:{\scriptsize $\%3$}] (33) at (1, 4) { };
\node[circle,fill,inner sep=1pt,label=left:{\scriptsize $taut$}] (34) at (0, 4) { };
\node[circle,fill,inner sep=1pt,label=left:{\scriptsize $taut$}] (35) at (0, 5) { };
\node[circle,fill,inner sep=1pt,label=left:{\scriptsize $\%0$}] (36) at (4, 5) { };
\node[circle,fill,inner sep=1pt,label=left:{\scriptsize $\%1$}] (37) at (3, 5) { };
\node[circle,fill,inner sep=1pt,label=left:{\scriptsize $\%2$}] (38) at (2, 5) { };
\node[circle,fill,inner sep=1pt,label=left:{\scriptsize $\%3$}] (39) at (1, 5) { };
\node[circle,fill,inner sep=1pt,label=left:{\scriptsize $taut$}] (40) at (0, 6) { };
\node[circle,fill,inner sep=1pt,label=left:{\scriptsize $\%0$}] (41) at (4, 6) { };
\node[circle,fill,inner sep=1pt,label=left:{\scriptsize $\%1$}] (42) at (3, 6) { };
\node[circle,fill,inner sep=1pt,label=left:{\scriptsize $\%2$}] (43) at (2, 6) { };
\node[circle,fill,inner sep=1pt,label=left:{\scriptsize $\%3$}] (44) at (1, 6) { };
\node[circle,fill,inner sep=1pt,label=left:{\scriptsize $taut$}] (45) at (0, 7) { };
\node[circle,fill,inner sep=1pt,label=left:{\scriptsize $\%0$}] (46) at (4, 7) { };
\node[circle,fill,inner sep=1pt,label=left:{\scriptsize $\%2$}] (47) at (2, 7) { };
\node[circle,fill,inner sep=1pt,label=left:{\scriptsize $\%3$}] (48) at (1, 7) { };
\node[circle,fill,inner sep=1pt,label=left:{\scriptsize $taut$}] (49) at (0, 7) { };
\node[circle,fill,inner sep=1pt,label=left:{\scriptsize $taut$}] (50) at (0, 8) { };
\node[circle,fill,inner sep=1pt,label=left:{\scriptsize $\%0$}] (51) at (4, 8) { };
\node[circle,fill,inner sep=1pt,label=left:{\scriptsize $\%1$}] (52) at (3, 8) { };
\node[circle,fill,inner sep=1pt,label=left:{\scriptsize $\%2$}] (53) at (2, 8) { };
\node[circle,fill,inner sep=1pt,label=left:{\scriptsize $\%3$}] (54) at (1, 8) { };
\node[circle,fill,inner sep=1pt,label=left:{\scriptsize $taut$}] (55) at (0, 9) { };
\node[circle,fill,inner sep=1pt,label=left:{\scriptsize $\%0$}] (56) at (4, 9) { };
\node[circle,fill,inner sep=1pt,label=left:{\scriptsize $\%1$}] (57) at (3, 9) { };
\node[circle,fill,inner sep=1pt,label=left:{\scriptsize $\%2$}] (58) at (2, 9) { };
\node[circle,fill,inner sep=1pt,label=left:{\scriptsize $\%3$}] (59) at (1, 9) { };
\node[circle,fill,inner sep=1pt,label=left:{\scriptsize $taut$}] (60) at (0, 10) { };
\node[circle,fill,inner sep=1pt,label=left:{\scriptsize $\%0$}] (61) at (4, 10) { };
\node[circle,fill,inner sep=1pt,label=left:{\scriptsize $\%1$}] (62) at (3, 10) { };
\node[circle,fill,inner sep=1pt,label=left:{\scriptsize $\%2$}] (63) at (2, 10) { };
\node[circle,fill,inner sep=1pt,label=left:{\scriptsize $\%1$}] (64) at (3, 10) { };
\node[circle,fill,inner sep=1pt,label=left:{\scriptsize $\%0$}] (65) at (4, 10) { };
\node[circle,fill,inner sep=1pt,label=left:{\scriptsize $taut$}] (66) at (0, 1) { };
\node[circle,fill,inner sep=1pt,label=left:{\scriptsize $\%1$}] (67) at (3, 1) { };
\node[circle,fill,inner sep=1pt,label=left:{\scriptsize $\%2$}] (68) at (2, 1) { };
\node[circle,fill,inner sep=1pt,label=left:{\scriptsize $\%3$}] (69) at (1, 1) { };
\node[circle,fill,inner sep=1pt,label=left:{\scriptsize $\%0$}] (70) at (4, 1) { };
\node[circle,fill,inner sep=1pt,label=left:{\scriptsize $taut$}] (71) at (0, 2) { };
\node[circle,fill,inner sep=1pt,label=left:{\scriptsize $\%0$}] (72) at (4, 2) { };
\node[circle,fill,inner sep=1pt,label=left:{\scriptsize $\%1$}] (73) at (3, 2) { };
\node[circle,fill,inner sep=1pt,label=left:{\scriptsize $\%2$}] (74) at (2, 2) { };
\node[circle,fill,inner sep=1pt,label=left:{\scriptsize $\%3$}] (75) at (1, 2) { };
\node[circle,fill,inner sep=1pt,label=left:{\scriptsize $taut$}] (76) at (0, 6) { };
\node[circle,fill,inner sep=1pt,label=left:{\scriptsize $\%0$}] (77) at (4, 6) { };
\node[circle,fill,inner sep=1pt,label=left:{\scriptsize $\%1$}] (78) at (3, 6) { };
\node[circle,fill,inner sep=1pt,label=left:{\scriptsize $\%2$}] (79) at (2, 6) { };
\node[circle,fill,inner sep=1pt,label=left:{\scriptsize $\%3$}] (80) at (1, 6) { };
\node[circle,fill,inner sep=1pt,label=left:{\scriptsize $taut$}] (81) at (0, 2) { };
\node[circle,fill,inner sep=1pt,label=left:{\scriptsize $\%0$}] (82) at (4, 2) { };
\node[circle,fill,inner sep=1pt,label=left:{\scriptsize $\%1$}] (83) at (3, 2) { };
\node[circle,fill,inner sep=1pt,label=left:{\scriptsize $\%2$}] (84) at (2, 2) { };
\node[circle,fill,inner sep=1pt,label=left:{\scriptsize $\%3$}] (85) at (1, 2) { };
\node[circle,fill,inner sep=1pt,label=left:{\scriptsize $taut$}] (86) at (0, 3) { };
\node[circle,fill,inner sep=1pt,label=left:{\scriptsize $\%0$}] (87) at (4, 3) { };
\node[circle,fill,inner sep=1pt,label=left:{\scriptsize $\%1$}] (88) at (3, 3) { };
\node[circle,fill,inner sep=1pt,label=left:{\scriptsize $\%2$}] (89) at (2, 3) { };
\node[circle,fill,inner sep=1pt,label=left:{\scriptsize $\%3$}] (90) at (1, 3) { };
\node[circle,fill,inner sep=1pt,label=left:{\scriptsize $taut$}] (91) at (0, 4) { };
\node[circle,fill,inner sep=1pt,label=left:{\scriptsize $\%0$}] (92) at (4, 4) { };
\node[circle,fill,inner sep=1pt,label=left:{\scriptsize $\%2$}] (93) at (2, 4) { };
\node[circle,fill,inner sep=1pt,label=left:{\scriptsize $\%3$}] (94) at (1, 4) { };
\node[circle,fill,inner sep=1pt,label=left:{\scriptsize $\%1$}] (95) at (3, 4) { };
\node[circle,fill,inner sep=1pt,label=left:{\scriptsize $taut$}] (96) at (0, 5) { };
\node[circle,fill,inner sep=1pt,label=left:{\scriptsize $\%0$}] (97) at (4, 5) { };
\node[circle,fill,inner sep=1pt,label=left:{\scriptsize $\%1$}] (98) at (3, 5) { };
\node[circle,fill,inner sep=1pt,label=left:{\scriptsize $\%3$}] (99) at (1, 5) { };
\node[circle,fill,inner sep=1pt,label=left:{\scriptsize $\%2$}] (100) at (2, 5) { };
\node[circle,fill,inner sep=1pt,label=left:{\scriptsize $taut$}] (101) at (0, 9) { };
\node[circle,fill,inner sep=1pt,label=left:{\scriptsize $\%0$}] (102) at (4, 9) { };
\node[circle,fill,inner sep=1pt,label=left:{\scriptsize $\%1$}] (103) at (3, 9) { };
\node[circle,fill,inner sep=1pt,label=left:{\scriptsize $\%2$}] (104) at (2, 9) { };
\node[circle,fill,inner sep=1pt,label=left:{\scriptsize $\%3$}] (105) at (1, 9) { };
\node[circle,fill,inner sep=1pt,label=left:{\scriptsize $taut$}] (106) at (0, 7) { };
\node[circle,fill,inner sep=1pt,label=left:{\scriptsize $\%0$}] (107) at (4, 7) { };
\node[circle,fill,inner sep=1pt,label=left:{\scriptsize $\%1$}] (108) at (3, 7) { };
\node[circle,fill,inner sep=1pt,label=left:{\scriptsize $\%2$}] (109) at (2, 7) { };
\node[circle,fill,inner sep=1pt,label=left:{\scriptsize $\%3$}] (110) at (1, 7) { };
\node[circle,fill,inner sep=1pt,label=left:{\scriptsize $taut$}] (111) at (0, 8) { };
\node[circle,fill,inner sep=1pt,label=left:{\scriptsize $\%0$}] (112) at (4, 8) { };
\node[circle,fill,inner sep=1pt,label=left:{\scriptsize $\%2$}] (113) at (2, 8) { };
\node[circle,fill,inner sep=1pt,label=left:{\scriptsize $\%3$}] (114) at (1, 8) { };
\node[circle,fill,inner sep=1pt,label=left:{\scriptsize $\%1$}] (115) at (3, 8) { };
\node[circle,fill,inner sep=1pt,label=left:{\scriptsize $taut$}] (116) at (0, 9) { };
\node[circle,fill,inner sep=1pt,label=left:{\scriptsize $\%0$}] (117) at (4, 9) { };
\node[circle,fill,inner sep=1pt,label=left:{\scriptsize $\%1$}] (118) at (3, 9) { };
\node[circle,fill,inner sep=1pt,label=left:{\scriptsize $\%2$}] (119) at (2, 9) { };
\node[circle,fill,inner sep=1pt,label=left:{\scriptsize $\%3$}] (120) at (1, 9) { };
\node[circle,fill,inner sep=1pt,label=left:{\scriptsize $taut$}] (121) at (0, 10) { };
\node[circle,fill,inner sep=1pt,label=left:{\scriptsize $\%0$}] (122) at (4, 10) { };
\node[circle,fill,inner sep=1pt,label=left:{\scriptsize $\%1$}] (123) at (3, 10) { };
\node[circle,fill,inner sep=1pt,label=left:{\scriptsize $\%2$}] (124) at (2, 10) { };
\node[circle,fill,inner sep=1pt,label=left:{\scriptsize $\%3$}] (125) at (1, 10) { };
\node[circle,fill,inner sep=1pt,label=left:{\scriptsize $taut$}] (126) at (0, 11) { };
\node[circle,fill,inner sep=1pt,label=left:{\scriptsize $\%0$}] (127) at (4, 11) { };
\node[circle,fill,inner sep=1pt,label=left:{\scriptsize $\%1$}] (128) at (3, 11) { };
\node[circle,fill,inner sep=1pt,label=left:{\scriptsize $\%2$}] (129) at (2, 11) { };
\node[circle,fill,inner sep=1pt,label=left:{\scriptsize $\%3$}] (130) at (1, 11) { };
\node[font=\tiny] (note_0) at (-1.5, 5.5) {Jump(3)};
\node[font=\tiny] (note_1) at (-1.5, 6.5) {Block(2)};
\node[font=\tiny] (note_2) at (-1.5, 7.5) {Const(1, 1.0)};
\node[font=\tiny] (note_3) at (-1.5, 8.5) {Jump(3)};
\node[font=\tiny] (note_4) at (-1.5, 9.5) {Block(3)};
\node[font=\tiny] (note_5) at (-1.5, 10.5) {BinOp(3, 1, 0)};
\node[font=\tiny] (note_6) at (-1.5, 1.5) {Conditional(1, [1, 2])};
\node[font=\tiny] (note_7) at (-1.5, 3.5) {Assign(1, 0)};
\node[font=\tiny] (note_8) at (-1.5, 4.5) {Const(2, 3.0)};
\node[font=\tiny] (note_9) at (-1.5, 2.5) {Block(1)};
\node[font=\tiny] (note_10) at (-1.5, 0.5) {Const(0, 1.0)};
		\path[->] (0) edge (5);
		\path[->] (1) edge (7);
		\path[->] (2) edge (8);
		\path[->] (3) edge (9);
		\path[->] (0) edge (6);
		\path[->, bend right] (5) edge (20);
		\path[->, bend right] (6) edge (21);
		\path[->, bend right] (7) edge (22);
		\path[->, bend right] (8) edge (23);
		\path[->, bend right] (9) edge (24);
		\path[->, bend right] (5) edge (40);
		\path[->, bend right] (6) edge (41);
		\path[->, bend right] (7) edge (42);
		\path[->, bend right] (8) edge (43);
		\path[->, bend right] (9) edge (44);
		\path[->] (5) edge (20);
		\path[->] (6) edge (21);
		\path[->] (7) edge (22);
		\path[->] (8) edge (23);
		\path[->] (9) edge (24);
		\path[->] (20) edge (25);
		\path[->] (21) edge (26);
		\path[->] (22) edge (88);
		\path[->] (23) edge (27);
		\path[->] (24) edge (28);
		\path[->] (25) edge (30);
		\path[->] (26) edge (31);
		\path[->] (27) edge (93);
		\path[->] (28) edge (33);
		\path[->] (26) edge (32);
		\path[->] (30) edge (35);
		\path[->] (31) edge (36);
		\path[->] (32) edge (37);
		\path[->] (33) edge (39);
		\path[->] (30) edge (38);
		\path[->, bend right] (35) edge (55);
		\path[->, bend right] (36) edge (56);
		\path[->, bend right] (37) edge (57);
		\path[->, bend right] (38) edge (58);
		\path[->, bend right] (39) edge (59);
		\path[->] (40) edge (45);
		\path[->] (41) edge (46);
		\path[->] (42) edge (108);
		\path[->] (43) edge (47);
		\path[->] (44) edge (48);
		\path[->] (45) edge (50);
		\path[->] (46) edge (51);
		\path[->] (47) edge (53);
		\path[->] (48) edge (54);
		\path[->] (45) edge (52);
		\path[->, bend right] (50) edge (55);
		\path[->, bend right] (51) edge (56);
		\path[->, bend right] (52) edge (57);
		\path[->, bend right] (53) edge (58);
		\path[->, bend right] (54) edge (59);
		\path[->] (55) edge (60);
		\path[->] (56) edge (61);
		\path[->] (57) edge (62);
		\path[->] (58) edge (63);
		\path[->] (59) edge (125);
		\path[->] (60) edge (126);
		\path[->] (61) edge (127);
		\path[->] (62) edge (128);
		\path[->] (63) edge (129);
		\path[->] (62) edge (130);
		\path[->] (61) edge (130);


                \end{tikzpicture}
            \end{document}
