---
source: src/tests/verification/mod.rs
expression: output

---
   \documentclass{standalone}
            \usepackage{pgf, tikz}
            \usetikzlibrary{arrows, automata}
            \begin{document}
                \begin{tikzpicture}
                    [node distance=3cm]
                    \tikzstyle{every state}=[
                        draw = black,
                        thick,
                        fill = white,
                        minimum size = 4mm
                    ]

                    \node[circle,fill,inner sep=1pt,label=left:{\scriptsize $taut$}] (82) at (0, 0) { };
\node[circle,fill,inner sep=1pt,label=left:{\scriptsize $\%0$}] (83) at (4, 0) { };
\node[circle,fill,inner sep=1pt,label=left:{\scriptsize $@0$}] (84) at (2, 0) { };
\node[circle,fill,inner sep=1pt,label=left:{\scriptsize $@1$}] (85) at (1, 0) { };
\node[circle,fill,inner sep=1pt,label=left:{\scriptsize $taut$}] (86) at (0, 0) { };
\node[circle,fill,inner sep=1pt,label=left:{\scriptsize $taut$}] (87) at (0, 1) { };
\node[circle,fill,inner sep=1pt,label=left:{\scriptsize $\%0$}] (88) at (4, 1) { };
\node[circle,fill,inner sep=1pt,label=left:{\scriptsize $\%1$}] (89) at (3, 1) { };
\node[circle,fill,inner sep=1pt,label=left:{\scriptsize $@0$}] (90) at (2, 1) { };
\node[circle,fill,inner sep=1pt,label=left:{\scriptsize $@1$}] (91) at (1, 1) { };
\node[circle,fill,inner sep=1pt,label=left:{\scriptsize $\%1$}] (92) at (3, 1) { };
\node[circle,fill,inner sep=1pt,label=left:{\scriptsize $@0$}] (93) at (2, 1) { };
\node[circle,fill,inner sep=1pt,label=left:{\scriptsize $taut$}] (94) at (0, 2) { };
\node[circle,fill,inner sep=1pt,label=left:{\scriptsize $\%0$}] (95) at (4, 2) { };
\node[circle,fill,inner sep=1pt,label=left:{\scriptsize $\%1$}] (96) at (3, 2) { };
\node[circle,fill,inner sep=1pt,label=left:{\scriptsize $@0$}] (97) at (2, 2) { };
\node[circle,fill,inner sep=1pt,label=left:{\scriptsize $@1$}] (98) at (1, 2) { };
\node[circle,fill,inner sep=1pt,label=left:{\scriptsize $taut$}] (99) at (0, 2) { };
\node[circle,fill,inner sep=1pt,label=left:{\scriptsize $\%0$}] (100) at (4, 2) { };
\node[circle,fill,inner sep=1pt,label=left:{\scriptsize $@0$}] (101) at (2, 2) { };
\node[circle,fill,inner sep=1pt,label=left:{\scriptsize $@1$}] (102) at (1, 2) { };
\node[circle,fill,inner sep=1pt,label=left:{\scriptsize $taut$}] (103) at (0, 2) { };
\node[circle,fill,inner sep=1pt,label=left:{\scriptsize $\%0$}] (104) at (4, 2) { };
\node[circle,fill,inner sep=1pt,label=left:{\scriptsize $@0$}] (105) at (2, 2) { };
\node[circle,fill,inner sep=1pt,label=left:{\scriptsize $@1$}] (106) at (1, 2) { };
\node[circle,fill,inner sep=1pt,label=left:{\scriptsize $taut$}] (171) at (0, 0) { };
\node[circle,fill,inner sep=1pt,label=left:{\scriptsize $@0$}] (181) at (2, 0) { };
\node[circle,fill,inner sep=1pt,label=left:{\scriptsize $@1$}] (183) at (1, 0) { };
\node[circle,fill,inner sep=1pt,label=left:{\scriptsize $@0$}] (187) at (2, 3) { };
\node[circle,fill,inner sep=1pt,label=left:{\scriptsize $@1$}] (189) at (1, 3) { };
\node[circle,fill,inner sep=1pt,label=left:{\scriptsize $taut$}] (193) at (0, 1) { };
\node[circle,fill,inner sep=1pt,label=left:{\scriptsize $\%0$}] (194) at (4, 1) { };
\node[circle,fill,inner sep=1pt,label=left:{\scriptsize $@0$}] (195) at (2, 1) { };
\node[circle,fill,inner sep=1pt,label=left:{\scriptsize $@1$}] (196) at (1, 1) { };
\node[circle,fill,inner sep=1pt,label=left:{\scriptsize $\%1$}] (197) at (3, 1) { };
\node[circle,fill,inner sep=1pt,label=left:{\scriptsize $taut$}] (198) at (0, 2) { };
\node[circle,fill,inner sep=1pt,label=left:{\scriptsize $\%0$}] (199) at (4, 2) { };
\node[circle,fill,inner sep=1pt,label=left:{\scriptsize $\%1$}] (200) at (3, 2) { };
\node[circle,fill,inner sep=1pt,label=left:{\scriptsize $@0$}] (201) at (2, 2) { };
\node[circle,fill,inner sep=1pt,label=left:{\scriptsize $@1$}] (203) at (1, 2) { };
\node[circle,fill,inner sep=1pt,label=left:{\scriptsize $taut$}] (205) at (0, 0) { };
\node[circle,fill,inner sep=1pt,label=left:{\scriptsize $@0$}] (206) at (2, 0) { };
\node[circle,fill,inner sep=1pt,label=left:{\scriptsize $\%0$}] (207) at (4, 2) { };
\node[circle,fill,inner sep=1pt,label=left:{\scriptsize $taut$}] (208) at (0, 3) { };
\node[circle,fill,inner sep=1pt,label=left:{\scriptsize $\%0$}] (209) at (4, 3) { };
\node[circle,fill,inner sep=1pt,label=left:{\scriptsize $\%1$}] (210) at (3, 3) { };
\node[font=\tiny] (note_8) at (-1.5, 0.5) {Const(1, 8.0)};
\node[font=\tiny] (note_9) at (-1.5, 1.5) {Load(0, 0.0, 1)};
\node[font=\tiny] (note_10) at (-1.5, 2.5) {Return([0])};
\node[circle,fill,inner sep=1pt,label=left:{\scriptsize $taut$}] (0) at (4, 0) { };
\node[circle,fill,inner sep=1pt,label=left:{\scriptsize $\%0$}] (1) at (14, 0) { };
\node[circle,fill,inner sep=1pt,label=left:{\scriptsize $\%1$}] (2) at (13, 0) { };
\node[circle,fill,inner sep=1pt,label=left:{\scriptsize $\%2$}] (3) at (12, 0) { };
\node[circle,fill,inner sep=1pt,label=left:{\scriptsize $\%3$}] (4) at (11, 0) { };
\node[circle,fill,inner sep=1pt,label=left:{\scriptsize $\%4$}] (5) at (10, 0) { };
\node[circle,fill,inner sep=1pt,label=left:{\scriptsize $\%5$}] (6) at (9, 0) { };
\node[circle,fill,inner sep=1pt,label=left:{\scriptsize $\%6$}] (7) at (8, 0) { };
\node[circle,fill,inner sep=1pt,label=left:{\scriptsize $\%7$}] (8) at (7, 0) { };
\node[circle,fill,inner sep=1pt,label=left:{\scriptsize $taut$}] (9) at (4, 1) { };
\node[circle,fill,inner sep=1pt,label=left:{\scriptsize $\%1$}] (10) at (13, 1) { };
\node[circle,fill,inner sep=1pt,label=left:{\scriptsize $\%2$}] (11) at (12, 1) { };
\node[circle,fill,inner sep=1pt,label=left:{\scriptsize $\%3$}] (12) at (11, 1) { };
\node[circle,fill,inner sep=1pt,label=left:{\scriptsize $\%4$}] (13) at (10, 1) { };
\node[circle,fill,inner sep=1pt,label=left:{\scriptsize $\%5$}] (14) at (9, 1) { };
\node[circle,fill,inner sep=1pt,label=left:{\scriptsize $\%6$}] (15) at (8, 1) { };
\node[circle,fill,inner sep=1pt,label=left:{\scriptsize $\%7$}] (16) at (7, 1) { };
\node[circle,fill,inner sep=1pt,label=left:{\scriptsize $taut$}] (17) at (4, 1) { };
\node[circle,fill,inner sep=1pt,label=left:{\scriptsize $taut$}] (18) at (4, 2) { };
\node[circle,fill,inner sep=1pt,label=left:{\scriptsize $\%0$}] (19) at (14, 2) { };
\node[circle,fill,inner sep=1pt,label=left:{\scriptsize $\%2$}] (20) at (12, 2) { };
\node[circle,fill,inner sep=1pt,label=left:{\scriptsize $\%3$}] (21) at (11, 2) { };
\node[circle,fill,inner sep=1pt,label=left:{\scriptsize $\%4$}] (22) at (10, 2) { };
\node[circle,fill,inner sep=1pt,label=left:{\scriptsize $\%5$}] (23) at (9, 2) { };
\node[circle,fill,inner sep=1pt,label=left:{\scriptsize $\%6$}] (24) at (8, 2) { };
\node[circle,fill,inner sep=1pt,label=left:{\scriptsize $\%7$}] (25) at (7, 2) { };
\node[circle,fill,inner sep=1pt,label=left:{\scriptsize $taut$}] (26) at (4, 2) { };
\node[circle,fill,inner sep=1pt,label=left:{\scriptsize $taut$}] (27) at (4, 3) { };
\node[circle,fill,inner sep=1pt,label=left:{\scriptsize $\%0$}] (28) at (14, 3) { };
\node[circle,fill,inner sep=1pt,label=left:{\scriptsize $\%1$}] (29) at (13, 3) { };
\node[circle,fill,inner sep=1pt,label=left:{\scriptsize $\%2$}] (30) at (12, 3) { };
\node[circle,fill,inner sep=1pt,label=left:{\scriptsize $\%3$}] (31) at (11, 3) { };
\node[circle,fill,inner sep=1pt,label=left:{\scriptsize $\%4$}] (32) at (10, 3) { };
\node[circle,fill,inner sep=1pt,label=left:{\scriptsize $\%5$}] (33) at (9, 3) { };
\node[circle,fill,inner sep=1pt,label=left:{\scriptsize $\%6$}] (34) at (8, 3) { };
\node[circle,fill,inner sep=1pt,label=left:{\scriptsize $\%7$}] (35) at (7, 3) { };
\node[circle,fill,inner sep=1pt,label=left:{\scriptsize $\%0$}] (36) at (14, 3) { };
\node[circle,fill,inner sep=1pt,label=left:{\scriptsize $\%1$}] (37) at (13, 3) { };
\node[circle,fill,inner sep=1pt,label=left:{\scriptsize $taut$}] (38) at (4, 4) { };
\node[circle,fill,inner sep=1pt,label=left:{\scriptsize $\%0$}] (39) at (14, 4) { };
\node[circle,fill,inner sep=1pt,label=left:{\scriptsize $\%1$}] (40) at (13, 4) { };
\node[circle,fill,inner sep=1pt,label=left:{\scriptsize $\%3$}] (41) at (11, 4) { };
\node[circle,fill,inner sep=1pt,label=left:{\scriptsize $\%4$}] (42) at (10, 4) { };
\node[circle,fill,inner sep=1pt,label=left:{\scriptsize $\%5$}] (43) at (9, 4) { };
\node[circle,fill,inner sep=1pt,label=left:{\scriptsize $\%6$}] (44) at (8, 4) { };
\node[circle,fill,inner sep=1pt,label=left:{\scriptsize $\%7$}] (45) at (7, 4) { };
\node[circle,fill,inner sep=1pt,label=left:{\scriptsize $taut$}] (46) at (4, 4) { };
\node[circle,fill,inner sep=1pt,label=left:{\scriptsize $@0$}] (47) at (6, 4) { };
\node[circle,fill,inner sep=1pt,label=left:{\scriptsize $taut$}] (48) at (4, 5) { };
\node[circle,fill,inner sep=1pt,label=left:{\scriptsize $\%0$}] (49) at (14, 5) { };
\node[circle,fill,inner sep=1pt,label=left:{\scriptsize $\%1$}] (50) at (13, 5) { };
\node[circle,fill,inner sep=1pt,label=left:{\scriptsize $\%2$}] (51) at (12, 5) { };
\node[circle,fill,inner sep=1pt,label=left:{\scriptsize $\%3$}] (52) at (11, 5) { };
\node[circle,fill,inner sep=1pt,label=left:{\scriptsize $\%4$}] (53) at (10, 5) { };
\node[circle,fill,inner sep=1pt,label=left:{\scriptsize $\%5$}] (54) at (9, 5) { };
\node[circle,fill,inner sep=1pt,label=left:{\scriptsize $\%6$}] (55) at (8, 5) { };
\node[circle,fill,inner sep=1pt,label=left:{\scriptsize $\%7$}] (56) at (7, 5) { };
\node[circle,fill,inner sep=1pt,label=left:{\scriptsize $@0$}] (57) at (6, 5) { };
\node[circle,fill,inner sep=1pt,label=left:{\scriptsize $\%0$}] (58) at (14, 5) { };
\node[circle,fill,inner sep=1pt,label=left:{\scriptsize $\%1$}] (59) at (13, 5) { };
\node[circle,fill,inner sep=1pt,label=left:{\scriptsize $taut$}] (60) at (4, 6) { };
\node[circle,fill,inner sep=1pt,label=left:{\scriptsize $\%0$}] (61) at (14, 6) { };
\node[circle,fill,inner sep=1pt,label=left:{\scriptsize $\%1$}] (62) at (13, 6) { };
\node[circle,fill,inner sep=1pt,label=left:{\scriptsize $\%2$}] (63) at (12, 6) { };
\node[circle,fill,inner sep=1pt,label=left:{\scriptsize $\%4$}] (64) at (10, 6) { };
\node[circle,fill,inner sep=1pt,label=left:{\scriptsize $\%5$}] (65) at (9, 6) { };
\node[circle,fill,inner sep=1pt,label=left:{\scriptsize $\%6$}] (66) at (8, 6) { };
\node[circle,fill,inner sep=1pt,label=left:{\scriptsize $\%7$}] (67) at (7, 6) { };
\node[circle,fill,inner sep=1pt,label=left:{\scriptsize $taut$}] (68) at (4, 6) { };
\node[circle,fill,inner sep=1pt,label=left:{\scriptsize $@0$}] (69) at (6, 6) { };
\node[circle,fill,inner sep=1pt,label=left:{\scriptsize $@1$}] (70) at (5, 6) { };
\node[circle,fill,inner sep=1pt,label=left:{\scriptsize $taut$}] (71) at (4, 7) { };
\node[circle,fill,inner sep=1pt,label=left:{\scriptsize $\%0$}] (72) at (14, 7) { };
\node[circle,fill,inner sep=1pt,label=left:{\scriptsize $\%1$}] (73) at (13, 7) { };
\node[circle,fill,inner sep=1pt,label=left:{\scriptsize $\%2$}] (74) at (12, 7) { };
\node[circle,fill,inner sep=1pt,label=left:{\scriptsize $\%3$}] (75) at (11, 7) { };
\node[circle,fill,inner sep=1pt,label=left:{\scriptsize $\%4$}] (76) at (10, 7) { };
\node[circle,fill,inner sep=1pt,label=left:{\scriptsize $\%5$}] (77) at (9, 7) { };
\node[circle,fill,inner sep=1pt,label=left:{\scriptsize $\%6$}] (78) at (8, 7) { };
\node[circle,fill,inner sep=1pt,label=left:{\scriptsize $\%7$}] (79) at (7, 7) { };
\node[circle,fill,inner sep=1pt,label=left:{\scriptsize $@0$}] (80) at (6, 7) { };
\node[circle,fill,inner sep=1pt,label=left:{\scriptsize $@1$}] (81) at (5, 7) { };
\node[circle,fill,inner sep=1pt,label=left:{\scriptsize $taut$}] (107) at (4, 1) { };
\node[circle,fill,inner sep=1pt,label=left:{\scriptsize $\%0$}] (108) at (14, 1) { };
\node[circle,fill,inner sep=1pt,label=left:{\scriptsize $\%1$}] (109) at (13, 1) { };
\node[circle,fill,inner sep=1pt,label=left:{\scriptsize $\%2$}] (110) at (12, 1) { };
\node[circle,fill,inner sep=1pt,label=left:{\scriptsize $\%3$}] (111) at (11, 1) { };
\node[circle,fill,inner sep=1pt,label=left:{\scriptsize $\%4$}] (112) at (10, 1) { };
\node[circle,fill,inner sep=1pt,label=left:{\scriptsize $\%5$}] (113) at (9, 1) { };
\node[circle,fill,inner sep=1pt,label=left:{\scriptsize $\%6$}] (114) at (8, 1) { };
\node[circle,fill,inner sep=1pt,label=left:{\scriptsize $\%7$}] (115) at (7, 1) { };
\node[circle,fill,inner sep=1pt,label=left:{\scriptsize $taut$}] (116) at (4, 2) { };
\node[circle,fill,inner sep=1pt,label=left:{\scriptsize $\%1$}] (117) at (13, 2) { };
\node[circle,fill,inner sep=1pt,label=left:{\scriptsize $\%2$}] (118) at (12, 2) { };
\node[circle,fill,inner sep=1pt,label=left:{\scriptsize $\%3$}] (119) at (11, 2) { };
\node[circle,fill,inner sep=1pt,label=left:{\scriptsize $\%4$}] (120) at (10, 2) { };
\node[circle,fill,inner sep=1pt,label=left:{\scriptsize $\%5$}] (121) at (9, 2) { };
\node[circle,fill,inner sep=1pt,label=left:{\scriptsize $\%6$}] (122) at (8, 2) { };
\node[circle,fill,inner sep=1pt,label=left:{\scriptsize $\%7$}] (123) at (7, 2) { };
\node[circle,fill,inner sep=1pt,label=left:{\scriptsize $\%0$}] (124) at (14, 2) { };
\node[circle,fill,inner sep=1pt,label=left:{\scriptsize $taut$}] (125) at (4, 3) { };
\node[circle,fill,inner sep=1pt,label=left:{\scriptsize $\%0$}] (126) at (14, 3) { };
\node[circle,fill,inner sep=1pt,label=left:{\scriptsize $\%2$}] (127) at (12, 3) { };
\node[circle,fill,inner sep=1pt,label=left:{\scriptsize $\%3$}] (128) at (11, 3) { };
\node[circle,fill,inner sep=1pt,label=left:{\scriptsize $\%4$}] (129) at (10, 3) { };
\node[circle,fill,inner sep=1pt,label=left:{\scriptsize $\%5$}] (130) at (9, 3) { };
\node[circle,fill,inner sep=1pt,label=left:{\scriptsize $\%6$}] (131) at (8, 3) { };
\node[circle,fill,inner sep=1pt,label=left:{\scriptsize $\%7$}] (132) at (7, 3) { };
\node[circle,fill,inner sep=1pt,label=left:{\scriptsize $\%1$}] (133) at (13, 3) { };
\node[circle,fill,inner sep=1pt,label=left:{\scriptsize $taut$}] (134) at (4, 4) { };
\node[circle,fill,inner sep=1pt,label=left:{\scriptsize $\%0$}] (135) at (14, 4) { };
\node[circle,fill,inner sep=1pt,label=left:{\scriptsize $\%1$}] (136) at (13, 4) { };
\node[circle,fill,inner sep=1pt,label=left:{\scriptsize $\%2$}] (137) at (12, 4) { };
\node[circle,fill,inner sep=1pt,label=left:{\scriptsize $\%3$}] (138) at (11, 4) { };
\node[circle,fill,inner sep=1pt,label=left:{\scriptsize $\%4$}] (139) at (10, 4) { };
\node[circle,fill,inner sep=1pt,label=left:{\scriptsize $\%5$}] (140) at (9, 4) { };
\node[circle,fill,inner sep=1pt,label=left:{\scriptsize $\%6$}] (141) at (8, 4) { };
\node[circle,fill,inner sep=1pt,label=left:{\scriptsize $\%7$}] (142) at (7, 4) { };
\node[circle,fill,inner sep=1pt,label=left:{\scriptsize $@0$}] (143) at (6, 4) { };
\node[circle,fill,inner sep=1pt,label=left:{\scriptsize $taut$}] (144) at (4, 5) { };
\node[circle,fill,inner sep=1pt,label=left:{\scriptsize $\%0$}] (145) at (14, 5) { };
\node[circle,fill,inner sep=1pt,label=left:{\scriptsize $\%1$}] (146) at (13, 5) { };
\node[circle,fill,inner sep=1pt,label=left:{\scriptsize $\%3$}] (147) at (11, 5) { };
\node[circle,fill,inner sep=1pt,label=left:{\scriptsize $\%4$}] (148) at (10, 5) { };
\node[circle,fill,inner sep=1pt,label=left:{\scriptsize $\%5$}] (149) at (9, 5) { };
\node[circle,fill,inner sep=1pt,label=left:{\scriptsize $\%6$}] (150) at (8, 5) { };
\node[circle,fill,inner sep=1pt,label=left:{\scriptsize $\%7$}] (151) at (7, 5) { };
\node[circle,fill,inner sep=1pt,label=left:{\scriptsize $taut$}] (152) at (4, 6) { };
\node[circle,fill,inner sep=1pt,label=left:{\scriptsize $\%0$}] (153) at (14, 6) { };
\node[circle,fill,inner sep=1pt,label=left:{\scriptsize $\%1$}] (154) at (13, 6) { };
\node[circle,fill,inner sep=1pt,label=left:{\scriptsize $\%2$}] (155) at (12, 6) { };
\node[circle,fill,inner sep=1pt,label=left:{\scriptsize $\%3$}] (156) at (11, 6) { };
\node[circle,fill,inner sep=1pt,label=left:{\scriptsize $\%4$}] (157) at (10, 6) { };
\node[circle,fill,inner sep=1pt,label=left:{\scriptsize $\%5$}] (158) at (9, 6) { };
\node[circle,fill,inner sep=1pt,label=left:{\scriptsize $\%6$}] (159) at (8, 6) { };
\node[circle,fill,inner sep=1pt,label=left:{\scriptsize $\%7$}] (160) at (7, 6) { };
\node[circle,fill,inner sep=1pt,label=left:{\scriptsize $@0$}] (161) at (6, 6) { };
\node[circle,fill,inner sep=1pt,label=left:{\scriptsize $@1$}] (162) at (5, 6) { };
\node[circle,fill,inner sep=1pt,label=left:{\scriptsize $taut$}] (163) at (4, 7) { };
\node[circle,fill,inner sep=1pt,label=left:{\scriptsize $\%0$}] (164) at (14, 7) { };
\node[circle,fill,inner sep=1pt,label=left:{\scriptsize $\%1$}] (165) at (13, 7) { };
\node[circle,fill,inner sep=1pt,label=left:{\scriptsize $\%2$}] (166) at (12, 7) { };
\node[circle,fill,inner sep=1pt,label=left:{\scriptsize $\%4$}] (167) at (10, 7) { };
\node[circle,fill,inner sep=1pt,label=left:{\scriptsize $\%5$}] (168) at (9, 7) { };
\node[circle,fill,inner sep=1pt,label=left:{\scriptsize $\%6$}] (169) at (8, 7) { };
\node[circle,fill,inner sep=1pt,label=left:{\scriptsize $\%7$}] (170) at (7, 7) { };
\node[circle,fill,inner sep=1pt,label=left:{\scriptsize $taut$}] (172) at (4, 8) { };
\node[circle,fill,inner sep=1pt,label=left:{\scriptsize $\%0$}] (173) at (14, 8) { };
\node[circle,fill,inner sep=1pt,label=left:{\scriptsize $\%1$}] (174) at (13, 8) { };
\node[circle,fill,inner sep=1pt,label=left:{\scriptsize $\%2$}] (175) at (12, 8) { };
\node[circle,fill,inner sep=1pt,label=left:{\scriptsize $\%3$}] (176) at (11, 8) { };
\node[circle,fill,inner sep=1pt,label=left:{\scriptsize $\%4$}] (177) at (10, 8) { };
\node[circle,fill,inner sep=1pt,label=left:{\scriptsize $\%5$}] (178) at (9, 8) { };
\node[circle,fill,inner sep=1pt,label=left:{\scriptsize $\%6$}] (179) at (8, 8) { };
\node[circle,fill,inner sep=1pt,label=left:{\scriptsize $\%7$}] (180) at (7, 8) { };
\node[circle,fill,inner sep=1pt,label=left:{\scriptsize $@0$}] (182) at (6, 8) { };
\node[circle,fill,inner sep=1pt,label=left:{\scriptsize $@1$}] (184) at (5, 8) { };
\node[circle,fill,inner sep=1pt,label=left:{\scriptsize $taut$}] (185) at (4, 5) { };
\node[circle,fill,inner sep=1pt,label=left:{\scriptsize $\%2$}] (186) at (12, 5) { };
\node[circle,fill,inner sep=1pt,label=left:{\scriptsize $@0$}] (188) at (6, 5) { };
\node[circle,fill,inner sep=1pt,label=left:{\scriptsize $@1$}] (190) at (5, 5) { };
\node[circle,fill,inner sep=1pt,label=left:{\scriptsize $taut$}] (191) at (4, 7) { };
\node[circle,fill,inner sep=1pt,label=left:{\scriptsize $\%3$}] (192) at (11, 7) { };
\node[circle,fill,inner sep=1pt,label=left:{\scriptsize $@0$}] (202) at (6, 7) { };
\node[circle,fill,inner sep=1pt,label=left:{\scriptsize $@1$}] (204) at (5, 7) { };
\node[font=\tiny] (note_0) at (2.5, 0.5) {Block(0)};
\node[font=\tiny] (note_1) at (2.5, 1.5) {Const(0, 8.0)};
\node[font=\tiny] (note_2) at (2.5, 2.5) {Const(1, -12345.0)};
\node[font=\tiny] (note_3) at (2.5, 3.5) {Store(1, 0.0, 0)};
\node[font=\tiny] (note_4) at (2.5, 4.5) {Call(1, [], [2])};
\node[font=\tiny] (note_5) at (2.5, 5.5) {Store(1, 1.0, 0)};
\node[font=\tiny] (note_6) at (2.5, 6.5) {Call(1, [], [3])};
\node[font=\tiny] (note_7) at (2.5, 7.5) {Return([])};
		\path[->] (0) edge (9);
		\path[->] (1) edge (108);
		\path[->] (2) edge (10);
		\path[->] (3) edge (11);
		\path[->] (4) edge (12);
		\path[->] (5) edge (13);
		\path[->] (6) edge (14);
		\path[->] (7) edge (15);
		\path[->] (8) edge (16);
		\path[->] (9) edge (18);
		\path[->] (10) edge (117);
		\path[->] (11) edge (20);
		\path[->] (12) edge (21);
		\path[->] (13) edge (22);
		\path[->] (14) edge (23);
		\path[->] (15) edge (24);
		\path[->] (16) edge (25);
		\path[->] (9) edge (19);
		\path[->] (18) edge (27);
		\path[->] (19) edge (28);
		\path[->] (20) edge (30);
		\path[->] (21) edge (31);
		\path[->] (22) edge (32);
		\path[->] (23) edge (33);
		\path[->] (24) edge (34);
		\path[->] (25) edge (35);
		\path[->] (18) edge (29);
		\path[->] (27) edge (38);
		\path[->] (28) edge (39);
		\path[->] (29) edge (40);
		\path[->] (30) edge (137);
		\path[->] (31) edge (41);
		\path[->] (32) edge (42);
		\path[->] (33) edge (43);
		\path[->] (34) edge (44);
		\path[->] (35) edge (45);
		\path[->] (28) edge (47);
		\path[->] (29) edge (47);
		\path[->] (38) edge (48);
		\path[->] (39) edge (49);
		\path[->] (40) edge (50);
		\path[->] (41) edge (52);
		\path[->] (42) edge (53);
		\path[->] (43) edge (54);
		\path[->] (44) edge (55);
		\path[->] (45) edge (56);
		\path[->, green] (38) [bend left] edge node { } (82);
		\path[->, green] (47) [bend left] edge node { } (84);
		\path[->] (48) edge (60);
		\path[->] (49) edge (61);
		\path[->] (50) edge (62);
		\path[->] (51) edge (63);
		\path[->] (52) edge (156);
		\path[->] (53) edge (64);
		\path[->] (54) edge (65);
		\path[->] (55) edge (66);
		\path[->] (56) edge (67);
		\path[->] (57) edge (69);
		\path[->] (49) edge (70);
		\path[->] (50) edge (70);
		\path[->] (60) edge (71);
		\path[->] (61) edge (72);
		\path[->] (62) edge (73);
		\path[->] (63) edge (74);
		\path[->] (64) edge (76);
		\path[->] (65) edge (77);
		\path[->] (66) edge (78);
		\path[->] (67) edge (79);
		\path[->, green] (60) [bend left] edge node { } (82);
		\path[->, green] (69) [bend left] edge node { } (84);
		\path[->, green] (70) [bend left] edge node { } (85);
		\path[->] (71) edge (172);
		\path[->] (72) edge (173);
		\path[->] (73) edge (174);
		\path[->] (74) edge (175);
		\path[->] (75) edge (176);
		\path[->] (76) edge (177);
		\path[->] (77) edge (178);
		\path[->] (78) edge (179);
		\path[->] (79) edge (180);
		\path[->] (80) edge (182);
		\path[->] (81) edge (184);
		\path[->] (82) edge (87);
		\path[->] (83) edge (88);
		\path[->] (84) edge (90);
		\path[->] (85) edge (91);
		\path[->] (82) edge (89);
		\path[->] (87) edge (94);
		\path[->] (88) edge (95);
		\path[->] (89) edge (96);
		\path[->] (90) edge (97);
		\path[->] (91) edge (98);
		\path[->] (89) edge (95);
		\path[->] (90) edge (95);
		\path[->] (94) edge (208);
		\path[->] (95) edge (209);
		\path[->] (96) edge (210);
		\path[->] (97) edge (187);
		\path[->] (98) edge (189);
		\path[->, red] (94) [bend right] edge  node { } (48);
		\path[->, red] (95) [bend right] edge  node { } (51);
		\path[->, red] (97) [bend right] edge  node { } (57);
		\path[->, red] (98) [bend right] edge  node { } (190);
		\path[->, red] (94) [bend right] edge  node { } (71);
		\path[->, red] (95) [bend right] edge  node { } (75);
		\path[->, red] (97) [bend right] edge  node { } (80);
		\path[->, red] (98) [bend right] edge  node { } (81);


                \end{tikzpicture}
            \end{document}
